Archive member included to satisfy reference by file (symbol)

/home/core/edk2-dipper/workspace/Build/XiaomiMI8Pkg/DEBUG_GCC5/AARCH64/ArmPkg/Library/CompilerIntrinsicsLib/CompilerIntrinsicsLib/OUTPUT/CompilerIntrinsicsLib.lib(memcpy.obj)
                              /home/core/edk2/ArmPkg/Library/GccLto/liblto-aarch64.a (memcpy)
/home/core/edk2-dipper/workspace/Build/XiaomiMI8Pkg/DEBUG_GCC5/AARCH64/ArmPkg/Library/CompilerIntrinsicsLib/CompilerIntrinsicsLib/OUTPUT/CompilerIntrinsicsLib.lib(memset.obj)
                              /home/core/edk2/ArmPkg/Library/GccLto/liblto-aarch64.a (memset)
/home/core/edk2-dipper/workspace/Build/XiaomiMI8Pkg/DEBUG_GCC5/AARCH64/MdePkg/Library/UefiDriverEntryPoint/UefiDriverEntryPoint/OUTPUT/UefiDriverEntryPoint.lib(DriverEntryPoint.obj)
                              (_ModuleEntryPoint)
/home/core/edk2-dipper/workspace/Build/XiaomiMI8Pkg/DEBUG_GCC5/AARCH64/MdePkg/Library/BaseStackCheckLib/BaseStackCheckLib/OUTPUT/BaseStackCheckLib.lib(BaseStackCheckGcc.obj)
                              /home/core/edk2/ArmPkg/Library/GccLto/liblto-aarch64.a (__stack_chk_fail)
/home/core/edk2-dipper/workspace/Build/XiaomiMI8Pkg/DEBUG_GCC5/AARCH64/MdeModulePkg/Universal/PCD/Dxe/Pcd/OUTPUT/PcdDxe.lib(AutoGen.obj)
                              DriverEntryPoint.obj (symbol from plugin) (ProcessLibraryConstructorList)
/home/core/edk2-dipper/workspace/Build/XiaomiMI8Pkg/DEBUG_GCC5/AARCH64/MdeModulePkg/Universal/PCD/Dxe/Pcd/OUTPUT/PcdDxe.lib(Pcd.obj)
                              AutoGen.obj (symbol from plugin) (PcdDxeInit)
/home/core/edk2-dipper/workspace/Build/XiaomiMI8Pkg/DEBUG_GCC5/AARCH64/MdeModulePkg/Universal/PCD/Dxe/Pcd/OUTPUT/PcdDxe.lib(Service.obj)
                              Pcd.obj (symbol from plugin) (mPcdDatabase)
/home/core/edk2-dipper/workspace/Build/XiaomiMI8Pkg/DEBUG_GCC5/AARCH64/MdePkg/Library/BaseLib/BaseLib/OUTPUT/BaseLib.lib(CpuDeadLoop.obj)
                              BaseStackCheckGcc.obj (symbol from plugin) (CpuDeadLoop)
/home/core/edk2-dipper/workspace/Build/XiaomiMI8Pkg/DEBUG_GCC5/AARCH64/MdePkg/Library/BaseLib/BaseLib/OUTPUT/BaseLib.lib(LinkedList.obj)
                              Service.obj (symbol from plugin) (InitializeListHead)
/home/core/edk2-dipper/workspace/Build/XiaomiMI8Pkg/DEBUG_GCC5/AARCH64/MdePkg/Library/BaseLib/BaseLib/OUTPUT/BaseLib.lib(SafeString.obj)
                              Service.obj (symbol from plugin) (AsciiStrCatS)
/home/core/edk2-dipper/workspace/Build/XiaomiMI8Pkg/DEBUG_GCC5/AARCH64/MdePkg/Library/BaseLib/BaseLib/OUTPUT/BaseLib.lib(String.obj)
                              Service.obj (symbol from plugin) (StrCmp)
/home/core/edk2-dipper/workspace/Build/XiaomiMI8Pkg/DEBUG_GCC5/AARCH64/MdePkg/Library/BaseLib/BaseLib/OUTPUT/BaseLib.lib(Unaligned.obj)
                              Pcd.obj (symbol from plugin) (ReadUnaligned16)
/home/core/edk2-dipper/workspace/Build/XiaomiMI8Pkg/DEBUG_GCC5/AARCH64/MdePkg/Library/BaseLib/BaseLib/OUTPUT/BaseLib.lib(CpuBreakpoint.obj)
                              BaseStackCheckGcc.obj (symbol from plugin) (CpuBreakpoint)
/home/core/edk2-dipper/workspace/Build/XiaomiMI8Pkg/DEBUG_GCC5/AARCH64/MdePkg/Library/BaseLib/BaseLib/OUTPUT/BaseLib.lib(SwapBytes32.obj)
                              SafeString.obj (symbol from plugin) (SwapBytes32)
/home/core/edk2-dipper/workspace/Build/XiaomiMI8Pkg/DEBUG_GCC5/AARCH64/MdePkg/Library/BaseLib/BaseLib/OUTPUT/BaseLib.lib(SwapBytes16.obj)
                              SafeString.obj (symbol from plugin) (SwapBytes16)
/home/core/edk2-dipper/workspace/Build/XiaomiMI8Pkg/DEBUG_GCC5/AARCH64/MdePkg/Library/BaseLib/BaseLib/OUTPUT/BaseLib.lib(RShiftU64.obj)
                              SafeString.obj (symbol from plugin) (RShiftU64)
/home/core/edk2-dipper/workspace/Build/XiaomiMI8Pkg/DEBUG_GCC5/AARCH64/MdePkg/Library/BaseLib/BaseLib/OUTPUT/BaseLib.lib(MultU64x32.obj)
                              SafeString.obj (symbol from plugin) (MultU64x32)
/home/core/edk2-dipper/workspace/Build/XiaomiMI8Pkg/DEBUG_GCC5/AARCH64/MdePkg/Library/BaseLib/BaseLib/OUTPUT/BaseLib.lib(LShiftU64.obj)
                              SafeString.obj (symbol from plugin) (LShiftU64)
/home/core/edk2-dipper/workspace/Build/XiaomiMI8Pkg/DEBUG_GCC5/AARCH64/MdePkg/Library/BaseLib/BaseLib/OUTPUT/BaseLib.lib(DivU64x32.obj)
                              SafeString.obj (symbol from plugin) (DivU64x32)
/home/core/edk2-dipper/workspace/Build/XiaomiMI8Pkg/DEBUG_GCC5/AARCH64/MdePkg/Library/BaseLib/BaseLib/OUTPUT/BaseLib.lib(Math64.obj)
                              LShiftU64.obj (symbol from plugin) (InternalMathLShiftU64)
/home/core/edk2-dipper/workspace/Build/XiaomiMI8Pkg/DEBUG_GCC5/AARCH64/MdePkg/Library/BaseMemoryLibOptDxe/BaseMemoryLibOptDxe/OUTPUT/BaseMemoryLibOptDxe.lib(MemLibGuid.obj)
                              SafeString.obj (symbol from plugin) (CopyGuid)
/home/core/edk2-dipper/workspace/Build/XiaomiMI8Pkg/DEBUG_GCC5/AARCH64/MdePkg/Library/BaseMemoryLibOptDxe/BaseMemoryLibOptDxe/OUTPUT/BaseMemoryLibOptDxe.lib(ZeroMemWrapper.obj)
                              SafeString.obj (symbol from plugin) (ZeroMem)
/home/core/edk2-dipper/workspace/Build/XiaomiMI8Pkg/DEBUG_GCC5/AARCH64/MdePkg/Library/BaseMemoryLibOptDxe/BaseMemoryLibOptDxe/OUTPUT/BaseMemoryLibOptDxe.lib(CopyMemWrapper.obj)
                              Pcd.obj (symbol from plugin) (CopyMem)
/home/core/edk2-dipper/workspace/Build/XiaomiMI8Pkg/DEBUG_GCC5/AARCH64/MdePkg/Library/BaseMemoryLibOptDxe/BaseMemoryLibOptDxe/OUTPUT/BaseMemoryLibOptDxe.lib(SetMem.obj)
                              ZeroMemWrapper.obj (symbol from plugin) (InternalMemZeroMem)
/home/core/edk2-dipper/workspace/Build/XiaomiMI8Pkg/DEBUG_GCC5/AARCH64/MdePkg/Library/BaseMemoryLibOptDxe/BaseMemoryLibOptDxe/OUTPUT/BaseMemoryLibOptDxe.lib(CopyMem.obj)
                              MemLibGuid.obj (symbol from plugin) (InternalMemCopyMem)
/home/core/edk2-dipper/workspace/Build/XiaomiMI8Pkg/DEBUG_GCC5/AARCH64/MdePkg/Library/BaseMemoryLibOptDxe/BaseMemoryLibOptDxe/OUTPUT/BaseMemoryLibOptDxe.lib(CompareGuid.obj)
                              MemLibGuid.obj (symbol from plugin) (InternalMemCompareGuid)
/home/core/edk2-dipper/workspace/Build/XiaomiMI8Pkg/DEBUG_GCC5/AARCH64/MdePkg/Library/BaseDebugLibSerialPort/BaseDebugLibSerialPort/OUTPUT/BaseDebugLibSerialPort.lib(DebugLib.obj)
                              AutoGen.obj (symbol from plugin) (BaseDebugLibSerialPortConstructor)
/home/core/edk2-dipper/workspace/Build/XiaomiMI8Pkg/DEBUG_GCC5/AARCH64/MdePkg/Library/UefiMemoryAllocationLib/UefiMemoryAllocationLib/OUTPUT/UefiMemoryAllocationLib.lib(MemoryAllocationLib.obj)
                              Service.obj (symbol from plugin) (AllocatePool)
/home/core/edk2-dipper/workspace/Build/XiaomiMI8Pkg/DEBUG_GCC5/AARCH64/MdePkg/Library/UefiBootServicesTableLib/UefiBootServicesTableLib/OUTPUT/UefiBootServicesTableLib.lib(UefiBootServicesTableLib.obj)
                              AutoGen.obj (symbol from plugin) (UefiBootServicesTableLibConstructor)
/home/core/edk2-dipper/workspace/Build/XiaomiMI8Pkg/DEBUG_GCC5/AARCH64/MdePkg/Library/UefiRuntimeServicesTableLib/UefiRuntimeServicesTableLib/OUTPUT/UefiRuntimeServicesTableLib.lib(UefiRuntimeServicesTableLib.obj)
                              AutoGen.obj (symbol from plugin) (UefiRuntimeServicesTableLibConstructor)
/home/core/edk2-dipper/workspace/Build/XiaomiMI8Pkg/DEBUG_GCC5/AARCH64/MdePkg/Library/UefiLib/UefiLib/OUTPUT/UefiLib.lib(UefiLib.obj)
                              AutoGen.obj (symbol from plugin) (UefiLibConstructor)
/home/core/edk2-dipper/workspace/Build/XiaomiMI8Pkg/DEBUG_GCC5/AARCH64/MdePkg/Library/DxeHobLib/DxeHobLib/OUTPUT/DxeHobLib.lib(HobLib.obj)
                              AutoGen.obj (symbol from plugin) (HobLibConstructor)
/home/core/edk2-dipper/workspace/Build/XiaomiMI8Pkg/DEBUG_GCC5/AARCH64/MdePkg/Library/DxeServicesLib/DxeServicesLib/OUTPUT/DxeServicesLib.lib(DxeServicesLib.obj)
                              Service.obj (symbol from plugin) (GetSectionFromFfs)
/home/core/edk2-dipper/workspace/Build/XiaomiMI8Pkg/DEBUG_GCC5/AARCH64/MdePkg/Library/BaseMemoryLibOptDxe/BaseMemoryLibOptDxe/OUTPUT/BaseMemoryLibOptDxe.lib(SetMemWrapper.obj)
                              DebugLib.obj (symbol from plugin) (SetMem)
/home/core/edk2-dipper/workspace/Build/XiaomiMI8Pkg/DEBUG_GCC5/AARCH64/MdePkg/Library/BaseMemoryLibOptDxe/BaseMemoryLibOptDxe/OUTPUT/BaseMemoryLibOptDxe.lib(SetMem64Wrapper.obj)
                              SetMemWrapper.obj (symbol from plugin) (SetMem64)
/home/core/edk2-dipper/workspace/Build/XiaomiMI8Pkg/DEBUG_GCC5/AARCH64/MdePkg/Library/BaseDebugPrintErrorLevelLib/BaseDebugPrintErrorLevelLib/OUTPUT/BaseDebugPrintErrorLevelLib.lib(BaseDebugPrintErrorLevelLib.obj)
                              DebugLib.obj (symbol from plugin) (GetDebugPrintErrorLevel)
/home/core/edk2-dipper/workspace/Build/XiaomiMI8Pkg/DEBUG_GCC5/AARCH64/XiaomiMI8Pkg/Library/FrameBufferSerialPortLib/FrameBufferSerialPortLib/OUTPUT/FrameBufferSerialPortLib.lib(FrameBufferSerialPortLib.obj)
                              DebugLib.obj (symbol from plugin) (SerialPortInitialize)
/home/core/edk2-dipper/workspace/Build/XiaomiMI8Pkg/DEBUG_GCC5/AARCH64/MdePkg/Library/BasePrintLib/BasePrintLib/OUTPUT/BasePrintLib.lib(PrintLib.obj)
                              DebugLib.obj (symbol from plugin) (AsciiVSPrint)
/home/core/edk2-dipper/workspace/Build/XiaomiMI8Pkg/DEBUG_GCC5/AARCH64/MdePkg/Library/BasePrintLib/BasePrintLib/OUTPUT/BasePrintLib.lib(PrintLibInternal.obj)
                              PrintLib.obj (symbol from plugin) (BasePrintLibConvertValueToString)
/home/core/edk2-dipper/workspace/Build/XiaomiMI8Pkg/DEBUG_GCC5/AARCH64/MdePkg/Library/UefiDevicePathLib/UefiDevicePathLib/OUTPUT/UefiDevicePathLib.lib(DevicePathUtilities.obj)
                              UefiLib.obj (symbol from plugin) (DevicePathType)
/home/core/edk2-dipper/workspace/Build/XiaomiMI8Pkg/DEBUG_GCC5/AARCH64/MdePkg/Library/UefiDevicePathLib/UefiDevicePathLib/OUTPUT/UefiDevicePathLib.lib(UefiDevicePathLib.obj)
                              DevicePathUtilities.obj (symbol from plugin) (GetDevicePathSize)
/home/core/edk2-dipper/workspace/Build/XiaomiMI8Pkg/DEBUG_GCC5/AARCH64/MdePkg/Library/UefiDevicePathLib/UefiDevicePathLib/OUTPUT/UefiDevicePathLib.lib(DevicePathToText.obj)
                              UefiDevicePathLib.obj (symbol from plugin) (UefiDevicePathLibConvertDeviceNodeToText)
/home/core/edk2-dipper/workspace/Build/XiaomiMI8Pkg/DEBUG_GCC5/AARCH64/MdePkg/Library/UefiDevicePathLib/UefiDevicePathLib/OUTPUT/UefiDevicePathLib.lib(DevicePathFromText.obj)
                              UefiDevicePathLib.obj (symbol from plugin) (UefiDevicePathLibConvertTextToDeviceNode)
/home/core/edk2-dipper/workspace/Build/XiaomiMI8Pkg/DEBUG_GCC5/AARCH64/MdePkg/Library/UefiLib/UefiLib/OUTPUT/UefiLib.lib(UefiNotTiano.obj)
                              DxeServicesLib.obj (symbol from plugin) (EfiGetNameGuidFromFwVolDevicePathNode)
/home/core/edk2-dipper/workspace/Build/XiaomiMI8Pkg/DEBUG_GCC5/AARCH64/MdePkg/Library/BaseLib/BaseLib/OUTPUT/BaseLib.lib(SwapBytes64.obj)
                              DevicePathFromText.obj (symbol from plugin) (SwapBytes64)
/home/core/edk2-dipper/workspace/Build/XiaomiMI8Pkg/DEBUG_GCC5/AARCH64/MdePkg/Library/BaseLib/BaseLib/OUTPUT/BaseLib.lib(DivU64x32Remainder.obj)
                              PrintLibInternal.obj (symbol from plugin) (DivU64x32Remainder)
/home/core/edk2-dipper/workspace/Build/XiaomiMI8Pkg/DEBUG_GCC5/AARCH64/ArmPkg/Library/ArmLib/ArmBaseLib/OUTPUT/ArmBaseLib.lib(ArmLibSupport.obj)
                              FrameBufferSerialPortLib.obj (symbol from plugin) (ArmGetInterruptState)
/home/core/edk2-dipper/workspace/Build/XiaomiMI8Pkg/DEBUG_GCC5/AARCH64/ArmPkg/Library/ArmLib/ArmBaseLib/OUTPUT/ArmBaseLib.lib(ArmLibSupportV8.obj)
                              FrameBufferSerialPortLib.obj (symbol from plugin) (ArmEnableInterrupts)
/home/core/edk2-dipper/workspace/Build/XiaomiMI8Pkg/DEBUG_GCC5/AARCH64/ArmPkg/Library/ArmCacheMaintenanceLib/ArmCacheMaintenanceLib/OUTPUT/ArmCacheMaintenanceLib.lib(ArmCacheMaintenanceLib.obj)
                              FrameBufferSerialPortLib.obj (symbol from plugin) (WriteBackInvalidateDataCacheRange)
/home/core/edk2-dipper/workspace/Build/XiaomiMI8Pkg/DEBUG_GCC5/AARCH64/ArmPkg/Library/ArmLib/ArmBaseLib/OUTPUT/ArmBaseLib.lib(ArmLib.obj)
                              ArmCacheMaintenanceLib.obj (symbol from plugin) (ArmDataCacheLineLength)
/home/core/edk2-dipper/workspace/Build/XiaomiMI8Pkg/DEBUG_GCC5/AARCH64/ArmPkg/Library/ArmLib/ArmBaseLib/OUTPUT/ArmBaseLib.lib(AArch64Support.obj)
                              ArmCacheMaintenanceLib.obj (symbol from plugin) (ArmInvalidateDataCacheEntryByMVA)

Discarded input sections

 .text          0x0000000000000000       0x10 /home/core/edk2/ArmPkg/Library/GccLto/liblto-aarch64.a
 .data          0x0000000000000000        0x0 /home/core/edk2/ArmPkg/Library/GccLto/liblto-aarch64.a
 .bss           0x0000000000000000        0x0 /home/core/edk2/ArmPkg/Library/GccLto/liblto-aarch64.a
 .text          0x0000000000000000        0x0 /tmp/cc1tgU2X.ltrans0.ltrans.o
 .data          0x0000000000000000        0x0 /tmp/cc1tgU2X.ltrans0.ltrans.o
 .bss           0x0000000000000000        0x0 /tmp/cc1tgU2X.ltrans0.ltrans.o
 .text._DriverUnloadHandler
                0x0000000000000000        0x8 /tmp/cc1tgU2X.ltrans0.ltrans.o
 .text.StrnLenS
                0x0000000000000000       0x7c /tmp/cc1tgU2X.ltrans0.ltrans.o
 .text.IsNodeInList
                0x0000000000000000       0xb0 /tmp/cc1tgU2X.ltrans0.ltrans.o
 .text.__memset
                0x0000000000000000       0x1c /tmp/cc1tgU2X.ltrans0.ltrans.o
 .rodata.IsNodeInList.str1.1
                0x0000000000000000       0x44 /tmp/cc1tgU2X.ltrans0.ltrans.o
 .comment       0x0000000000000000       0x31 /tmp/cc1tgU2X.ltrans0.ltrans.o
 .note.GNU-stack
                0x0000000000000000        0x0 /tmp/cc1tgU2X.ltrans0.ltrans.o
 .text          0x0000000000000000        0x8 /home/core/edk2-dipper/workspace/Build/XiaomiMI8Pkg/DEBUG_GCC5/AARCH64/MdePkg/Library/BaseLib/BaseLib/OUTPUT/BaseLib.lib(CpuBreakpoint.obj)
 .data          0x0000000000000000        0x0 /home/core/edk2-dipper/workspace/Build/XiaomiMI8Pkg/DEBUG_GCC5/AARCH64/MdePkg/Library/BaseLib/BaseLib/OUTPUT/BaseLib.lib(CpuBreakpoint.obj)
 .bss           0x0000000000000000        0x0 /home/core/edk2-dipper/workspace/Build/XiaomiMI8Pkg/DEBUG_GCC5/AARCH64/MdePkg/Library/BaseLib/BaseLib/OUTPUT/BaseLib.lib(CpuBreakpoint.obj)
 .data          0x0000000000000000        0x0 /home/core/edk2-dipper/workspace/Build/XiaomiMI8Pkg/DEBUG_GCC5/AARCH64/MdePkg/Library/BaseMemoryLibOptDxe/BaseMemoryLibOptDxe/OUTPUT/BaseMemoryLibOptDxe.lib(SetMem.obj)
 .bss           0x0000000000000000        0x0 /home/core/edk2-dipper/workspace/Build/XiaomiMI8Pkg/DEBUG_GCC5/AARCH64/MdePkg/Library/BaseMemoryLibOptDxe/BaseMemoryLibOptDxe/OUTPUT/BaseMemoryLibOptDxe.lib(SetMem.obj)
 .data          0x0000000000000000        0x0 /home/core/edk2-dipper/workspace/Build/XiaomiMI8Pkg/DEBUG_GCC5/AARCH64/MdePkg/Library/BaseMemoryLibOptDxe/BaseMemoryLibOptDxe/OUTPUT/BaseMemoryLibOptDxe.lib(CopyMem.obj)
 .bss           0x0000000000000000        0x0 /home/core/edk2-dipper/workspace/Build/XiaomiMI8Pkg/DEBUG_GCC5/AARCH64/MdePkg/Library/BaseMemoryLibOptDxe/BaseMemoryLibOptDxe/OUTPUT/BaseMemoryLibOptDxe.lib(CopyMem.obj)
 .data          0x0000000000000000        0x0 /home/core/edk2-dipper/workspace/Build/XiaomiMI8Pkg/DEBUG_GCC5/AARCH64/MdePkg/Library/BaseMemoryLibOptDxe/BaseMemoryLibOptDxe/OUTPUT/BaseMemoryLibOptDxe.lib(CompareGuid.obj)
 .bss           0x0000000000000000        0x0 /home/core/edk2-dipper/workspace/Build/XiaomiMI8Pkg/DEBUG_GCC5/AARCH64/MdePkg/Library/BaseMemoryLibOptDxe/BaseMemoryLibOptDxe/OUTPUT/BaseMemoryLibOptDxe.lib(CompareGuid.obj)
 .text          0x0000000000000000        0x0 /home/core/edk2-dipper/workspace/Build/XiaomiMI8Pkg/DEBUG_GCC5/AARCH64/ArmPkg/Library/ArmLib/ArmBaseLib/OUTPUT/ArmBaseLib.lib(ArmLibSupport.obj)
 .data          0x0000000000000000        0x0 /home/core/edk2-dipper/workspace/Build/XiaomiMI8Pkg/DEBUG_GCC5/AARCH64/ArmPkg/Library/ArmLib/ArmBaseLib/OUTPUT/ArmBaseLib.lib(ArmLibSupport.obj)
 .bss           0x0000000000000000        0x0 /home/core/edk2-dipper/workspace/Build/XiaomiMI8Pkg/DEBUG_GCC5/AARCH64/ArmPkg/Library/ArmLib/ArmBaseLib/OUTPUT/ArmBaseLib.lib(ArmLibSupport.obj)
 .text.ArmReadMidr
                0x0000000000000000        0x8 /home/core/edk2-dipper/workspace/Build/XiaomiMI8Pkg/DEBUG_GCC5/AARCH64/ArmPkg/Library/ArmLib/ArmBaseLib/OUTPUT/ArmBaseLib.lib(ArmLibSupport.obj)
 .text.ArmGetFiqState
                0x0000000000000000       0x10 /home/core/edk2-dipper/workspace/Build/XiaomiMI8Pkg/DEBUG_GCC5/AARCH64/ArmPkg/Library/ArmLib/ArmBaseLib/OUTPUT/ArmBaseLib.lib(ArmLibSupport.obj)
 .text.ArmWriteCpacr
                0x0000000000000000        0x8 /home/core/edk2-dipper/workspace/Build/XiaomiMI8Pkg/DEBUG_GCC5/AARCH64/ArmPkg/Library/ArmLib/ArmBaseLib/OUTPUT/ArmBaseLib.lib(ArmLibSupport.obj)
 .text.ArmWriteAuxCr
                0x0000000000000000       0x28 /home/core/edk2-dipper/workspace/Build/XiaomiMI8Pkg/DEBUG_GCC5/AARCH64/ArmPkg/Library/ArmLib/ArmBaseLib/OUTPUT/ArmBaseLib.lib(ArmLibSupport.obj)
 .text.ArmReadAuxCr
                0x0000000000000000       0x28 /home/core/edk2-dipper/workspace/Build/XiaomiMI8Pkg/DEBUG_GCC5/AARCH64/ArmPkg/Library/ArmLib/ArmBaseLib/OUTPUT/ArmBaseLib.lib(ArmLibSupport.obj)
 .text.ArmSetTTBR0
                0x0000000000000000       0x34 /home/core/edk2-dipper/workspace/Build/XiaomiMI8Pkg/DEBUG_GCC5/AARCH64/ArmPkg/Library/ArmLib/ArmBaseLib/OUTPUT/ArmBaseLib.lib(ArmLibSupport.obj)
 .text.ArmGetTTBR0BaseAddress
                0x0000000000000000       0x30 /home/core/edk2-dipper/workspace/Build/XiaomiMI8Pkg/DEBUG_GCC5/AARCH64/ArmPkg/Library/ArmLib/ArmBaseLib/OUTPUT/ArmBaseLib.lib(ArmLibSupport.obj)
 .text.ArmGetTCR
                0x0000000000000000       0x34 /home/core/edk2-dipper/workspace/Build/XiaomiMI8Pkg/DEBUG_GCC5/AARCH64/ArmPkg/Library/ArmLib/ArmBaseLib/OUTPUT/ArmBaseLib.lib(ArmLibSupport.obj)
 .text.ArmSetTCR
                0x0000000000000000       0x34 /home/core/edk2-dipper/workspace/Build/XiaomiMI8Pkg/DEBUG_GCC5/AARCH64/ArmPkg/Library/ArmLib/ArmBaseLib/OUTPUT/ArmBaseLib.lib(ArmLibSupport.obj)
 .text.ArmGetMAIR
                0x0000000000000000       0x34 /home/core/edk2-dipper/workspace/Build/XiaomiMI8Pkg/DEBUG_GCC5/AARCH64/ArmPkg/Library/ArmLib/ArmBaseLib/OUTPUT/ArmBaseLib.lib(ArmLibSupport.obj)
 .text.ArmSetMAIR
                0x0000000000000000       0x34 /home/core/edk2-dipper/workspace/Build/XiaomiMI8Pkg/DEBUG_GCC5/AARCH64/ArmPkg/Library/ArmLib/ArmBaseLib/OUTPUT/ArmBaseLib.lib(ArmLibSupport.obj)
 .text.ArmUpdateTranslationTableEntry
                0x0000000000000000       0x54 /home/core/edk2-dipper/workspace/Build/XiaomiMI8Pkg/DEBUG_GCC5/AARCH64/ArmPkg/Library/ArmLib/ArmBaseLib/OUTPUT/ArmBaseLib.lib(ArmLibSupport.obj)
 .text.ArmInvalidateTlb
                0x0000000000000000       0x38 /home/core/edk2-dipper/workspace/Build/XiaomiMI8Pkg/DEBUG_GCC5/AARCH64/ArmPkg/Library/ArmLib/ArmBaseLib/OUTPUT/ArmBaseLib.lib(ArmLibSupport.obj)
 .text.ArmWriteCptr
                0x0000000000000000        0x8 /home/core/edk2-dipper/workspace/Build/XiaomiMI8Pkg/DEBUG_GCC5/AARCH64/ArmPkg/Library/ArmLib/ArmBaseLib/OUTPUT/ArmBaseLib.lib(ArmLibSupport.obj)
 .text.ArmWriteScr
                0x0000000000000000        0xc /home/core/edk2-dipper/workspace/Build/XiaomiMI8Pkg/DEBUG_GCC5/AARCH64/ArmPkg/Library/ArmLib/ArmBaseLib/OUTPUT/ArmBaseLib.lib(ArmLibSupport.obj)
 .text.ArmWriteMVBar
                0x0000000000000000        0x8 /home/core/edk2-dipper/workspace/Build/XiaomiMI8Pkg/DEBUG_GCC5/AARCH64/ArmPkg/Library/ArmLib/ArmBaseLib/OUTPUT/ArmBaseLib.lib(ArmLibSupport.obj)
 .text.ArmCallWFE
                0x0000000000000000        0x8 /home/core/edk2-dipper/workspace/Build/XiaomiMI8Pkg/DEBUG_GCC5/AARCH64/ArmPkg/Library/ArmLib/ArmBaseLib/OUTPUT/ArmBaseLib.lib(ArmLibSupport.obj)
 .text.ArmCallSEV
                0x0000000000000000        0x8 /home/core/edk2-dipper/workspace/Build/XiaomiMI8Pkg/DEBUG_GCC5/AARCH64/ArmPkg/Library/ArmLib/ArmBaseLib/OUTPUT/ArmBaseLib.lib(ArmLibSupport.obj)
 .text.ArmReadCpuActlr
                0x0000000000000000        0x8 /home/core/edk2-dipper/workspace/Build/XiaomiMI8Pkg/DEBUG_GCC5/AARCH64/ArmPkg/Library/ArmLib/ArmBaseLib/OUTPUT/ArmBaseLib.lib(ArmLibSupport.obj)
 .text.ArmWriteCpuActlr
                0x0000000000000000       0x10 /home/core/edk2-dipper/workspace/Build/XiaomiMI8Pkg/DEBUG_GCC5/AARCH64/ArmPkg/Library/ArmLib/ArmBaseLib/OUTPUT/ArmBaseLib.lib(ArmLibSupport.obj)
 .text.ArmReadSctlr
                0x0000000000000000       0x30 /home/core/edk2-dipper/workspace/Build/XiaomiMI8Pkg/DEBUG_GCC5/AARCH64/ArmPkg/Library/ArmLib/ArmBaseLib/OUTPUT/ArmBaseLib.lib(ArmLibSupport.obj)
 .text.ArmWriteSctlr
                0x0000000000000000       0x30 /home/core/edk2-dipper/workspace/Build/XiaomiMI8Pkg/DEBUG_GCC5/AARCH64/ArmPkg/Library/ArmLib/ArmBaseLib/OUTPUT/ArmBaseLib.lib(ArmLibSupport.obj)
 .text.ArmGetPhysicalAddressBits
                0x0000000000000000       0x24 /home/core/edk2-dipper/workspace/Build/XiaomiMI8Pkg/DEBUG_GCC5/AARCH64/ArmPkg/Library/ArmLib/ArmBaseLib/OUTPUT/ArmBaseLib.lib(ArmLibSupport.obj)
 .text          0x0000000000000000        0x0 /home/core/edk2-dipper/workspace/Build/XiaomiMI8Pkg/DEBUG_GCC5/AARCH64/ArmPkg/Library/ArmLib/ArmBaseLib/OUTPUT/ArmBaseLib.lib(ArmLibSupportV8.obj)
 .data          0x0000000000000000        0x0 /home/core/edk2-dipper/workspace/Build/XiaomiMI8Pkg/DEBUG_GCC5/AARCH64/ArmPkg/Library/ArmLib/ArmBaseLib/OUTPUT/ArmBaseLib.lib(ArmLibSupportV8.obj)
 .bss           0x0000000000000000        0x0 /home/core/edk2-dipper/workspace/Build/XiaomiMI8Pkg/DEBUG_GCC5/AARCH64/ArmPkg/Library/ArmLib/ArmBaseLib/OUTPUT/ArmBaseLib.lib(ArmLibSupportV8.obj)
 .text.ArmIsMpCore
                0x0000000000000000       0x14 /home/core/edk2-dipper/workspace/Build/XiaomiMI8Pkg/DEBUG_GCC5/AARCH64/ArmPkg/Library/ArmLib/ArmBaseLib/OUTPUT/ArmBaseLib.lib(ArmLibSupportV8.obj)
 .text.ArmEnableAsynchronousAbort
                0x0000000000000000        0xc /home/core/edk2-dipper/workspace/Build/XiaomiMI8Pkg/DEBUG_GCC5/AARCH64/ArmPkg/Library/ArmLib/ArmBaseLib/OUTPUT/ArmBaseLib.lib(ArmLibSupportV8.obj)
 .text.ArmDisableAsynchronousAbort
                0x0000000000000000        0xc /home/core/edk2-dipper/workspace/Build/XiaomiMI8Pkg/DEBUG_GCC5/AARCH64/ArmPkg/Library/ArmLib/ArmBaseLib/OUTPUT/ArmBaseLib.lib(ArmLibSupportV8.obj)
 .text.ArmEnableIrq
                0x0000000000000000        0xc /home/core/edk2-dipper/workspace/Build/XiaomiMI8Pkg/DEBUG_GCC5/AARCH64/ArmPkg/Library/ArmLib/ArmBaseLib/OUTPUT/ArmBaseLib.lib(ArmLibSupportV8.obj)
 .text.ArmDisableIrq
                0x0000000000000000        0xc /home/core/edk2-dipper/workspace/Build/XiaomiMI8Pkg/DEBUG_GCC5/AARCH64/ArmPkg/Library/ArmLib/ArmBaseLib/OUTPUT/ArmBaseLib.lib(ArmLibSupportV8.obj)
 .text.ArmEnableFiq
                0x0000000000000000        0xc /home/core/edk2-dipper/workspace/Build/XiaomiMI8Pkg/DEBUG_GCC5/AARCH64/ArmPkg/Library/ArmLib/ArmBaseLib/OUTPUT/ArmBaseLib.lib(ArmLibSupportV8.obj)
 .text.ArmDisableFiq
                0x0000000000000000        0xc /home/core/edk2-dipper/workspace/Build/XiaomiMI8Pkg/DEBUG_GCC5/AARCH64/ArmPkg/Library/ArmLib/ArmBaseLib/OUTPUT/ArmBaseLib.lib(ArmLibSupportV8.obj)
 .text.ArmDisableAllExceptions
                0x0000000000000000        0xc /home/core/edk2-dipper/workspace/Build/XiaomiMI8Pkg/DEBUG_GCC5/AARCH64/ArmPkg/Library/ArmLib/ArmBaseLib/OUTPUT/ArmBaseLib.lib(ArmLibSupportV8.obj)
 .text.ReadCCSIDR
                0x0000000000000000       0x10 /home/core/edk2-dipper/workspace/Build/XiaomiMI8Pkg/DEBUG_GCC5/AARCH64/ArmPkg/Library/ArmLib/ArmBaseLib/OUTPUT/ArmBaseLib.lib(ArmLibSupportV8.obj)
 .text.ReadCLIDR
                0x0000000000000000        0x8 /home/core/edk2-dipper/workspace/Build/XiaomiMI8Pkg/DEBUG_GCC5/AARCH64/ArmPkg/Library/ArmLib/ArmBaseLib/OUTPUT/ArmBaseLib.lib(ArmLibSupportV8.obj)
 .text          0x0000000000000000        0x0 /home/core/edk2-dipper/workspace/Build/XiaomiMI8Pkg/DEBUG_GCC5/AARCH64/ArmPkg/Library/ArmLib/ArmBaseLib/OUTPUT/ArmBaseLib.lib(AArch64Support.obj)
 .data          0x0000000000000000        0x0 /home/core/edk2-dipper/workspace/Build/XiaomiMI8Pkg/DEBUG_GCC5/AARCH64/ArmPkg/Library/ArmLib/ArmBaseLib/OUTPUT/ArmBaseLib.lib(AArch64Support.obj)
 .bss           0x0000000000000000        0x0 /home/core/edk2-dipper/workspace/Build/XiaomiMI8Pkg/DEBUG_GCC5/AARCH64/ArmPkg/Library/ArmLib/ArmBaseLib/OUTPUT/ArmBaseLib.lib(AArch64Support.obj)
 .text.ArmInvalidateDataCacheEntryByMVA
                0x0000000000000000        0x8 /home/core/edk2-dipper/workspace/Build/XiaomiMI8Pkg/DEBUG_GCC5/AARCH64/ArmPkg/Library/ArmLib/ArmBaseLib/OUTPUT/ArmBaseLib.lib(AArch64Support.obj)
 .text.ArmCleanDataCacheEntryByMVA
                0x0000000000000000        0x8 /home/core/edk2-dipper/workspace/Build/XiaomiMI8Pkg/DEBUG_GCC5/AARCH64/ArmPkg/Library/ArmLib/ArmBaseLib/OUTPUT/ArmBaseLib.lib(AArch64Support.obj)
 .text.ArmCleanDataCacheEntryToPoUByMVA
                0x0000000000000000        0x8 /home/core/edk2-dipper/workspace/Build/XiaomiMI8Pkg/DEBUG_GCC5/AARCH64/ArmPkg/Library/ArmLib/ArmBaseLib/OUTPUT/ArmBaseLib.lib(AArch64Support.obj)
 .text.ArmInvalidateInstructionCacheEntryToPoUByMVA
                0x0000000000000000        0x8 /home/core/edk2-dipper/workspace/Build/XiaomiMI8Pkg/DEBUG_GCC5/AARCH64/ArmPkg/Library/ArmLib/ArmBaseLib/OUTPUT/ArmBaseLib.lib(AArch64Support.obj)
 .text.ArmInvalidateDataCacheEntryBySetWay
                0x0000000000000000        0x8 /home/core/edk2-dipper/workspace/Build/XiaomiMI8Pkg/DEBUG_GCC5/AARCH64/ArmPkg/Library/ArmLib/ArmBaseLib/OUTPUT/ArmBaseLib.lib(AArch64Support.obj)
 .text.ArmCleanInvalidateDataCacheEntryBySetWay
                0x0000000000000000        0x8 /home/core/edk2-dipper/workspace/Build/XiaomiMI8Pkg/DEBUG_GCC5/AARCH64/ArmPkg/Library/ArmLib/ArmBaseLib/OUTPUT/ArmBaseLib.lib(AArch64Support.obj)
 .text.ArmCleanDataCacheEntryBySetWay
                0x0000000000000000        0x8 /home/core/edk2-dipper/workspace/Build/XiaomiMI8Pkg/DEBUG_GCC5/AARCH64/ArmPkg/Library/ArmLib/ArmBaseLib/OUTPUT/ArmBaseLib.lib(AArch64Support.obj)
 .text.ArmInvalidateInstructionCache
                0x0000000000000000       0x10 /home/core/edk2-dipper/workspace/Build/XiaomiMI8Pkg/DEBUG_GCC5/AARCH64/ArmPkg/Library/ArmLib/ArmBaseLib/OUTPUT/ArmBaseLib.lib(AArch64Support.obj)
 .text.ArmEnableMmu
                0x0000000000000000       0x88 /home/core/edk2-dipper/workspace/Build/XiaomiMI8Pkg/DEBUG_GCC5/AARCH64/ArmPkg/Library/ArmLib/ArmBaseLib/OUTPUT/ArmBaseLib.lib(AArch64Support.obj)
 .text.ArmDisableMmu
                0x0000000000000000       0x74 /home/core/edk2-dipper/workspace/Build/XiaomiMI8Pkg/DEBUG_GCC5/AARCH64/ArmPkg/Library/ArmLib/ArmBaseLib/OUTPUT/ArmBaseLib.lib(AArch64Support.obj)
 .text.ArmDisableCachesAndMmu
                0x0000000000000000       0x6c /home/core/edk2-dipper/workspace/Build/XiaomiMI8Pkg/DEBUG_GCC5/AARCH64/ArmPkg/Library/ArmLib/ArmBaseLib/OUTPUT/ArmBaseLib.lib(AArch64Support.obj)
 .text.ArmMmuEnabled
                0x0000000000000000       0x34 /home/core/edk2-dipper/workspace/Build/XiaomiMI8Pkg/DEBUG_GCC5/AARCH64/ArmPkg/Library/ArmLib/ArmBaseLib/OUTPUT/ArmBaseLib.lib(AArch64Support.obj)
 .text.ArmEnableDataCache
                0x0000000000000000       0x68 /home/core/edk2-dipper/workspace/Build/XiaomiMI8Pkg/DEBUG_GCC5/AARCH64/ArmPkg/Library/ArmLib/ArmBaseLib/OUTPUT/ArmBaseLib.lib(AArch64Support.obj)
 .text.ArmDisableDataCache
                0x0000000000000000       0x68 /home/core/edk2-dipper/workspace/Build/XiaomiMI8Pkg/DEBUG_GCC5/AARCH64/ArmPkg/Library/ArmLib/ArmBaseLib/OUTPUT/ArmBaseLib.lib(AArch64Support.obj)
 .text.ArmEnableInstructionCache
                0x0000000000000000       0x68 /home/core/edk2-dipper/workspace/Build/XiaomiMI8Pkg/DEBUG_GCC5/AARCH64/ArmPkg/Library/ArmLib/ArmBaseLib/OUTPUT/ArmBaseLib.lib(AArch64Support.obj)
 .text.ArmDisableInstructionCache
                0x0000000000000000       0x68 /home/core/edk2-dipper/workspace/Build/XiaomiMI8Pkg/DEBUG_GCC5/AARCH64/ArmPkg/Library/ArmLib/ArmBaseLib/OUTPUT/ArmBaseLib.lib(AArch64Support.obj)
 .text.ArmEnableAlignmentCheck
                0x0000000000000000       0x58 /home/core/edk2-dipper/workspace/Build/XiaomiMI8Pkg/DEBUG_GCC5/AARCH64/ArmPkg/Library/ArmLib/ArmBaseLib/OUTPUT/ArmBaseLib.lib(AArch64Support.obj)
 .text.ArmDisableAlignmentCheck
                0x0000000000000000       0x68 /home/core/edk2-dipper/workspace/Build/XiaomiMI8Pkg/DEBUG_GCC5/AARCH64/ArmPkg/Library/ArmLib/ArmBaseLib/OUTPUT/ArmBaseLib.lib(AArch64Support.obj)
 .text.ArmEnableStackAlignmentCheck
                0x0000000000000000       0x58 /home/core/edk2-dipper/workspace/Build/XiaomiMI8Pkg/DEBUG_GCC5/AARCH64/ArmPkg/Library/ArmLib/ArmBaseLib/OUTPUT/ArmBaseLib.lib(AArch64Support.obj)
 .text.ArmDisableStackAlignmentCheck
                0x0000000000000000       0x68 /home/core/edk2-dipper/workspace/Build/XiaomiMI8Pkg/DEBUG_GCC5/AARCH64/ArmPkg/Library/ArmLib/ArmBaseLib/OUTPUT/ArmBaseLib.lib(AArch64Support.obj)
 .text.ArmEnableBranchPrediction
                0x0000000000000000        0x4 /home/core/edk2-dipper/workspace/Build/XiaomiMI8Pkg/DEBUG_GCC5/AARCH64/ArmPkg/Library/ArmLib/ArmBaseLib/OUTPUT/ArmBaseLib.lib(AArch64Support.obj)
 .text.ArmDisableBranchPrediction
                0x0000000000000000        0x4 /home/core/edk2-dipper/workspace/Build/XiaomiMI8Pkg/DEBUG_GCC5/AARCH64/ArmPkg/Library/ArmLib/ArmBaseLib/OUTPUT/ArmBaseLib.lib(AArch64Support.obj)
 .text.AArch64AllDataCachesOperation
                0x0000000000000000       0xa8 /home/core/edk2-dipper/workspace/Build/XiaomiMI8Pkg/DEBUG_GCC5/AARCH64/ArmPkg/Library/ArmLib/ArmBaseLib/OUTPUT/ArmBaseLib.lib(AArch64Support.obj)
 .text.ArmDataMemoryBarrier
                0x0000000000000000        0x8 /home/core/edk2-dipper/workspace/Build/XiaomiMI8Pkg/DEBUG_GCC5/AARCH64/ArmPkg/Library/ArmLib/ArmBaseLib/OUTPUT/ArmBaseLib.lib(AArch64Support.obj)
 .text.ArmInstructionSynchronizationBarrier
                0x0000000000000000        0x8 /home/core/edk2-dipper/workspace/Build/XiaomiMI8Pkg/DEBUG_GCC5/AARCH64/ArmPkg/Library/ArmLib/ArmBaseLib/OUTPUT/ArmBaseLib.lib(AArch64Support.obj)
 .text.ArmWriteVBar
                0x0000000000000000       0x34 /home/core/edk2-dipper/workspace/Build/XiaomiMI8Pkg/DEBUG_GCC5/AARCH64/ArmPkg/Library/ArmLib/ArmBaseLib/OUTPUT/ArmBaseLib.lib(AArch64Support.obj)
 .text.ArmReadVBar
                0x0000000000000000       0x30 /home/core/edk2-dipper/workspace/Build/XiaomiMI8Pkg/DEBUG_GCC5/AARCH64/ArmPkg/Library/ArmLib/ArmBaseLib/OUTPUT/ArmBaseLib.lib(AArch64Support.obj)
 .text.ArmEnableVFP
                0x0000000000000000       0x64 /home/core/edk2-dipper/workspace/Build/XiaomiMI8Pkg/DEBUG_GCC5/AARCH64/ArmPkg/Library/ArmLib/ArmBaseLib/OUTPUT/ArmBaseLib.lib(AArch64Support.obj)
 .text.ArmCallWFI
                0x0000000000000000        0x8 /home/core/edk2-dipper/workspace/Build/XiaomiMI8Pkg/DEBUG_GCC5/AARCH64/ArmPkg/Library/ArmLib/ArmBaseLib/OUTPUT/ArmBaseLib.lib(AArch64Support.obj)
 .text.ArmReadMpidr
                0x0000000000000000        0x8 /home/core/edk2-dipper/workspace/Build/XiaomiMI8Pkg/DEBUG_GCC5/AARCH64/ArmPkg/Library/ArmLib/ArmBaseLib/OUTPUT/ArmBaseLib.lib(AArch64Support.obj)
 .text.ArmReadTpidrurw
                0x0000000000000000        0x8 /home/core/edk2-dipper/workspace/Build/XiaomiMI8Pkg/DEBUG_GCC5/AARCH64/ArmPkg/Library/ArmLib/ArmBaseLib/OUTPUT/ArmBaseLib.lib(AArch64Support.obj)
 .text.ArmWriteTpidrurw
                0x0000000000000000        0x8 /home/core/edk2-dipper/workspace/Build/XiaomiMI8Pkg/DEBUG_GCC5/AARCH64/ArmPkg/Library/ArmLib/ArmBaseLib/OUTPUT/ArmBaseLib.lib(AArch64Support.obj)
 .text.ArmIsArchTimerImplemented
                0x0000000000000000        0x8 /home/core/edk2-dipper/workspace/Build/XiaomiMI8Pkg/DEBUG_GCC5/AARCH64/ArmPkg/Library/ArmLib/ArmBaseLib/OUTPUT/ArmBaseLib.lib(AArch64Support.obj)
 .text.ArmReadIdPfr0
                0x0000000000000000        0x8 /home/core/edk2-dipper/workspace/Build/XiaomiMI8Pkg/DEBUG_GCC5/AARCH64/ArmPkg/Library/ArmLib/ArmBaseLib/OUTPUT/ArmBaseLib.lib(AArch64Support.obj)
 .text.ArmReadIdPfr1
                0x0000000000000000        0x8 /home/core/edk2-dipper/workspace/Build/XiaomiMI8Pkg/DEBUG_GCC5/AARCH64/ArmPkg/Library/ArmLib/ArmBaseLib/OUTPUT/ArmBaseLib.lib(AArch64Support.obj)
 .text.ArmWriteHcr
                0x0000000000000000        0x8 /home/core/edk2-dipper/workspace/Build/XiaomiMI8Pkg/DEBUG_GCC5/AARCH64/ArmPkg/Library/ArmLib/ArmBaseLib/OUTPUT/ArmBaseLib.lib(AArch64Support.obj)
 .text.ArmReadHcr
                0x0000000000000000        0x8 /home/core/edk2-dipper/workspace/Build/XiaomiMI8Pkg/DEBUG_GCC5/AARCH64/ArmPkg/Library/ArmLib/ArmBaseLib/OUTPUT/ArmBaseLib.lib(AArch64Support.obj)
 .text.ArmReadCurrentEL
                0x0000000000000000        0x8 /home/core/edk2-dipper/workspace/Build/XiaomiMI8Pkg/DEBUG_GCC5/AARCH64/ArmPkg/Library/ArmLib/ArmBaseLib/OUTPUT/ArmBaseLib.lib(AArch64Support.obj)
 .text.ArmReadCntHctl
                0x0000000000000000        0x8 /home/core/edk2-dipper/workspace/Build/XiaomiMI8Pkg/DEBUG_GCC5/AARCH64/ArmPkg/Library/ArmLib/ArmBaseLib/OUTPUT/ArmBaseLib.lib(AArch64Support.obj)
 .text.ArmWriteCntHctl
                0x0000000000000000        0x8 /home/core/edk2-dipper/workspace/Build/XiaomiMI8Pkg/DEBUG_GCC5/AARCH64/ArmPkg/Library/ArmLib/ArmBaseLib/OUTPUT/ArmBaseLib.lib(AArch64Support.obj)

Memory Configuration

Name             Origin             Length             Attributes
*default*        0x0000000000000000 0xffffffffffffffff

Linker script and memory map

LOAD /home/core/edk2/ArmPkg/Library/GccLto/liblto-aarch64.a
LOAD /tmp/cc1tgU2X.ltrans0.ltrans.o
START GROUP
LOAD /home/core/edk2-dipper/workspace/Build/XiaomiMI8Pkg/DEBUG_GCC5/AARCH64/MdePkg/Library/DxePcdLib/DxePcdLib/OUTPUT/DxePcdLib.lib
LOAD /home/core/edk2-dipper/workspace/Build/XiaomiMI8Pkg/DEBUG_GCC5/AARCH64/MdePkg/Library/BaseLib/BaseLib/OUTPUT/BaseLib.lib
LOAD /home/core/edk2-dipper/workspace/Build/XiaomiMI8Pkg/DEBUG_GCC5/AARCH64/MdePkg/Library/BaseMemoryLibOptDxe/BaseMemoryLibOptDxe/OUTPUT/BaseMemoryLibOptDxe.lib
LOAD /home/core/edk2-dipper/workspace/Build/XiaomiMI8Pkg/DEBUG_GCC5/AARCH64/ArmPkg/Library/ArmLib/ArmBaseLib/OUTPUT/ArmBaseLib.lib
LOAD /home/core/edk2-dipper/workspace/Build/XiaomiMI8Pkg/DEBUG_GCC5/AARCH64/ArmPkg/Library/ArmCacheMaintenanceLib/ArmCacheMaintenanceLib/OUTPUT/ArmCacheMaintenanceLib.lib
LOAD /home/core/edk2-dipper/workspace/Build/XiaomiMI8Pkg/DEBUG_GCC5/AARCH64/MdePkg/Library/BaseIoLibIntrinsic/BaseIoLibIntrinsic/OUTPUT/BaseIoLibIntrinsic.lib
LOAD /home/core/edk2-dipper/workspace/Build/XiaomiMI8Pkg/DEBUG_GCC5/AARCH64/ArmPkg/Library/CompilerIntrinsicsLib/CompilerIntrinsicsLib/OUTPUT/CompilerIntrinsicsLib.lib
LOAD /home/core/edk2-dipper/workspace/Build/XiaomiMI8Pkg/DEBUG_GCC5/AARCH64/MdePkg/Library/BaseDebugPrintErrorLevelLib/BaseDebugPrintErrorLevelLib/OUTPUT/BaseDebugPrintErrorLevelLib.lib
LOAD /home/core/edk2-dipper/workspace/Build/XiaomiMI8Pkg/DEBUG_GCC5/AARCH64/XiaomiMI8Pkg/Library/FrameBufferSerialPortLib/FrameBufferSerialPortLib/OUTPUT/FrameBufferSerialPortLib.lib
LOAD /home/core/edk2-dipper/workspace/Build/XiaomiMI8Pkg/DEBUG_GCC5/AARCH64/MdePkg/Library/BasePrintLib/BasePrintLib/OUTPUT/BasePrintLib.lib
LOAD /home/core/edk2-dipper/workspace/Build/XiaomiMI8Pkg/DEBUG_GCC5/AARCH64/MdePkg/Library/BaseDebugLibSerialPort/BaseDebugLibSerialPort/OUTPUT/BaseDebugLibSerialPort.lib
LOAD /home/core/edk2-dipper/workspace/Build/XiaomiMI8Pkg/DEBUG_GCC5/AARCH64/MdePkg/Library/UefiMemoryAllocationLib/UefiMemoryAllocationLib/OUTPUT/UefiMemoryAllocationLib.lib
LOAD /home/core/edk2-dipper/workspace/Build/XiaomiMI8Pkg/DEBUG_GCC5/AARCH64/MdePkg/Library/UefiDevicePathLib/UefiDevicePathLib/OUTPUT/UefiDevicePathLib.lib
LOAD /home/core/edk2-dipper/workspace/Build/XiaomiMI8Pkg/DEBUG_GCC5/AARCH64/MdePkg/Library/UefiBootServicesTableLib/UefiBootServicesTableLib/OUTPUT/UefiBootServicesTableLib.lib
LOAD /home/core/edk2-dipper/workspace/Build/XiaomiMI8Pkg/DEBUG_GCC5/AARCH64/MdePkg/Library/UefiRuntimeServicesTableLib/UefiRuntimeServicesTableLib/OUTPUT/UefiRuntimeServicesTableLib.lib
LOAD /home/core/edk2-dipper/workspace/Build/XiaomiMI8Pkg/DEBUG_GCC5/AARCH64/MdePkg/Library/UefiLib/UefiLib/OUTPUT/UefiLib.lib
LOAD /home/core/edk2-dipper/workspace/Build/XiaomiMI8Pkg/DEBUG_GCC5/AARCH64/MdePkg/Library/DxeHobLib/DxeHobLib/OUTPUT/DxeHobLib.lib
LOAD /home/core/edk2-dipper/workspace/Build/XiaomiMI8Pkg/DEBUG_GCC5/AARCH64/MdePkg/Library/UefiDriverEntryPoint/UefiDriverEntryPoint/OUTPUT/UefiDriverEntryPoint.lib
LOAD /home/core/edk2-dipper/workspace/Build/XiaomiMI8Pkg/DEBUG_GCC5/AARCH64/MdePkg/Library/DxeServicesLib/DxeServicesLib/OUTPUT/DxeServicesLib.lib
LOAD /home/core/edk2-dipper/workspace/Build/XiaomiMI8Pkg/DEBUG_GCC5/AARCH64/MdePkg/Library/BaseStackCheckLib/BaseStackCheckLib/OUTPUT/BaseStackCheckLib.lib
LOAD /home/core/edk2-dipper/workspace/Build/XiaomiMI8Pkg/DEBUG_GCC5/AARCH64/MdeModulePkg/Universal/PCD/Dxe/Pcd/OUTPUT/PcdDxe.lib
END GROUP
                0x0000000000000228                . = PECOFF_HEADER_SIZE

.gnu.version_d  0x0000000000000228        0x0
 .gnu.version_d
                0x0000000000000228        0x0 /home/core/edk2/ArmPkg/Library/GccLto/liblto-aarch64.a

.gnu.version    0x0000000000000228        0x0
 .gnu.version   0x0000000000000228        0x0 /home/core/edk2/ArmPkg/Library/GccLto/liblto-aarch64.a

.gnu.version_r  0x0000000000000228        0x0
 .gnu.version_r
                0x0000000000000228        0x0 /home/core/edk2/ArmPkg/Library/GccLto/liblto-aarch64.a

.text           0x0000000000001000     0x6830
 *(.text .text.* .stub .gnu.linkonce.t.*)
 .text.InternalAllocatePool.constprop.14
                0x0000000000001000       0x6c /tmp/cc1tgU2X.ltrans0.ltrans.o
 .text.BasePrintLibFillBuffer
                0x000000000000106c       0x34 /tmp/cc1tgU2X.ltrans0.ltrans.o
 .text.DebugPrintLevelEnabled
                0x00000000000010a0        0x8 /tmp/cc1tgU2X.ltrans0.ltrans.o
 .text.DebugPrintEnabled
                0x00000000000010a8        0x8 /tmp/cc1tgU2X.ltrans0.ltrans.o
 .text.DebugAssertEnabled
                0x00000000000010b0        0x8 /tmp/cc1tgU2X.ltrans0.ltrans.o
 .text.AsciiStrnLenS
                0x00000000000010b8       0x3c /tmp/cc1tgU2X.ltrans0.ltrans.o
 .text.GetSizeTableIndex
                0x00000000000010f4       0x54 /tmp/cc1tgU2X.ltrans0.ltrans.o
 .text.UpdatePcdDatabase
                0x0000000000001148      0x124 /tmp/cc1tgU2X.ltrans0.ltrans.o
 .text.GetLocalTokenNumber
                0x000000000000126c       0x44 /tmp/cc1tgU2X.ltrans0.ltrans.o
 .text.DxeGetPcdInfoGetSku
                0x00000000000012b0       0x10 /tmp/cc1tgU2X.ltrans0.ltrans.o
 .text.BaseDebugLibSerialPortConstructor
                0x00000000000012c0       0x84 /tmp/cc1tgU2X.ltrans0.ltrans.o
 .text.FbConFlush
                0x0000000000001344       0x54 /tmp/cc1tgU2X.ltrans0.ltrans.o
 .text.SerialPortWrite
                0x0000000000001398      0x414 /tmp/cc1tgU2X.ltrans0.ltrans.o
 .text.DebugAssert
                0x00000000000017ac       0x7c /tmp/cc1tgU2X.ltrans0.ltrans.o
 .text.EfiReleaseLock.constprop.17
                0x0000000000001828       0x6c /tmp/cc1tgU2X.ltrans0.ltrans.o
 .text.EfiAcquireLock.constprop.13
                0x0000000000001894       0x74 /tmp/cc1tgU2X.ltrans0.ltrans.o
 .text.ReadUnaligned16
                0x0000000000001908       0x68 /tmp/cc1tgU2X.ltrans0.ltrans.o
 .text.ReadUnaligned32
                0x0000000000001970       0x5c /tmp/cc1tgU2X.ltrans0.ltrans.o
 .text.ReadUnaligned64
                0x00000000000019cc       0x5c /tmp/cc1tgU2X.ltrans0.ltrans.o
 .text.AsciiStrLen
                0x0000000000001a28       0xa0 /tmp/cc1tgU2X.ltrans0.ltrans.o
 .text.AsciiStrSize
                0x0000000000001ac8       0x18 /tmp/cc1tgU2X.ltrans0.ltrans.o
 .text.StrLen   0x0000000000001ae0       0xbc /tmp/cc1tgU2X.ltrans0.ltrans.o
 .text.StrCmp   0x0000000000001b9c       0xa8 /tmp/cc1tgU2X.ltrans0.ltrans.o
 .text.AsciiStrCatS
                0x0000000000001c44      0x1f4 /tmp/cc1tgU2X.ltrans0.ltrans.o
 .text.BasePrintLibSPrintMarker.constprop.21
                0x0000000000001e38      0xca4 /tmp/cc1tgU2X.ltrans0.ltrans.o
 .text.unlikely.BasePrintLibSPrint.constprop.22
                0x0000000000002adc       0x98 /tmp/cc1tgU2X.ltrans0.ltrans.o
 .text.DebugPrint
                0x0000000000002b74       0xc0 /tmp/cc1tgU2X.ltrans0.ltrans.o
 .text.FreePool
                0x0000000000002c34       0x7c /tmp/cc1tgU2X.ltrans0.ltrans.o
 .text.AsciiSPrint.constprop.19
                0x0000000000002cb0       0xa4 /tmp/cc1tgU2X.ltrans0.ltrans.o
 .text.InitializeListHead
                0x0000000000002d54       0x4c /tmp/cc1tgU2X.ltrans0.ltrans.o
 .text.InternalBaseLibIsListValid
                0x0000000000002da0       0xb8 /tmp/cc1tgU2X.ltrans0.ltrans.o
 .text.RemoveEntryList
                0x0000000000002e58       0x88 /tmp/cc1tgU2X.ltrans0.ltrans.o
 .text.GetFirstNode
                0x0000000000002ee0       0x54 /tmp/cc1tgU2X.ltrans0.ltrans.o
 .text.GetNextNode
                0x0000000000002f34       0x58 /tmp/cc1tgU2X.ltrans0.ltrans.o
 .text.InvokeCallbackOnSet
                0x0000000000002f8c       0xa0 /tmp/cc1tgU2X.ltrans0.ltrans.o
 .text.InsertTailList
                0x000000000000302c       0x6c /tmp/cc1tgU2X.ltrans0.ltrans.o
 .text.VariableLockDynamicHiiPcd
                0x0000000000003098      0x144 /tmp/cc1tgU2X.ltrans0.ltrans.o
 .text.VariableLockCallBack
                0x00000000000031dc       0x7c /tmp/cc1tgU2X.ltrans0.ltrans.o
 .text.SetPtrTypeSize
                0x0000000000003258      0x104 /tmp/cc1tgU2X.ltrans0.ltrans.o
 .text.GetPtrTypeSize
                0x000000000000335c       0xc8 /tmp/cc1tgU2X.ltrans0.ltrans.o
 .text.GetPcdType
                0x0000000000003424       0xa0 /tmp/cc1tgU2X.ltrans0.ltrans.o
 .text.DxePcdGetSize
                0x00000000000034c4       0xec /tmp/cc1tgU2X.ltrans0.ltrans.o
 .text.DxePcdSetSku
                0x00000000000035b0      0x1fc /tmp/cc1tgU2X.ltrans0.ltrans.o
 .text.CopyMem  0x00000000000037ac       0xb0 /tmp/cc1tgU2X.ltrans0.ltrans.o
 .text.GetWorker
                0x000000000000385c      0x39c /tmp/cc1tgU2X.ltrans0.ltrans.o
 .text.DxePcdGetPtr
                0x0000000000003bf8        0x8 /tmp/cc1tgU2X.ltrans0.ltrans.o
 .text.DxePcdGet64
                0x0000000000003c00       0x18 /tmp/cc1tgU2X.ltrans0.ltrans.o
 .text.DxePcdGet32
                0x0000000000003c18       0x18 /tmp/cc1tgU2X.ltrans0.ltrans.o
 .text.DxePcdGet16
                0x0000000000003c30       0x18 /tmp/cc1tgU2X.ltrans0.ltrans.o
 .text.DxePcdGet8
                0x0000000000003c48       0x1c /tmp/cc1tgU2X.ltrans0.ltrans.o
 .text.DxePcdGetBool
                0x0000000000003c64        0x4 /tmp/cc1tgU2X.ltrans0.ltrans.o
 .text.ZeroMem  0x0000000000003c68       0x7c /tmp/cc1tgU2X.ltrans0.ltrans.o
 .text.AllocateZeroPool
                0x0000000000003ce4       0x34 /tmp/cc1tgU2X.ltrans0.ltrans.o
 .text.GetPcdName
                0x0000000000003d18      0x19c /tmp/cc1tgU2X.ltrans0.ltrans.o
 .text.GetDistinctTokenSpace
                0x0000000000003eb4       0xc8 /tmp/cc1tgU2X.ltrans0.ltrans.o
 .text.ScanGuid
                0x0000000000003f7c       0xd0 /tmp/cc1tgU2X.ltrans0.ltrans.o
 .text.GetExPcdTokenNumber
                0x000000000000404c      0x188 /tmp/cc1tgU2X.ltrans0.ltrans.o
 .text.ExGetWorker
                0x00000000000041d4       0x24 /tmp/cc1tgU2X.ltrans0.ltrans.o
 .text.DxePcdGetPtrEx
                0x00000000000041f8        0x8 /tmp/cc1tgU2X.ltrans0.ltrans.o
 .text.DxePcdGet64Ex
                0x0000000000004200       0x18 /tmp/cc1tgU2X.ltrans0.ltrans.o
 .text.DxePcdGet32Ex
                0x0000000000004218       0x18 /tmp/cc1tgU2X.ltrans0.ltrans.o
 .text.DxePcdGet16Ex
                0x0000000000004230       0x18 /tmp/cc1tgU2X.ltrans0.ltrans.o
 .text.DxePcdGet8Ex
                0x0000000000004248       0x1c /tmp/cc1tgU2X.ltrans0.ltrans.o
 .text.DxePcdGetBoolEx
                0x0000000000004264        0x4 /tmp/cc1tgU2X.ltrans0.ltrans.o
 .text.DxeUnRegisterCallBackOnSet
                0x0000000000004268       0xc0 /tmp/cc1tgU2X.ltrans0.ltrans.o
 .text.DxeRegisterCallBackOnSet
                0x0000000000004328       0xe0 /tmp/cc1tgU2X.ltrans0.ltrans.o
 .text.DxePcdGetSizeEx
                0x0000000000004408       0x14 /tmp/cc1tgU2X.ltrans0.ltrans.o
 .text.ExGetNextTokeNumber
                0x000000000000441c      0x10c /tmp/cc1tgU2X.ltrans0.ltrans.o
 .text.DxePcdGetNextToken
                0x0000000000004528      0x150 /tmp/cc1tgU2X.ltrans0.ltrans.o
 .text.ExGetPcdInfo
                0x0000000000004678      0x10c /tmp/cc1tgU2X.ltrans0.ltrans.o
 .text.DxeGetPcdInfo
                0x0000000000004784      0x16c /tmp/cc1tgU2X.ltrans0.ltrans.o
 .text.DxeGetPcdInfoGetInfoEx
                0x00000000000048f0        0x4 /tmp/cc1tgU2X.ltrans0.ltrans.o
 .text.DxeGetPcdInfoGetInfo
                0x00000000000048f4       0x10 /tmp/cc1tgU2X.ltrans0.ltrans.o
 .text.CompareGuid
                0x0000000000004904       0x6c /tmp/cc1tgU2X.ltrans0.ltrans.o
 .text.GetNextGuidHob.constprop.9
                0x0000000000004970       0xa4 /tmp/cc1tgU2X.ltrans0.ltrans.o
 .text.GetHobList
                0x0000000000004a14      0x118 /tmp/cc1tgU2X.ltrans0.ltrans.o
 .text.GetVariableSizeAndDataFromHiiPcd
                0x0000000000004b2c      0x150 /tmp/cc1tgU2X.ltrans0.ltrans.o
 .text.SetWorker
                0x0000000000004c7c      0x548 /tmp/cc1tgU2X.ltrans0.ltrans.o
 .text.ExSetWorker
                0x00000000000051c4       0x74 /tmp/cc1tgU2X.ltrans0.ltrans.o
 .text.DxePcdSetPtrEx
                0x0000000000005238       0x20 /tmp/cc1tgU2X.ltrans0.ltrans.o
 .text.DxePcdSet64Ex
                0x0000000000005258       0x68 /tmp/cc1tgU2X.ltrans0.ltrans.o
 .text.DxePcdSet32Ex
                0x00000000000052c0       0x68 /tmp/cc1tgU2X.ltrans0.ltrans.o
 .text.DxePcdSet8Ex
                0x0000000000005328       0x68 /tmp/cc1tgU2X.ltrans0.ltrans.o
 .text.DxePcdSetBoolEx
                0x0000000000005390        0x4 /tmp/cc1tgU2X.ltrans0.ltrans.o
 .text.DxePcdSetPtr
                0x0000000000005394       0x14 /tmp/cc1tgU2X.ltrans0.ltrans.o
 .text.DxePcdSet64
                0x00000000000053a8       0x5c /tmp/cc1tgU2X.ltrans0.ltrans.o
 .text.DxePcdSet32
                0x0000000000005404       0x5c /tmp/cc1tgU2X.ltrans0.ltrans.o
 .text.DxePcdSet16
                0x0000000000005460       0x5c /tmp/cc1tgU2X.ltrans0.ltrans.o
 .text.DxePcdSet8
                0x00000000000054bc       0x5c /tmp/cc1tgU2X.ltrans0.ltrans.o
 .text.DxePcdSetBool
                0x0000000000005518        0x4 /tmp/cc1tgU2X.ltrans0.ltrans.o
 .text.DxePcdGetNextTokenSpace
                0x000000000000551c      0x234 /tmp/cc1tgU2X.ltrans0.ltrans.o
 .text.DxePcdSet16Ex
                0x0000000000005750       0xc0 /tmp/cc1tgU2X.ltrans0.ltrans.o
 .text.__stack_chk_fail
                0x0000000000005810       0x34 /tmp/cc1tgU2X.ltrans0.ltrans.o
                0x0000000000005810                __stack_chk_fail
 .text._ModuleEntryPoint
                0x0000000000005844      0x804 /tmp/cc1tgU2X.ltrans0.ltrans.o
                0x0000000000005844                _ModuleEntryPoint
 .text.memcpy   0x0000000000006048       0x20 /tmp/cc1tgU2X.ltrans0.ltrans.o
                0x0000000000006048                memcpy
 *fill*         0x0000000000006068        0x8 
 .text          0x0000000000006070      0x200 /home/core/edk2-dipper/workspace/Build/XiaomiMI8Pkg/DEBUG_GCC5/AARCH64/MdePkg/Library/BaseMemoryLibOptDxe/BaseMemoryLibOptDxe/OUTPUT/BaseMemoryLibOptDxe.lib(SetMem.obj)
                0x0000000000006070                InternalMemSetMem16
                0x000000000000607c                InternalMemSetMem32
                0x0000000000006088                InternalMemSetMem64
                0x0000000000006094                InternalMemZeroMem
                0x000000000000609c                InternalMemSetMem
 .text          0x0000000000006270      0x218 /home/core/edk2-dipper/workspace/Build/XiaomiMI8Pkg/DEBUG_GCC5/AARCH64/MdePkg/Library/BaseMemoryLibOptDxe/BaseMemoryLibOptDxe/OUTPUT/BaseMemoryLibOptDxe.lib(CopyMem.obj)
                0x00000000000063dc                InternalMemCopyMem
 *fill*         0x0000000000006488       0x18 
 .text          0x00000000000064a0       0x20 /home/core/edk2-dipper/workspace/Build/XiaomiMI8Pkg/DEBUG_GCC5/AARCH64/MdePkg/Library/BaseMemoryLibOptDxe/BaseMemoryLibOptDxe/OUTPUT/BaseMemoryLibOptDxe.lib(CompareGuid.obj)
                0x00000000000064a0                InternalMemCompareGuid
 .text.ArmCacheInfo
                0x00000000000064c0        0x8 /home/core/edk2-dipper/workspace/Build/XiaomiMI8Pkg/DEBUG_GCC5/AARCH64/ArmPkg/Library/ArmLib/ArmBaseLib/OUTPUT/ArmBaseLib.lib(ArmLibSupport.obj)
                0x00000000000064c0                ArmCacheInfo
 .text.ArmGetInterruptState
                0x00000000000064c8       0x10 /home/core/edk2-dipper/workspace/Build/XiaomiMI8Pkg/DEBUG_GCC5/AARCH64/ArmPkg/Library/ArmLib/ArmBaseLib/OUTPUT/ArmBaseLib.lib(ArmLibSupport.obj)
                0x00000000000064c8                ArmGetInterruptState
 .text.ArmEnableInterrupts
                0x00000000000064d8        0xc /home/core/edk2-dipper/workspace/Build/XiaomiMI8Pkg/DEBUG_GCC5/AARCH64/ArmPkg/Library/ArmLib/ArmBaseLib/OUTPUT/ArmBaseLib.lib(ArmLibSupportV8.obj)
                0x00000000000064d8                ArmEnableInterrupts
 .text.ArmDisableInterrupts
                0x00000000000064e4        0xc /home/core/edk2-dipper/workspace/Build/XiaomiMI8Pkg/DEBUG_GCC5/AARCH64/ArmPkg/Library/ArmLib/ArmBaseLib/OUTPUT/ArmBaseLib.lib(ArmLibSupportV8.obj)
                0x00000000000064e4                ArmDisableInterrupts
 .text.ArmCleanInvalidateDataCacheEntryByMVA
                0x00000000000064f0        0x8 /home/core/edk2-dipper/workspace/Build/XiaomiMI8Pkg/DEBUG_GCC5/AARCH64/ArmPkg/Library/ArmLib/ArmBaseLib/OUTPUT/ArmBaseLib.lib(AArch64Support.obj)
                0x00000000000064f0                ArmCleanInvalidateDataCacheEntryByMVA
 .text.ArmDataSynchronizationBarrier
                0x00000000000064f8        0x8 /home/core/edk2-dipper/workspace/Build/XiaomiMI8Pkg/DEBUG_GCC5/AARCH64/ArmPkg/Library/ArmLib/ArmBaseLib/OUTPUT/ArmBaseLib.lib(AArch64Support.obj)
                0x00000000000064f8                ArmDataSynchronizationBarrier
 *(.rodata .rodata.* .gnu.linkonce.r.*)
 .rodata.SetWorker
                0x0000000000006500        0x8 /tmp/cc1tgU2X.ltrans0.ltrans.o
 .rodata.AsciiStrCatS.str1.1
                0x0000000000006508      0x138 /tmp/cc1tgU2X.ltrans0.ltrans.o
 .rodata.AsciiStrLen.str1.1
                0x0000000000006640       0x7f /tmp/cc1tgU2X.ltrans0.ltrans.o
 .rodata.BasePrintLibSPrintMarker.constprop.21.str1.1
                0x00000000000066bf      0x16f /tmp/cc1tgU2X.ltrans0.ltrans.o
 .rodata.CompareGuid.str1.1
                0x000000000000682e       0x2c /tmp/cc1tgU2X.ltrans0.ltrans.o
 .rodata.CopyMem.str1.1
                0x000000000000685a       0xc5 /tmp/cc1tgU2X.ltrans0.ltrans.o
 .rodata.DebugAssert.str1.1
                0x000000000000691f       0x1f /tmp/cc1tgU2X.ltrans0.ltrans.o
 .rodata.DxeGetPcdInfo.str1.1
                0x000000000000693e       0x18 /tmp/cc1tgU2X.ltrans0.ltrans.o
 .rodata.DxePcdGetNextTokenSpace.str1.1
                0x0000000000006956       0x18 /tmp/cc1tgU2X.ltrans0.ltrans.o
                                         0x15 (size before relaxing)
 .rodata.DxePcdGetSize.str1.1
                0x0000000000006956       0x5f /tmp/cc1tgU2X.ltrans0.ltrans.o
 .rodata.DxePcdSet16Ex.str1.1
                0x00000000000069b5       0x55 /tmp/cc1tgU2X.ltrans0.ltrans.o
 .rodata.DxePcdSetSku.str1.1
                0x0000000000006a0a      0x16e /tmp/cc1tgU2X.ltrans0.ltrans.o
 .rodata.DxeRegisterCallBackOnSet.str1.1
                0x0000000000006b78       0x1d /tmp/cc1tgU2X.ltrans0.ltrans.o
 .rodata.EfiAcquireLock.constprop.13.str1.1
                0x0000000000006b95       0x1e /tmp/cc1tgU2X.ltrans0.ltrans.o
 .rodata.EfiReleaseLock.constprop.17.str1.1
                0x0000000000006bb3       0x4f /tmp/cc1tgU2X.ltrans0.ltrans.o
 .rodata.FreePool.str1.1
                0x0000000000006c02       0x82 /tmp/cc1tgU2X.ltrans0.ltrans.o
 .rodata.GetDistinctTokenSpace.str1.1
                0x0000000000006c84       0x23 /tmp/cc1tgU2X.ltrans0.ltrans.o
 .rodata.GetExPcdTokenNumber.str1.1
                0x0000000000006ca7       0x1a /tmp/cc1tgU2X.ltrans0.ltrans.o
 .rodata.GetFirstNode.str1.1
                0x0000000000006cc1       0x22 /tmp/cc1tgU2X.ltrans0.ltrans.o
 .rodata.GetHobList.str1.1
                0x0000000000006ce3       0x19 /tmp/cc1tgU2X.ltrans0.ltrans.o
 .rodata.GetNextGuidHob.constprop.9.str1.1
                0x0000000000006cfc       0x4b /tmp/cc1tgU2X.ltrans0.ltrans.o
 .rodata.GetPcdName.str1.1
                0x0000000000006d47       0x54 /tmp/cc1tgU2X.ltrans0.ltrans.o
 .rodata.GetWorker.str1.1
                0x0000000000006d9b       0xaa /tmp/cc1tgU2X.ltrans0.ltrans.o
 .rodata.InitializeListHead.str1.1
                0x0000000000006e45       0x4d /tmp/cc1tgU2X.ltrans0.ltrans.o
 .rodata.InternalBaseLibIsListValid.str1.1
                0x0000000000006e92       0x41 /tmp/cc1tgU2X.ltrans0.ltrans.o
                                         0x56 (size before relaxing)
 .rodata.ReadUnaligned16.str1.1
                0x0000000000006ed3       0x4e /tmp/cc1tgU2X.ltrans0.ltrans.o
 .rodata.RemoveEntryList.str1.1
                0x0000000000006f21       0x3b /tmp/cc1tgU2X.ltrans0.ltrans.o
 .rodata.ScanGuid.str1.1
                0x0000000000006f5c       0x9e /tmp/cc1tgU2X.ltrans0.ltrans.o
 .rodata.SetPtrTypeSize.str1.1
                0x0000000000006ffa       0x82 /tmp/cc1tgU2X.ltrans0.ltrans.o
 .rodata.StrCmp.str1.1
                0x000000000000707c       0x37 /tmp/cc1tgU2X.ltrans0.ltrans.o
 .rodata.StrLen.str1.1
                0x00000000000070b3       0x5d /tmp/cc1tgU2X.ltrans0.ltrans.o
 .rodata.VariableLockDynamicHiiPcd.str1.1
                0x0000000000007110       0x39 /tmp/cc1tgU2X.ltrans0.ltrans.o
 .rodata.ZeroMem.str1.1
                0x0000000000007149       0x7a /tmp/cc1tgU2X.ltrans0.ltrans.o
 .rodata._ModuleEntryPoint.str1.1
                0x00000000000071c3      0x2a9 /tmp/cc1tgU2X.ltrans0.ltrans.o
                                        0x2c5 (size before relaxing)
 .rodata.__stack_chk_fail.str1.1
                0x000000000000746c       0x2e /tmp/cc1tgU2X.ltrans0.ltrans.o
 .rodata.mHexStr
                0x000000000000749a       0x10 /tmp/cc1tgU2X.ltrans0.ltrans.o
 *fill*         0x00000000000074aa        0x6 
 .rodata.mStatusString
                0x00000000000074b0      0x138 /tmp/cc1tgU2X.ltrans0.ltrans.o
 .rodata.str1.1
                0x00000000000075e8      0x224 /tmp/cc1tgU2X.ltrans0.ltrans.o
                                        0x235 (size before relaxing)
 *(.got .got.*)
 *fill*         0x000000000000780c        0x4 
 .got           0x0000000000007810        0x8 /home/core/edk2/ArmPkg/Library/GccLto/liblto-aarch64.a
                0x0000000000007810                _GLOBAL_OFFSET_TABLE_
 .got.plt       0x0000000000007818       0x18 /home/core/edk2/ArmPkg/Library/GccLto/liblto-aarch64.a
 *:AutoGen.obj(.data.g*Guid)

.plt            0x0000000000007830        0x0
 .plt           0x0000000000007830        0x0 /home/core/edk2/ArmPkg/Library/GccLto/liblto-aarch64.a

.data           0x0000000000008000      0x678
 *(.data .data.* .gnu.linkonce.d.*)
 .data.rel.ro   0x0000000000008000        0x0 /home/core/edk2/ArmPkg/Library/GccLto/liblto-aarch64.a
 .data.__stack_chk_guard
                0x0000000000008000        0x8 /tmp/cc1tgU2X.ltrans0.ltrans.o
                0x0000000000008000                __stack_chk_guard
 .data.font5x12
                0x0000000000008008      0x300 /tmp/cc1tgU2X.ltrans0.ltrans.o
 .data.gEdkiiVariableLockProtocolGuid
                0x0000000000008308       0x10 /tmp/cc1tgU2X.ltrans0.ltrans.o
 .data.gEfiCallerIdGuid
                0x0000000000008318       0x10 /tmp/cc1tgU2X.ltrans0.ltrans.o
 .data.gEfiFirmwareVolume2ProtocolGuid
                0x0000000000008328       0x10 /tmp/cc1tgU2X.ltrans0.ltrans.o
 .data.gEfiGetPcdInfoProtocolGuid
                0x0000000000008338       0x10 /tmp/cc1tgU2X.ltrans0.ltrans.o
 .data.gEfiHobListGuid
                0x0000000000008348       0x10 /tmp/cc1tgU2X.ltrans0.ltrans.o
 .data.gEfiLoadedImageProtocolGuid
                0x0000000000008358       0x10 /tmp/cc1tgU2X.ltrans0.ltrans.o
 .data.gEfiMdeModulePkgTokenSpaceGuid
                0x0000000000008368       0x10 /tmp/cc1tgU2X.ltrans0.ltrans.o
 .data.gEfiPcdProtocolGuid
                0x0000000000008378       0x10 /tmp/cc1tgU2X.ltrans0.ltrans.o
 .data.gGetPcdInfoProtocolGuid
                0x0000000000008388       0x10 /tmp/cc1tgU2X.ltrans0.ltrans.o
 .data.gPcdDataBaseHobGuid
                0x0000000000008398       0x10 /tmp/cc1tgU2X.ltrans0.ltrans.o
 .data.gPcdDataBaseSignatureGuid
                0x00000000000083a8       0x10 /tmp/cc1tgU2X.ltrans0.ltrans.o
 .data.gPcdProtocolGuid
                0x00000000000083b8       0x10 /tmp/cc1tgU2X.ltrans0.ltrans.o
 .data.mEfiGetPcdInfoInstance
                0x00000000000083c8       0x10 /tmp/cc1tgU2X.ltrans0.ltrans.o
 .data.mEfiPcdInstance
                0x00000000000083d8       0x90 /tmp/cc1tgU2X.ltrans0.ltrans.o
 .data.mGetPcdInfoInstance
                0x0000000000008468       0x18 /tmp/cc1tgU2X.ltrans0.ltrans.o
 .data.mPcdDatabaseLock
                0x0000000000008480       0x18 /tmp/cc1tgU2X.ltrans0.ltrans.o
 .data.mPcdInstance
                0x0000000000008498       0xf8 /tmp/cc1tgU2X.ltrans0.ltrans.o
 *(.bss .bss.*)
 .bss.TmpTokenSpaceBuffer
                0x0000000000008590        0x8 /tmp/cc1tgU2X.ltrans0.ltrans.o
 .bss.TmpTokenSpaceBufferCount
                0x0000000000008598        0x8 /tmp/cc1tgU2X.ltrans0.ltrans.o
 .bss.gBS       0x00000000000085a0        0x8 /tmp/cc1tgU2X.ltrans0.ltrans.o
 .bss.gImageHandle
                0x00000000000085a8        0x8 /tmp/cc1tgU2X.ltrans0.ltrans.o
 .bss.gRT       0x00000000000085b0        0x8 /tmp/cc1tgU2X.ltrans0.ltrans.o
 .bss.gST       0x00000000000085b8        0x8 /tmp/cc1tgU2X.ltrans0.ltrans.o
 .bss.mCallbackFnTable
                0x00000000000085c0        0x8 /tmp/cc1tgU2X.ltrans0.ltrans.o
 .bss.mDxeExMapTableEmpty
                0x00000000000085c8        0x1 /tmp/cc1tgU2X.ltrans0.ltrans.o
 *fill*         0x00000000000085c9        0x3 
 .bss.mDxeExMapppingTableSize
                0x00000000000085cc        0x4 /tmp/cc1tgU2X.ltrans0.ltrans.o
 .bss.mDxeGuidTableSize
                0x00000000000085d0        0x4 /tmp/cc1tgU2X.ltrans0.ltrans.o
 .bss.mDxeLocalTokenCount
                0x00000000000085d4        0x4 /tmp/cc1tgU2X.ltrans0.ltrans.o
 .bss.mDxeNexTokenCount
                0x00000000000085d8        0x4 /tmp/cc1tgU2X.ltrans0.ltrans.o
 *fill*         0x00000000000085dc        0x4 
 .bss.mDxePcdDbBinary
                0x00000000000085e0        0x8 /tmp/cc1tgU2X.ltrans0.ltrans.o
 .bss.mDxePcdDbSize
                0x00000000000085e8        0x8 /tmp/cc1tgU2X.ltrans0.ltrans.o
 .bss.mHobList  0x00000000000085f0        0x8 /tmp/cc1tgU2X.ltrans0.ltrans.o
 .bss.mPcdDatabase
                0x00000000000085f8       0x10 /tmp/cc1tgU2X.ltrans0.ltrans.o
 .bss.mPcdHandle
                0x0000000000008608        0x8 /tmp/cc1tgU2X.ltrans0.ltrans.o
 .bss.mPcdTotalTokenCount
                0x0000000000008610        0x4 /tmp/cc1tgU2X.ltrans0.ltrans.o
 .bss.mPeiDatabaseEmpty
                0x0000000000008614        0x1 /tmp/cc1tgU2X.ltrans0.ltrans.o
 .bss.mPeiExMapTableEmpty
                0x0000000000008615        0x1 /tmp/cc1tgU2X.ltrans0.ltrans.o
 *fill*         0x0000000000008616        0x2 
 .bss.mPeiExMapppingTableSize
                0x0000000000008618        0x4 /tmp/cc1tgU2X.ltrans0.ltrans.o
 .bss.mPeiGuidTableSize
                0x000000000000861c        0x4 /tmp/cc1tgU2X.ltrans0.ltrans.o
 .bss.mPeiLocalTokenCount
                0x0000000000008620        0x4 /tmp/cc1tgU2X.ltrans0.ltrans.o
 .bss.mPeiNexTokenCount
                0x0000000000008624        0x4 /tmp/cc1tgU2X.ltrans0.ltrans.o
 .bss.mPeiPcdDbBinary
                0x0000000000008628        0x8 /tmp/cc1tgU2X.ltrans0.ltrans.o
 .bss.mPeiPcdDbSize
                0x0000000000008630        0x8 /tmp/cc1tgU2X.ltrans0.ltrans.o
 .bss.mVpdBaseAddress
                0x0000000000008638        0x8 /tmp/cc1tgU2X.ltrans0.ltrans.o
 .bss.m_Color   0x0000000000008640       0x10 /tmp/cc1tgU2X.ltrans0.ltrans.o
 .bss.m_Initialized
                0x0000000000008650        0x1 /tmp/cc1tgU2X.ltrans0.ltrans.o
 *fill*         0x0000000000008651        0x7 
 .bss.m_MaxPosition
                0x0000000000008658       0x10 /tmp/cc1tgU2X.ltrans0.ltrans.o
 .bss.m_Position
                0x0000000000008668       0x10 /tmp/cc1tgU2X.ltrans0.ltrans.o

.dynbss         0x0000000000008678        0x0
 .dynbss        0x0000000000008678        0x0 /home/core/edk2/ArmPkg/Library/GccLto/liblto-aarch64.a

.eh_frame
 *(.eh_frame)

.rela           0x0000000000008678      0x8b8
 *(.rela .rela.*)
 .rela.got      0x0000000000008678        0x0 /home/core/edk2/ArmPkg/Library/GccLto/liblto-aarch64.a
 .rela.plt      0x0000000000008678        0x0 /home/core/edk2/ArmPkg/Library/GccLto/liblto-aarch64.a
 .rela.bss      0x0000000000008678        0x0 /home/core/edk2/ArmPkg/Library/GccLto/liblto-aarch64.a
 .rela.data.rel.ro
                0x0000000000008678        0x0 /home/core/edk2/ArmPkg/Library/GccLto/liblto-aarch64.a
 .rela.ifunc    0x0000000000008678        0x0 /home/core/edk2/ArmPkg/Library/GccLto/liblto-aarch64.a
 .rela.data.mEfiGetPcdInfoInstance
                0x0000000000008678       0x30 /home/core/edk2/ArmPkg/Library/GccLto/liblto-aarch64.a
 .rela.data.mEfiPcdInstance
                0x00000000000086a8      0x1b0 /home/core/edk2/ArmPkg/Library/GccLto/liblto-aarch64.a
 .rela.data.mGetPcdInfoInstance
                0x0000000000008858       0x48 /home/core/edk2/ArmPkg/Library/GccLto/liblto-aarch64.a
 .rela.data.mPcdInstance
                0x00000000000088a0      0x2e8 /home/core/edk2/ArmPkg/Library/GccLto/liblto-aarch64.a
 .rela.rodata.mStatusString
                0x0000000000008b88      0x3a8 /home/core/edk2/ArmPkg/Library/GccLto/liblto-aarch64.a

.hii
 *(.hii)

.build-id       0x0000000000008f30       0x24
 *(.note.gnu.build-id)
 .note.gnu.build-id
                0x0000000000008f30       0x24 /home/core/edk2/ArmPkg/Library/GccLto/liblto-aarch64.a

/DISCARD/
 *(.note.GNU-stack)
 *(.gnu_debuglink)
 *(.interp)
 *(.dynsym)
 *(.dynstr)
 *(.dynamic)
 *(.hash .gnu.hash)
 *(.comment)
 *(COMMON)
                0x0000000000000228                PECOFF_HEADER_SIZE = 0x228
OUTPUT(/home/core/edk2-dipper/workspace/Build/XiaomiMI8Pkg/DEBUG_GCC5/AARCH64/MdeModulePkg/Universal/PCD/Dxe/Pcd/DEBUG/PcdDxe.dll elf64-littleaarch64)

.debug_info     0x0000000000000000     0xaa3b
 .debug_info    0x0000000000000000     0xaa3b /tmp/cc1tgU2X.ltrans0.ltrans.o

.debug_abbrev   0x0000000000000000      0x68a
 .debug_abbrev  0x0000000000000000      0x68a /tmp/cc1tgU2X.ltrans0.ltrans.o

.debug_loc      0x0000000000000000     0xae7c
 .debug_loc     0x0000000000000000     0xae7c /tmp/cc1tgU2X.ltrans0.ltrans.o

.debug_aranges  0x0000000000000000      0x610
 .debug_aranges
                0x0000000000000000      0x610 /tmp/cc1tgU2X.ltrans0.ltrans.o

.debug_ranges   0x0000000000000000      0xd60
 .debug_ranges  0x0000000000000000      0xd60 /tmp/cc1tgU2X.ltrans0.ltrans.o

.debug_line     0x0000000000000000     0x1e9f
 .debug_line    0x0000000000000000     0x1e9f /tmp/cc1tgU2X.ltrans0.ltrans.o

.debug_str      0x0000000000000000     0x363f
 .debug_str     0x0000000000000000     0x363f /tmp/cc1tgU2X.ltrans0.ltrans.o
                                       0x3ccb (size before relaxing)

.debug_frame    0x0000000000000000     0x1300
 .debug_frame   0x0000000000000000     0x1300 /tmp/cc1tgU2X.ltrans0.ltrans.o
