Archive member included to satisfy reference by file (symbol)

/home/core/edk2-dipper/workspace/Build/XiaomiMI8Pkg/DEBUG_GCC5/AARCH64/ArmPkg/Library/CompilerIntrinsicsLib/CompilerIntrinsicsLib/OUTPUT/CompilerIntrinsicsLib.lib(memcpy.obj)
                              /home/core/edk2/ArmPkg/Library/GccLto/liblto-aarch64.a (memcpy)
/home/core/edk2-dipper/workspace/Build/XiaomiMI8Pkg/DEBUG_GCC5/AARCH64/ArmPkg/Library/CompilerIntrinsicsLib/CompilerIntrinsicsLib/OUTPUT/CompilerIntrinsicsLib.lib(memset.obj)
                              /home/core/edk2/ArmPkg/Library/GccLto/liblto-aarch64.a (memset)
/home/core/edk2-dipper/workspace/Build/XiaomiMI8Pkg/DEBUG_GCC5/AARCH64/MdePkg/Library/UefiDriverEntryPoint/UefiDriverEntryPoint/OUTPUT/UefiDriverEntryPoint.lib(DriverEntryPoint.obj)
                              (_ModuleEntryPoint)
/home/core/edk2-dipper/workspace/Build/XiaomiMI8Pkg/DEBUG_GCC5/AARCH64/MdePkg/Library/BaseStackCheckLib/BaseStackCheckLib/OUTPUT/BaseStackCheckLib.lib(BaseStackCheckGcc.obj)
                              /home/core/edk2/ArmPkg/Library/GccLto/liblto-aarch64.a (__stack_chk_fail)
/home/core/edk2-dipper/workspace/Build/XiaomiMI8Pkg/DEBUG_GCC5/AARCH64/MdeModulePkg/Universal/Console/ConSplitterDxe/ConSplitterDxe/OUTPUT/ConSplitterDxe.lib(AutoGen.obj)
                              DriverEntryPoint.obj (symbol from plugin) (ProcessLibraryConstructorList)
/home/core/edk2-dipper/workspace/Build/XiaomiMI8Pkg/DEBUG_GCC5/AARCH64/MdeModulePkg/Universal/Console/ConSplitterDxe/ConSplitterDxe/OUTPUT/ConSplitterDxe.lib(ConSplitter.obj)
                              AutoGen.obj (symbol from plugin) (ConSplitterDriverEntry)
/home/core/edk2-dipper/workspace/Build/XiaomiMI8Pkg/DEBUG_GCC5/AARCH64/MdeModulePkg/Universal/Console/ConSplitterDxe/ConSplitterDxe/OUTPUT/ConSplitterDxe.lib(ConSplitterGraphics.obj)
                              ConSplitter.obj (symbol from plugin) (ConSplitterGraphicsOutputQueryMode)
/home/core/edk2-dipper/workspace/Build/XiaomiMI8Pkg/DEBUG_GCC5/AARCH64/MdeModulePkg/Universal/Console/ConSplitterDxe/ConSplitterDxe/OUTPUT/ConSplitterDxe.lib(ComponentName.obj)
                              ConSplitter.obj (symbol from plugin) (gConSplitterConInComponentName)
/home/core/edk2-dipper/workspace/Build/XiaomiMI8Pkg/DEBUG_GCC5/AARCH64/MdePkg/Library/BaseLib/BaseLib/OUTPUT/BaseLib.lib(MultU64x64.obj)
                              ConSplitter.obj (symbol from plugin) (MultU64x64)
/home/core/edk2-dipper/workspace/Build/XiaomiMI8Pkg/DEBUG_GCC5/AARCH64/MdePkg/Library/BaseLib/BaseLib/OUTPUT/BaseLib.lib(DivU64x64Remainder.obj)
                              ConSplitter.obj (symbol from plugin) (DivU64x64Remainder)
/home/core/edk2-dipper/workspace/Build/XiaomiMI8Pkg/DEBUG_GCC5/AARCH64/MdePkg/Library/BaseLib/BaseLib/OUTPUT/BaseLib.lib(CpuDeadLoop.obj)
                              BaseStackCheckGcc.obj (symbol from plugin) (CpuDeadLoop)
/home/core/edk2-dipper/workspace/Build/XiaomiMI8Pkg/DEBUG_GCC5/AARCH64/MdePkg/Library/BaseLib/BaseLib/OUTPUT/BaseLib.lib(LinkedList.obj)
                              ConSplitter.obj (symbol from plugin) (InitializeListHead)
/home/core/edk2-dipper/workspace/Build/XiaomiMI8Pkg/DEBUG_GCC5/AARCH64/MdePkg/Library/BaseLib/BaseLib/OUTPUT/BaseLib.lib(Math64.obj)
                              MultU64x64.obj (symbol from plugin) (InternalMathMultU64x64)
/home/core/edk2-dipper/workspace/Build/XiaomiMI8Pkg/DEBUG_GCC5/AARCH64/MdePkg/Library/BaseLib/BaseLib/OUTPUT/BaseLib.lib(CpuBreakpoint.obj)
                              BaseStackCheckGcc.obj (symbol from plugin) (CpuBreakpoint)
/home/core/edk2-dipper/workspace/Build/XiaomiMI8Pkg/DEBUG_GCC5/AARCH64/MdePkg/Library/BaseLib/BaseLib/OUTPUT/BaseLib.lib(SwapBytes32.obj)
                              Math64.obj (symbol from plugin) (SwapBytes32)
/home/core/edk2-dipper/workspace/Build/XiaomiMI8Pkg/DEBUG_GCC5/AARCH64/MdePkg/Library/BaseLib/BaseLib/OUTPUT/BaseLib.lib(SwapBytes16.obj)
                              SwapBytes32.obj (symbol from plugin) (SwapBytes16)
/home/core/edk2-dipper/workspace/Build/XiaomiMI8Pkg/DEBUG_GCC5/AARCH64/MdePkg/Library/BaseMemoryLibOptDxe/BaseMemoryLibOptDxe/OUTPUT/BaseMemoryLibOptDxe.lib(ZeroMemWrapper.obj)
                              ConSplitter.obj (symbol from plugin) (ZeroMem)
/home/core/edk2-dipper/workspace/Build/XiaomiMI8Pkg/DEBUG_GCC5/AARCH64/MdePkg/Library/BaseMemoryLibOptDxe/BaseMemoryLibOptDxe/OUTPUT/BaseMemoryLibOptDxe.lib(SetMemWrapper.obj)
                              ConSplitter.obj (symbol from plugin) (SetMem)
/home/core/edk2-dipper/workspace/Build/XiaomiMI8Pkg/DEBUG_GCC5/AARCH64/MdePkg/Library/BaseMemoryLibOptDxe/BaseMemoryLibOptDxe/OUTPUT/BaseMemoryLibOptDxe.lib(CopyMemWrapper.obj)
                              ConSplitter.obj (symbol from plugin) (CopyMem)
/home/core/edk2-dipper/workspace/Build/XiaomiMI8Pkg/DEBUG_GCC5/AARCH64/MdePkg/Library/BaseMemoryLibOptDxe/BaseMemoryLibOptDxe/OUTPUT/BaseMemoryLibOptDxe.lib(SetMem.obj)
                              ZeroMemWrapper.obj (symbol from plugin) (InternalMemZeroMem)
/home/core/edk2-dipper/workspace/Build/XiaomiMI8Pkg/DEBUG_GCC5/AARCH64/MdePkg/Library/BaseMemoryLibOptDxe/BaseMemoryLibOptDxe/OUTPUT/BaseMemoryLibOptDxe.lib(CopyMem.obj)
                              CopyMemWrapper.obj (symbol from plugin) (InternalMemCopyMem)
/home/core/edk2-dipper/workspace/Build/XiaomiMI8Pkg/DEBUG_GCC5/AARCH64/MdePkg/Library/BaseMemoryLibOptDxe/BaseMemoryLibOptDxe/OUTPUT/BaseMemoryLibOptDxe.lib(SetMem64Wrapper.obj)
                              SetMemWrapper.obj (symbol from plugin) (SetMem64)
/home/core/edk2-dipper/workspace/Build/XiaomiMI8Pkg/DEBUG_GCC5/AARCH64/MdePkg/Library/BaseDebugLibSerialPort/BaseDebugLibSerialPort/OUTPUT/BaseDebugLibSerialPort.lib(DebugLib.obj)
                              AutoGen.obj (symbol from plugin) (BaseDebugLibSerialPortConstructor)
/home/core/edk2-dipper/workspace/Build/XiaomiMI8Pkg/DEBUG_GCC5/AARCH64/MdePkg/Library/UefiMemoryAllocationLib/UefiMemoryAllocationLib/OUTPUT/UefiMemoryAllocationLib.lib(MemoryAllocationLib.obj)
                              ConSplitter.obj (symbol from plugin) (AllocatePool)
/home/core/edk2-dipper/workspace/Build/XiaomiMI8Pkg/DEBUG_GCC5/AARCH64/MdePkg/Library/UefiRuntimeServicesTableLib/UefiRuntimeServicesTableLib/OUTPUT/UefiRuntimeServicesTableLib.lib(UefiRuntimeServicesTableLib.obj)
                              AutoGen.obj (symbol from plugin) (UefiRuntimeServicesTableLibConstructor)
/home/core/edk2-dipper/workspace/Build/XiaomiMI8Pkg/DEBUG_GCC5/AARCH64/MdePkg/Library/UefiBootServicesTableLib/UefiBootServicesTableLib/OUTPUT/UefiBootServicesTableLib.lib(UefiBootServicesTableLib.obj)
                              AutoGen.obj (symbol from plugin) (UefiBootServicesTableLibConstructor)
/home/core/edk2-dipper/workspace/Build/XiaomiMI8Pkg/DEBUG_GCC5/AARCH64/MdePkg/Library/UefiLib/UefiLib/OUTPUT/UefiLib.lib(UefiDriverModel.obj)
                              ConSplitter.obj (symbol from plugin) (EfiLibInstallDriverBindingComponentName2)
/home/core/edk2-dipper/workspace/Build/XiaomiMI8Pkg/DEBUG_GCC5/AARCH64/MdePkg/Library/UefiLib/UefiLib/OUTPUT/UefiLib.lib(UefiLib.obj)
                              ConSplitter.obj (symbol from plugin) (EfiEventEmptyFunction)
/home/core/edk2-dipper/workspace/Build/XiaomiMI8Pkg/DEBUG_GCC5/AARCH64/MdePkg/Library/DxeHobLib/DxeHobLib/OUTPUT/DxeHobLib.lib(HobLib.obj)
                              AutoGen.obj (symbol from plugin) (HobLibConstructor)
/home/core/edk2-dipper/workspace/Build/XiaomiMI8Pkg/DEBUG_GCC5/AARCH64/MdePkg/Library/BaseLib/BaseLib/OUTPUT/BaseLib.lib(String.obj)
                              UefiLib.obj (symbol from plugin) (StrSize)
/home/core/edk2-dipper/workspace/Build/XiaomiMI8Pkg/DEBUG_GCC5/AARCH64/MdePkg/Library/BaseLib/BaseLib/OUTPUT/BaseLib.lib(Unaligned.obj)
                              UefiLib.obj (symbol from plugin) (ReadUnaligned24)
/home/core/edk2-dipper/workspace/Build/XiaomiMI8Pkg/DEBUG_GCC5/AARCH64/MdePkg/Library/BaseLib/BaseLib/OUTPUT/BaseLib.lib(RShiftU64.obj)
                              Unaligned.obj (symbol from plugin) (RShiftU64)
/home/core/edk2-dipper/workspace/Build/XiaomiMI8Pkg/DEBUG_GCC5/AARCH64/MdePkg/Library/BaseLib/BaseLib/OUTPUT/BaseLib.lib(LShiftU64.obj)
                              Unaligned.obj (symbol from plugin) (LShiftU64)
/home/core/edk2-dipper/workspace/Build/XiaomiMI8Pkg/DEBUG_GCC5/AARCH64/MdePkg/Library/BaseLib/BaseLib/OUTPUT/BaseLib.lib(SafeString.obj)
                              String.obj (symbol from plugin) (StrDecimalToUintnS)
/home/core/edk2-dipper/workspace/Build/XiaomiMI8Pkg/DEBUG_GCC5/AARCH64/MdePkg/Library/BaseLib/BaseLib/OUTPUT/BaseLib.lib(MultU64x32.obj)
                              SafeString.obj (symbol from plugin) (MultU64x32)
/home/core/edk2-dipper/workspace/Build/XiaomiMI8Pkg/DEBUG_GCC5/AARCH64/MdePkg/Library/BaseLib/BaseLib/OUTPUT/BaseLib.lib(DivU64x32.obj)
                              SafeString.obj (symbol from plugin) (DivU64x32)
/home/core/edk2-dipper/workspace/Build/XiaomiMI8Pkg/DEBUG_GCC5/AARCH64/MdePkg/Library/BaseMemoryLibOptDxe/BaseMemoryLibOptDxe/OUTPUT/BaseMemoryLibOptDxe.lib(MemLibGuid.obj)
                              SafeString.obj (symbol from plugin) (CopyGuid)
/home/core/edk2-dipper/workspace/Build/XiaomiMI8Pkg/DEBUG_GCC5/AARCH64/MdePkg/Library/BaseMemoryLibOptDxe/BaseMemoryLibOptDxe/OUTPUT/BaseMemoryLibOptDxe.lib(CompareGuid.obj)
                              MemLibGuid.obj (symbol from plugin) (InternalMemCompareGuid)
/home/core/edk2-dipper/workspace/Build/XiaomiMI8Pkg/DEBUG_GCC5/AARCH64/MdePkg/Library/BaseDebugPrintErrorLevelLib/BaseDebugPrintErrorLevelLib/OUTPUT/BaseDebugPrintErrorLevelLib.lib(BaseDebugPrintErrorLevelLib.obj)
                              DebugLib.obj (symbol from plugin) (GetDebugPrintErrorLevel)
/home/core/edk2-dipper/workspace/Build/XiaomiMI8Pkg/DEBUG_GCC5/AARCH64/MdePkg/Library/BasePrintLib/BasePrintLib/OUTPUT/BasePrintLib.lib(PrintLib.obj)
                              DebugLib.obj (symbol from plugin) (AsciiVSPrint)
/home/core/edk2-dipper/workspace/Build/XiaomiMI8Pkg/DEBUG_GCC5/AARCH64/MdePkg/Library/BasePrintLib/BasePrintLib/OUTPUT/BasePrintLib.lib(PrintLibInternal.obj)
                              PrintLib.obj (symbol from plugin) (BasePrintLibConvertValueToString)
/home/core/edk2-dipper/workspace/Build/XiaomiMI8Pkg/DEBUG_GCC5/AARCH64/XiaomiMI8Pkg/Library/FrameBufferSerialPortLib/FrameBufferSerialPortLib/OUTPUT/FrameBufferSerialPortLib.lib(FrameBufferSerialPortLib.obj)
                              DebugLib.obj (symbol from plugin) (SerialPortInitialize)
/home/core/edk2-dipper/workspace/Build/XiaomiMI8Pkg/DEBUG_GCC5/AARCH64/MdePkg/Library/UefiDevicePathLib/UefiDevicePathLib/OUTPUT/UefiDevicePathLib.lib(DevicePathUtilities.obj)
                              UefiLib.obj (symbol from plugin) (DevicePathType)
/home/core/edk2-dipper/workspace/Build/XiaomiMI8Pkg/DEBUG_GCC5/AARCH64/MdePkg/Library/UefiDevicePathLib/UefiDevicePathLib/OUTPUT/UefiDevicePathLib.lib(UefiDevicePathLib.obj)
                              DevicePathUtilities.obj (symbol from plugin) (GetDevicePathSize)
/home/core/edk2-dipper/workspace/Build/XiaomiMI8Pkg/DEBUG_GCC5/AARCH64/MdePkg/Library/UefiDevicePathLib/UefiDevicePathLib/OUTPUT/UefiDevicePathLib.lib(DevicePathToText.obj)
                              UefiDevicePathLib.obj (symbol from plugin) (UefiDevicePathLibConvertDeviceNodeToText)
/home/core/edk2-dipper/workspace/Build/XiaomiMI8Pkg/DEBUG_GCC5/AARCH64/MdePkg/Library/UefiDevicePathLib/UefiDevicePathLib/OUTPUT/UefiDevicePathLib.lib(DevicePathFromText.obj)
                              UefiDevicePathLib.obj (symbol from plugin) (UefiDevicePathLibConvertTextToDeviceNode)
/home/core/edk2-dipper/workspace/Build/XiaomiMI8Pkg/DEBUG_GCC5/AARCH64/MdePkg/Library/BaseLib/BaseLib/OUTPUT/BaseLib.lib(SwapBytes64.obj)
                              DevicePathFromText.obj (symbol from plugin) (SwapBytes64)
/home/core/edk2-dipper/workspace/Build/XiaomiMI8Pkg/DEBUG_GCC5/AARCH64/MdePkg/Library/BaseLib/BaseLib/OUTPUT/BaseLib.lib(DivU64x32Remainder.obj)
                              PrintLibInternal.obj (symbol from plugin) (DivU64x32Remainder)
/home/core/edk2-dipper/workspace/Build/XiaomiMI8Pkg/DEBUG_GCC5/AARCH64/ArmPkg/Library/ArmLib/ArmBaseLib/OUTPUT/ArmBaseLib.lib(ArmLibSupport.obj)
                              FrameBufferSerialPortLib.obj (symbol from plugin) (ArmGetInterruptState)
/home/core/edk2-dipper/workspace/Build/XiaomiMI8Pkg/DEBUG_GCC5/AARCH64/ArmPkg/Library/ArmLib/ArmBaseLib/OUTPUT/ArmBaseLib.lib(ArmLibSupportV8.obj)
                              FrameBufferSerialPortLib.obj (symbol from plugin) (ArmEnableInterrupts)
/home/core/edk2-dipper/workspace/Build/XiaomiMI8Pkg/DEBUG_GCC5/AARCH64/ArmPkg/Library/ArmCacheMaintenanceLib/ArmCacheMaintenanceLib/OUTPUT/ArmCacheMaintenanceLib.lib(ArmCacheMaintenanceLib.obj)
                              FrameBufferSerialPortLib.obj (symbol from plugin) (WriteBackInvalidateDataCacheRange)
/home/core/edk2-dipper/workspace/Build/XiaomiMI8Pkg/DEBUG_GCC5/AARCH64/ArmPkg/Library/ArmLib/ArmBaseLib/OUTPUT/ArmBaseLib.lib(ArmLib.obj)
                              ArmCacheMaintenanceLib.obj (symbol from plugin) (ArmDataCacheLineLength)
/home/core/edk2-dipper/workspace/Build/XiaomiMI8Pkg/DEBUG_GCC5/AARCH64/ArmPkg/Library/ArmLib/ArmBaseLib/OUTPUT/ArmBaseLib.lib(AArch64Support.obj)
                              ArmCacheMaintenanceLib.obj (symbol from plugin) (ArmInvalidateDataCacheEntryByMVA)

Discarded input sections

 .text          0x0000000000000000       0x10 /home/core/edk2/ArmPkg/Library/GccLto/liblto-aarch64.a
 .data          0x0000000000000000        0x0 /home/core/edk2/ArmPkg/Library/GccLto/liblto-aarch64.a
 .bss           0x0000000000000000        0x0 /home/core/edk2/ArmPkg/Library/GccLto/liblto-aarch64.a
 .text          0x0000000000000000        0x0 /tmp/ccK9Mmew.ltrans0.ltrans.o
 .data          0x0000000000000000        0x0 /tmp/ccK9Mmew.ltrans0.ltrans.o
 .bss           0x0000000000000000        0x0 /tmp/ccK9Mmew.ltrans0.ltrans.o
 .text._DriverUnloadHandler
                0x0000000000000000        0x8 /tmp/ccK9Mmew.ltrans0.ltrans.o
 .text.StrnLenS
                0x0000000000000000       0x7c /tmp/ccK9Mmew.ltrans0.ltrans.o
 .text.ConSplitterUgaDrawBlt
                0x0000000000000000      0x17c /tmp/ccK9Mmew.ltrans0.ltrans.o
 .text.ConSplitterUgaDrawSetMode
                0x0000000000000000      0x194 /tmp/ccK9Mmew.ltrans0.ltrans.o
 .text.ConSplitterUgaDrawGetMode
                0x0000000000000000       0xd0 /tmp/ccK9Mmew.ltrans0.ltrans.o
 .text.__memset
                0x0000000000000000       0x1c /tmp/ccK9Mmew.ltrans0.ltrans.o
 .rodata.StrnLenS.str1.1
                0x0000000000000000       0x57 /tmp/ccK9Mmew.ltrans0.ltrans.o
 .comment       0x0000000000000000       0x31 /tmp/ccK9Mmew.ltrans0.ltrans.o
 .note.GNU-stack
                0x0000000000000000        0x0 /tmp/ccK9Mmew.ltrans0.ltrans.o
 .text          0x0000000000000000        0x8 /home/core/edk2-dipper/workspace/Build/XiaomiMI8Pkg/DEBUG_GCC5/AARCH64/MdePkg/Library/BaseLib/BaseLib/OUTPUT/BaseLib.lib(CpuBreakpoint.obj)
 .data          0x0000000000000000        0x0 /home/core/edk2-dipper/workspace/Build/XiaomiMI8Pkg/DEBUG_GCC5/AARCH64/MdePkg/Library/BaseLib/BaseLib/OUTPUT/BaseLib.lib(CpuBreakpoint.obj)
 .bss           0x0000000000000000        0x0 /home/core/edk2-dipper/workspace/Build/XiaomiMI8Pkg/DEBUG_GCC5/AARCH64/MdePkg/Library/BaseLib/BaseLib/OUTPUT/BaseLib.lib(CpuBreakpoint.obj)
 .data          0x0000000000000000        0x0 /home/core/edk2-dipper/workspace/Build/XiaomiMI8Pkg/DEBUG_GCC5/AARCH64/MdePkg/Library/BaseMemoryLibOptDxe/BaseMemoryLibOptDxe/OUTPUT/BaseMemoryLibOptDxe.lib(SetMem.obj)
 .bss           0x0000000000000000        0x0 /home/core/edk2-dipper/workspace/Build/XiaomiMI8Pkg/DEBUG_GCC5/AARCH64/MdePkg/Library/BaseMemoryLibOptDxe/BaseMemoryLibOptDxe/OUTPUT/BaseMemoryLibOptDxe.lib(SetMem.obj)
 .data          0x0000000000000000        0x0 /home/core/edk2-dipper/workspace/Build/XiaomiMI8Pkg/DEBUG_GCC5/AARCH64/MdePkg/Library/BaseMemoryLibOptDxe/BaseMemoryLibOptDxe/OUTPUT/BaseMemoryLibOptDxe.lib(CopyMem.obj)
 .bss           0x0000000000000000        0x0 /home/core/edk2-dipper/workspace/Build/XiaomiMI8Pkg/DEBUG_GCC5/AARCH64/MdePkg/Library/BaseMemoryLibOptDxe/BaseMemoryLibOptDxe/OUTPUT/BaseMemoryLibOptDxe.lib(CopyMem.obj)
 .data          0x0000000000000000        0x0 /home/core/edk2-dipper/workspace/Build/XiaomiMI8Pkg/DEBUG_GCC5/AARCH64/MdePkg/Library/BaseMemoryLibOptDxe/BaseMemoryLibOptDxe/OUTPUT/BaseMemoryLibOptDxe.lib(CompareGuid.obj)
 .bss           0x0000000000000000        0x0 /home/core/edk2-dipper/workspace/Build/XiaomiMI8Pkg/DEBUG_GCC5/AARCH64/MdePkg/Library/BaseMemoryLibOptDxe/BaseMemoryLibOptDxe/OUTPUT/BaseMemoryLibOptDxe.lib(CompareGuid.obj)
 .text          0x0000000000000000        0x0 /home/core/edk2-dipper/workspace/Build/XiaomiMI8Pkg/DEBUG_GCC5/AARCH64/ArmPkg/Library/ArmLib/ArmBaseLib/OUTPUT/ArmBaseLib.lib(ArmLibSupport.obj)
 .data          0x0000000000000000        0x0 /home/core/edk2-dipper/workspace/Build/XiaomiMI8Pkg/DEBUG_GCC5/AARCH64/ArmPkg/Library/ArmLib/ArmBaseLib/OUTPUT/ArmBaseLib.lib(ArmLibSupport.obj)
 .bss           0x0000000000000000        0x0 /home/core/edk2-dipper/workspace/Build/XiaomiMI8Pkg/DEBUG_GCC5/AARCH64/ArmPkg/Library/ArmLib/ArmBaseLib/OUTPUT/ArmBaseLib.lib(ArmLibSupport.obj)
 .text.ArmReadMidr
                0x0000000000000000        0x8 /home/core/edk2-dipper/workspace/Build/XiaomiMI8Pkg/DEBUG_GCC5/AARCH64/ArmPkg/Library/ArmLib/ArmBaseLib/OUTPUT/ArmBaseLib.lib(ArmLibSupport.obj)
 .text.ArmGetFiqState
                0x0000000000000000       0x10 /home/core/edk2-dipper/workspace/Build/XiaomiMI8Pkg/DEBUG_GCC5/AARCH64/ArmPkg/Library/ArmLib/ArmBaseLib/OUTPUT/ArmBaseLib.lib(ArmLibSupport.obj)
 .text.ArmWriteCpacr
                0x0000000000000000        0x8 /home/core/edk2-dipper/workspace/Build/XiaomiMI8Pkg/DEBUG_GCC5/AARCH64/ArmPkg/Library/ArmLib/ArmBaseLib/OUTPUT/ArmBaseLib.lib(ArmLibSupport.obj)
 .text.ArmWriteAuxCr
                0x0000000000000000       0x28 /home/core/edk2-dipper/workspace/Build/XiaomiMI8Pkg/DEBUG_GCC5/AARCH64/ArmPkg/Library/ArmLib/ArmBaseLib/OUTPUT/ArmBaseLib.lib(ArmLibSupport.obj)
 .text.ArmReadAuxCr
                0x0000000000000000       0x28 /home/core/edk2-dipper/workspace/Build/XiaomiMI8Pkg/DEBUG_GCC5/AARCH64/ArmPkg/Library/ArmLib/ArmBaseLib/OUTPUT/ArmBaseLib.lib(ArmLibSupport.obj)
 .text.ArmSetTTBR0
                0x0000000000000000       0x34 /home/core/edk2-dipper/workspace/Build/XiaomiMI8Pkg/DEBUG_GCC5/AARCH64/ArmPkg/Library/ArmLib/ArmBaseLib/OUTPUT/ArmBaseLib.lib(ArmLibSupport.obj)
 .text.ArmGetTTBR0BaseAddress
                0x0000000000000000       0x30 /home/core/edk2-dipper/workspace/Build/XiaomiMI8Pkg/DEBUG_GCC5/AARCH64/ArmPkg/Library/ArmLib/ArmBaseLib/OUTPUT/ArmBaseLib.lib(ArmLibSupport.obj)
 .text.ArmGetTCR
                0x0000000000000000       0x34 /home/core/edk2-dipper/workspace/Build/XiaomiMI8Pkg/DEBUG_GCC5/AARCH64/ArmPkg/Library/ArmLib/ArmBaseLib/OUTPUT/ArmBaseLib.lib(ArmLibSupport.obj)
 .text.ArmSetTCR
                0x0000000000000000       0x34 /home/core/edk2-dipper/workspace/Build/XiaomiMI8Pkg/DEBUG_GCC5/AARCH64/ArmPkg/Library/ArmLib/ArmBaseLib/OUTPUT/ArmBaseLib.lib(ArmLibSupport.obj)
 .text.ArmGetMAIR
                0x0000000000000000       0x34 /home/core/edk2-dipper/workspace/Build/XiaomiMI8Pkg/DEBUG_GCC5/AARCH64/ArmPkg/Library/ArmLib/ArmBaseLib/OUTPUT/ArmBaseLib.lib(ArmLibSupport.obj)
 .text.ArmSetMAIR
                0x0000000000000000       0x34 /home/core/edk2-dipper/workspace/Build/XiaomiMI8Pkg/DEBUG_GCC5/AARCH64/ArmPkg/Library/ArmLib/ArmBaseLib/OUTPUT/ArmBaseLib.lib(ArmLibSupport.obj)
 .text.ArmUpdateTranslationTableEntry
                0x0000000000000000       0x54 /home/core/edk2-dipper/workspace/Build/XiaomiMI8Pkg/DEBUG_GCC5/AARCH64/ArmPkg/Library/ArmLib/ArmBaseLib/OUTPUT/ArmBaseLib.lib(ArmLibSupport.obj)
 .text.ArmInvalidateTlb
                0x0000000000000000       0x38 /home/core/edk2-dipper/workspace/Build/XiaomiMI8Pkg/DEBUG_GCC5/AARCH64/ArmPkg/Library/ArmLib/ArmBaseLib/OUTPUT/ArmBaseLib.lib(ArmLibSupport.obj)
 .text.ArmWriteCptr
                0x0000000000000000        0x8 /home/core/edk2-dipper/workspace/Build/XiaomiMI8Pkg/DEBUG_GCC5/AARCH64/ArmPkg/Library/ArmLib/ArmBaseLib/OUTPUT/ArmBaseLib.lib(ArmLibSupport.obj)
 .text.ArmWriteScr
                0x0000000000000000        0xc /home/core/edk2-dipper/workspace/Build/XiaomiMI8Pkg/DEBUG_GCC5/AARCH64/ArmPkg/Library/ArmLib/ArmBaseLib/OUTPUT/ArmBaseLib.lib(ArmLibSupport.obj)
 .text.ArmWriteMVBar
                0x0000000000000000        0x8 /home/core/edk2-dipper/workspace/Build/XiaomiMI8Pkg/DEBUG_GCC5/AARCH64/ArmPkg/Library/ArmLib/ArmBaseLib/OUTPUT/ArmBaseLib.lib(ArmLibSupport.obj)
 .text.ArmCallWFE
                0x0000000000000000        0x8 /home/core/edk2-dipper/workspace/Build/XiaomiMI8Pkg/DEBUG_GCC5/AARCH64/ArmPkg/Library/ArmLib/ArmBaseLib/OUTPUT/ArmBaseLib.lib(ArmLibSupport.obj)
 .text.ArmCallSEV
                0x0000000000000000        0x8 /home/core/edk2-dipper/workspace/Build/XiaomiMI8Pkg/DEBUG_GCC5/AARCH64/ArmPkg/Library/ArmLib/ArmBaseLib/OUTPUT/ArmBaseLib.lib(ArmLibSupport.obj)
 .text.ArmReadCpuActlr
                0x0000000000000000        0x8 /home/core/edk2-dipper/workspace/Build/XiaomiMI8Pkg/DEBUG_GCC5/AARCH64/ArmPkg/Library/ArmLib/ArmBaseLib/OUTPUT/ArmBaseLib.lib(ArmLibSupport.obj)
 .text.ArmWriteCpuActlr
                0x0000000000000000       0x10 /home/core/edk2-dipper/workspace/Build/XiaomiMI8Pkg/DEBUG_GCC5/AARCH64/ArmPkg/Library/ArmLib/ArmBaseLib/OUTPUT/ArmBaseLib.lib(ArmLibSupport.obj)
 .text.ArmReadSctlr
                0x0000000000000000       0x30 /home/core/edk2-dipper/workspace/Build/XiaomiMI8Pkg/DEBUG_GCC5/AARCH64/ArmPkg/Library/ArmLib/ArmBaseLib/OUTPUT/ArmBaseLib.lib(ArmLibSupport.obj)
 .text.ArmWriteSctlr
                0x0000000000000000       0x30 /home/core/edk2-dipper/workspace/Build/XiaomiMI8Pkg/DEBUG_GCC5/AARCH64/ArmPkg/Library/ArmLib/ArmBaseLib/OUTPUT/ArmBaseLib.lib(ArmLibSupport.obj)
 .text.ArmGetPhysicalAddressBits
                0x0000000000000000       0x24 /home/core/edk2-dipper/workspace/Build/XiaomiMI8Pkg/DEBUG_GCC5/AARCH64/ArmPkg/Library/ArmLib/ArmBaseLib/OUTPUT/ArmBaseLib.lib(ArmLibSupport.obj)
 .text          0x0000000000000000        0x0 /home/core/edk2-dipper/workspace/Build/XiaomiMI8Pkg/DEBUG_GCC5/AARCH64/ArmPkg/Library/ArmLib/ArmBaseLib/OUTPUT/ArmBaseLib.lib(ArmLibSupportV8.obj)
 .data          0x0000000000000000        0x0 /home/core/edk2-dipper/workspace/Build/XiaomiMI8Pkg/DEBUG_GCC5/AARCH64/ArmPkg/Library/ArmLib/ArmBaseLib/OUTPUT/ArmBaseLib.lib(ArmLibSupportV8.obj)
 .bss           0x0000000000000000        0x0 /home/core/edk2-dipper/workspace/Build/XiaomiMI8Pkg/DEBUG_GCC5/AARCH64/ArmPkg/Library/ArmLib/ArmBaseLib/OUTPUT/ArmBaseLib.lib(ArmLibSupportV8.obj)
 .text.ArmIsMpCore
                0x0000000000000000       0x14 /home/core/edk2-dipper/workspace/Build/XiaomiMI8Pkg/DEBUG_GCC5/AARCH64/ArmPkg/Library/ArmLib/ArmBaseLib/OUTPUT/ArmBaseLib.lib(ArmLibSupportV8.obj)
 .text.ArmEnableAsynchronousAbort
                0x0000000000000000        0xc /home/core/edk2-dipper/workspace/Build/XiaomiMI8Pkg/DEBUG_GCC5/AARCH64/ArmPkg/Library/ArmLib/ArmBaseLib/OUTPUT/ArmBaseLib.lib(ArmLibSupportV8.obj)
 .text.ArmDisableAsynchronousAbort
                0x0000000000000000        0xc /home/core/edk2-dipper/workspace/Build/XiaomiMI8Pkg/DEBUG_GCC5/AARCH64/ArmPkg/Library/ArmLib/ArmBaseLib/OUTPUT/ArmBaseLib.lib(ArmLibSupportV8.obj)
 .text.ArmEnableIrq
                0x0000000000000000        0xc /home/core/edk2-dipper/workspace/Build/XiaomiMI8Pkg/DEBUG_GCC5/AARCH64/ArmPkg/Library/ArmLib/ArmBaseLib/OUTPUT/ArmBaseLib.lib(ArmLibSupportV8.obj)
 .text.ArmDisableIrq
                0x0000000000000000        0xc /home/core/edk2-dipper/workspace/Build/XiaomiMI8Pkg/DEBUG_GCC5/AARCH64/ArmPkg/Library/ArmLib/ArmBaseLib/OUTPUT/ArmBaseLib.lib(ArmLibSupportV8.obj)
 .text.ArmEnableFiq
                0x0000000000000000        0xc /home/core/edk2-dipper/workspace/Build/XiaomiMI8Pkg/DEBUG_GCC5/AARCH64/ArmPkg/Library/ArmLib/ArmBaseLib/OUTPUT/ArmBaseLib.lib(ArmLibSupportV8.obj)
 .text.ArmDisableFiq
                0x0000000000000000        0xc /home/core/edk2-dipper/workspace/Build/XiaomiMI8Pkg/DEBUG_GCC5/AARCH64/ArmPkg/Library/ArmLib/ArmBaseLib/OUTPUT/ArmBaseLib.lib(ArmLibSupportV8.obj)
 .text.ArmDisableAllExceptions
                0x0000000000000000        0xc /home/core/edk2-dipper/workspace/Build/XiaomiMI8Pkg/DEBUG_GCC5/AARCH64/ArmPkg/Library/ArmLib/ArmBaseLib/OUTPUT/ArmBaseLib.lib(ArmLibSupportV8.obj)
 .text.ReadCCSIDR
                0x0000000000000000       0x10 /home/core/edk2-dipper/workspace/Build/XiaomiMI8Pkg/DEBUG_GCC5/AARCH64/ArmPkg/Library/ArmLib/ArmBaseLib/OUTPUT/ArmBaseLib.lib(ArmLibSupportV8.obj)
 .text.ReadCLIDR
                0x0000000000000000        0x8 /home/core/edk2-dipper/workspace/Build/XiaomiMI8Pkg/DEBUG_GCC5/AARCH64/ArmPkg/Library/ArmLib/ArmBaseLib/OUTPUT/ArmBaseLib.lib(ArmLibSupportV8.obj)
 .text          0x0000000000000000        0x0 /home/core/edk2-dipper/workspace/Build/XiaomiMI8Pkg/DEBUG_GCC5/AARCH64/ArmPkg/Library/ArmLib/ArmBaseLib/OUTPUT/ArmBaseLib.lib(AArch64Support.obj)
 .data          0x0000000000000000        0x0 /home/core/edk2-dipper/workspace/Build/XiaomiMI8Pkg/DEBUG_GCC5/AARCH64/ArmPkg/Library/ArmLib/ArmBaseLib/OUTPUT/ArmBaseLib.lib(AArch64Support.obj)
 .bss           0x0000000000000000        0x0 /home/core/edk2-dipper/workspace/Build/XiaomiMI8Pkg/DEBUG_GCC5/AARCH64/ArmPkg/Library/ArmLib/ArmBaseLib/OUTPUT/ArmBaseLib.lib(AArch64Support.obj)
 .text.ArmInvalidateDataCacheEntryByMVA
                0x0000000000000000        0x8 /home/core/edk2-dipper/workspace/Build/XiaomiMI8Pkg/DEBUG_GCC5/AARCH64/ArmPkg/Library/ArmLib/ArmBaseLib/OUTPUT/ArmBaseLib.lib(AArch64Support.obj)
 .text.ArmCleanDataCacheEntryByMVA
                0x0000000000000000        0x8 /home/core/edk2-dipper/workspace/Build/XiaomiMI8Pkg/DEBUG_GCC5/AARCH64/ArmPkg/Library/ArmLib/ArmBaseLib/OUTPUT/ArmBaseLib.lib(AArch64Support.obj)
 .text.ArmCleanDataCacheEntryToPoUByMVA
                0x0000000000000000        0x8 /home/core/edk2-dipper/workspace/Build/XiaomiMI8Pkg/DEBUG_GCC5/AARCH64/ArmPkg/Library/ArmLib/ArmBaseLib/OUTPUT/ArmBaseLib.lib(AArch64Support.obj)
 .text.ArmInvalidateInstructionCacheEntryToPoUByMVA
                0x0000000000000000        0x8 /home/core/edk2-dipper/workspace/Build/XiaomiMI8Pkg/DEBUG_GCC5/AARCH64/ArmPkg/Library/ArmLib/ArmBaseLib/OUTPUT/ArmBaseLib.lib(AArch64Support.obj)
 .text.ArmInvalidateDataCacheEntryBySetWay
                0x0000000000000000        0x8 /home/core/edk2-dipper/workspace/Build/XiaomiMI8Pkg/DEBUG_GCC5/AARCH64/ArmPkg/Library/ArmLib/ArmBaseLib/OUTPUT/ArmBaseLib.lib(AArch64Support.obj)
 .text.ArmCleanInvalidateDataCacheEntryBySetWay
                0x0000000000000000        0x8 /home/core/edk2-dipper/workspace/Build/XiaomiMI8Pkg/DEBUG_GCC5/AARCH64/ArmPkg/Library/ArmLib/ArmBaseLib/OUTPUT/ArmBaseLib.lib(AArch64Support.obj)
 .text.ArmCleanDataCacheEntryBySetWay
                0x0000000000000000        0x8 /home/core/edk2-dipper/workspace/Build/XiaomiMI8Pkg/DEBUG_GCC5/AARCH64/ArmPkg/Library/ArmLib/ArmBaseLib/OUTPUT/ArmBaseLib.lib(AArch64Support.obj)
 .text.ArmInvalidateInstructionCache
                0x0000000000000000       0x10 /home/core/edk2-dipper/workspace/Build/XiaomiMI8Pkg/DEBUG_GCC5/AARCH64/ArmPkg/Library/ArmLib/ArmBaseLib/OUTPUT/ArmBaseLib.lib(AArch64Support.obj)
 .text.ArmEnableMmu
                0x0000000000000000       0x88 /home/core/edk2-dipper/workspace/Build/XiaomiMI8Pkg/DEBUG_GCC5/AARCH64/ArmPkg/Library/ArmLib/ArmBaseLib/OUTPUT/ArmBaseLib.lib(AArch64Support.obj)
 .text.ArmDisableMmu
                0x0000000000000000       0x74 /home/core/edk2-dipper/workspace/Build/XiaomiMI8Pkg/DEBUG_GCC5/AARCH64/ArmPkg/Library/ArmLib/ArmBaseLib/OUTPUT/ArmBaseLib.lib(AArch64Support.obj)
 .text.ArmDisableCachesAndMmu
                0x0000000000000000       0x6c /home/core/edk2-dipper/workspace/Build/XiaomiMI8Pkg/DEBUG_GCC5/AARCH64/ArmPkg/Library/ArmLib/ArmBaseLib/OUTPUT/ArmBaseLib.lib(AArch64Support.obj)
 .text.ArmMmuEnabled
                0x0000000000000000       0x34 /home/core/edk2-dipper/workspace/Build/XiaomiMI8Pkg/DEBUG_GCC5/AARCH64/ArmPkg/Library/ArmLib/ArmBaseLib/OUTPUT/ArmBaseLib.lib(AArch64Support.obj)
 .text.ArmEnableDataCache
                0x0000000000000000       0x68 /home/core/edk2-dipper/workspace/Build/XiaomiMI8Pkg/DEBUG_GCC5/AARCH64/ArmPkg/Library/ArmLib/ArmBaseLib/OUTPUT/ArmBaseLib.lib(AArch64Support.obj)
 .text.ArmDisableDataCache
                0x0000000000000000       0x68 /home/core/edk2-dipper/workspace/Build/XiaomiMI8Pkg/DEBUG_GCC5/AARCH64/ArmPkg/Library/ArmLib/ArmBaseLib/OUTPUT/ArmBaseLib.lib(AArch64Support.obj)
 .text.ArmEnableInstructionCache
                0x0000000000000000       0x68 /home/core/edk2-dipper/workspace/Build/XiaomiMI8Pkg/DEBUG_GCC5/AARCH64/ArmPkg/Library/ArmLib/ArmBaseLib/OUTPUT/ArmBaseLib.lib(AArch64Support.obj)
 .text.ArmDisableInstructionCache
                0x0000000000000000       0x68 /home/core/edk2-dipper/workspace/Build/XiaomiMI8Pkg/DEBUG_GCC5/AARCH64/ArmPkg/Library/ArmLib/ArmBaseLib/OUTPUT/ArmBaseLib.lib(AArch64Support.obj)
 .text.ArmEnableAlignmentCheck
                0x0000000000000000       0x58 /home/core/edk2-dipper/workspace/Build/XiaomiMI8Pkg/DEBUG_GCC5/AARCH64/ArmPkg/Library/ArmLib/ArmBaseLib/OUTPUT/ArmBaseLib.lib(AArch64Support.obj)
 .text.ArmDisableAlignmentCheck
                0x0000000000000000       0x68 /home/core/edk2-dipper/workspace/Build/XiaomiMI8Pkg/DEBUG_GCC5/AARCH64/ArmPkg/Library/ArmLib/ArmBaseLib/OUTPUT/ArmBaseLib.lib(AArch64Support.obj)
 .text.ArmEnableStackAlignmentCheck
                0x0000000000000000       0x58 /home/core/edk2-dipper/workspace/Build/XiaomiMI8Pkg/DEBUG_GCC5/AARCH64/ArmPkg/Library/ArmLib/ArmBaseLib/OUTPUT/ArmBaseLib.lib(AArch64Support.obj)
 .text.ArmDisableStackAlignmentCheck
                0x0000000000000000       0x68 /home/core/edk2-dipper/workspace/Build/XiaomiMI8Pkg/DEBUG_GCC5/AARCH64/ArmPkg/Library/ArmLib/ArmBaseLib/OUTPUT/ArmBaseLib.lib(AArch64Support.obj)
 .text.ArmEnableBranchPrediction
                0x0000000000000000        0x4 /home/core/edk2-dipper/workspace/Build/XiaomiMI8Pkg/DEBUG_GCC5/AARCH64/ArmPkg/Library/ArmLib/ArmBaseLib/OUTPUT/ArmBaseLib.lib(AArch64Support.obj)
 .text.ArmDisableBranchPrediction
                0x0000000000000000        0x4 /home/core/edk2-dipper/workspace/Build/XiaomiMI8Pkg/DEBUG_GCC5/AARCH64/ArmPkg/Library/ArmLib/ArmBaseLib/OUTPUT/ArmBaseLib.lib(AArch64Support.obj)
 .text.AArch64AllDataCachesOperation
                0x0000000000000000       0xa8 /home/core/edk2-dipper/workspace/Build/XiaomiMI8Pkg/DEBUG_GCC5/AARCH64/ArmPkg/Library/ArmLib/ArmBaseLib/OUTPUT/ArmBaseLib.lib(AArch64Support.obj)
 .text.ArmDataMemoryBarrier
                0x0000000000000000        0x8 /home/core/edk2-dipper/workspace/Build/XiaomiMI8Pkg/DEBUG_GCC5/AARCH64/ArmPkg/Library/ArmLib/ArmBaseLib/OUTPUT/ArmBaseLib.lib(AArch64Support.obj)
 .text.ArmInstructionSynchronizationBarrier
                0x0000000000000000        0x8 /home/core/edk2-dipper/workspace/Build/XiaomiMI8Pkg/DEBUG_GCC5/AARCH64/ArmPkg/Library/ArmLib/ArmBaseLib/OUTPUT/ArmBaseLib.lib(AArch64Support.obj)
 .text.ArmWriteVBar
                0x0000000000000000       0x34 /home/core/edk2-dipper/workspace/Build/XiaomiMI8Pkg/DEBUG_GCC5/AARCH64/ArmPkg/Library/ArmLib/ArmBaseLib/OUTPUT/ArmBaseLib.lib(AArch64Support.obj)
 .text.ArmReadVBar
                0x0000000000000000       0x30 /home/core/edk2-dipper/workspace/Build/XiaomiMI8Pkg/DEBUG_GCC5/AARCH64/ArmPkg/Library/ArmLib/ArmBaseLib/OUTPUT/ArmBaseLib.lib(AArch64Support.obj)
 .text.ArmEnableVFP
                0x0000000000000000       0x64 /home/core/edk2-dipper/workspace/Build/XiaomiMI8Pkg/DEBUG_GCC5/AARCH64/ArmPkg/Library/ArmLib/ArmBaseLib/OUTPUT/ArmBaseLib.lib(AArch64Support.obj)
 .text.ArmCallWFI
                0x0000000000000000        0x8 /home/core/edk2-dipper/workspace/Build/XiaomiMI8Pkg/DEBUG_GCC5/AARCH64/ArmPkg/Library/ArmLib/ArmBaseLib/OUTPUT/ArmBaseLib.lib(AArch64Support.obj)
 .text.ArmReadMpidr
                0x0000000000000000        0x8 /home/core/edk2-dipper/workspace/Build/XiaomiMI8Pkg/DEBUG_GCC5/AARCH64/ArmPkg/Library/ArmLib/ArmBaseLib/OUTPUT/ArmBaseLib.lib(AArch64Support.obj)
 .text.ArmReadTpidrurw
                0x0000000000000000        0x8 /home/core/edk2-dipper/workspace/Build/XiaomiMI8Pkg/DEBUG_GCC5/AARCH64/ArmPkg/Library/ArmLib/ArmBaseLib/OUTPUT/ArmBaseLib.lib(AArch64Support.obj)
 .text.ArmWriteTpidrurw
                0x0000000000000000        0x8 /home/core/edk2-dipper/workspace/Build/XiaomiMI8Pkg/DEBUG_GCC5/AARCH64/ArmPkg/Library/ArmLib/ArmBaseLib/OUTPUT/ArmBaseLib.lib(AArch64Support.obj)
 .text.ArmIsArchTimerImplemented
                0x0000000000000000        0x8 /home/core/edk2-dipper/workspace/Build/XiaomiMI8Pkg/DEBUG_GCC5/AARCH64/ArmPkg/Library/ArmLib/ArmBaseLib/OUTPUT/ArmBaseLib.lib(AArch64Support.obj)
 .text.ArmReadIdPfr0
                0x0000000000000000        0x8 /home/core/edk2-dipper/workspace/Build/XiaomiMI8Pkg/DEBUG_GCC5/AARCH64/ArmPkg/Library/ArmLib/ArmBaseLib/OUTPUT/ArmBaseLib.lib(AArch64Support.obj)
 .text.ArmReadIdPfr1
                0x0000000000000000        0x8 /home/core/edk2-dipper/workspace/Build/XiaomiMI8Pkg/DEBUG_GCC5/AARCH64/ArmPkg/Library/ArmLib/ArmBaseLib/OUTPUT/ArmBaseLib.lib(AArch64Support.obj)
 .text.ArmWriteHcr
                0x0000000000000000        0x8 /home/core/edk2-dipper/workspace/Build/XiaomiMI8Pkg/DEBUG_GCC5/AARCH64/ArmPkg/Library/ArmLib/ArmBaseLib/OUTPUT/ArmBaseLib.lib(AArch64Support.obj)
 .text.ArmReadHcr
                0x0000000000000000        0x8 /home/core/edk2-dipper/workspace/Build/XiaomiMI8Pkg/DEBUG_GCC5/AARCH64/ArmPkg/Library/ArmLib/ArmBaseLib/OUTPUT/ArmBaseLib.lib(AArch64Support.obj)
 .text.ArmReadCurrentEL
                0x0000000000000000        0x8 /home/core/edk2-dipper/workspace/Build/XiaomiMI8Pkg/DEBUG_GCC5/AARCH64/ArmPkg/Library/ArmLib/ArmBaseLib/OUTPUT/ArmBaseLib.lib(AArch64Support.obj)
 .text.ArmReadCntHctl
                0x0000000000000000        0x8 /home/core/edk2-dipper/workspace/Build/XiaomiMI8Pkg/DEBUG_GCC5/AARCH64/ArmPkg/Library/ArmLib/ArmBaseLib/OUTPUT/ArmBaseLib.lib(AArch64Support.obj)
 .text.ArmWriteCntHctl
                0x0000000000000000        0x8 /home/core/edk2-dipper/workspace/Build/XiaomiMI8Pkg/DEBUG_GCC5/AARCH64/ArmPkg/Library/ArmLib/ArmBaseLib/OUTPUT/ArmBaseLib.lib(AArch64Support.obj)

Memory Configuration

Name             Origin             Length             Attributes
*default*        0x0000000000000000 0xffffffffffffffff

Linker script and memory map

LOAD /home/core/edk2/ArmPkg/Library/GccLto/liblto-aarch64.a
LOAD /tmp/ccK9Mmew.ltrans0.ltrans.o
START GROUP
LOAD /home/core/edk2-dipper/workspace/Build/XiaomiMI8Pkg/DEBUG_GCC5/AARCH64/MdeModulePkg/Universal/Console/ConSplitterDxe/ConSplitterDxe/OUTPUT/ConSplitterDxe.lib
LOAD /home/core/edk2-dipper/workspace/Build/XiaomiMI8Pkg/DEBUG_GCC5/AARCH64/MdePkg/Library/DxePcdLib/DxePcdLib/OUTPUT/DxePcdLib.lib
LOAD /home/core/edk2-dipper/workspace/Build/XiaomiMI8Pkg/DEBUG_GCC5/AARCH64/MdePkg/Library/BaseLib/BaseLib/OUTPUT/BaseLib.lib
LOAD /home/core/edk2-dipper/workspace/Build/XiaomiMI8Pkg/DEBUG_GCC5/AARCH64/MdePkg/Library/BaseMemoryLibOptDxe/BaseMemoryLibOptDxe/OUTPUT/BaseMemoryLibOptDxe.lib
LOAD /home/core/edk2-dipper/workspace/Build/XiaomiMI8Pkg/DEBUG_GCC5/AARCH64/ArmPkg/Library/ArmLib/ArmBaseLib/OUTPUT/ArmBaseLib.lib
LOAD /home/core/edk2-dipper/workspace/Build/XiaomiMI8Pkg/DEBUG_GCC5/AARCH64/ArmPkg/Library/ArmCacheMaintenanceLib/ArmCacheMaintenanceLib/OUTPUT/ArmCacheMaintenanceLib.lib
LOAD /home/core/edk2-dipper/workspace/Build/XiaomiMI8Pkg/DEBUG_GCC5/AARCH64/MdePkg/Library/BaseIoLibIntrinsic/BaseIoLibIntrinsic/OUTPUT/BaseIoLibIntrinsic.lib
LOAD /home/core/edk2-dipper/workspace/Build/XiaomiMI8Pkg/DEBUG_GCC5/AARCH64/ArmPkg/Library/CompilerIntrinsicsLib/CompilerIntrinsicsLib/OUTPUT/CompilerIntrinsicsLib.lib
LOAD /home/core/edk2-dipper/workspace/Build/XiaomiMI8Pkg/DEBUG_GCC5/AARCH64/MdePkg/Library/BaseDebugPrintErrorLevelLib/BaseDebugPrintErrorLevelLib/OUTPUT/BaseDebugPrintErrorLevelLib.lib
LOAD /home/core/edk2-dipper/workspace/Build/XiaomiMI8Pkg/DEBUG_GCC5/AARCH64/MdePkg/Library/BasePrintLib/BasePrintLib/OUTPUT/BasePrintLib.lib
LOAD /home/core/edk2-dipper/workspace/Build/XiaomiMI8Pkg/DEBUG_GCC5/AARCH64/XiaomiMI8Pkg/Library/FrameBufferSerialPortLib/FrameBufferSerialPortLib/OUTPUT/FrameBufferSerialPortLib.lib
LOAD /home/core/edk2-dipper/workspace/Build/XiaomiMI8Pkg/DEBUG_GCC5/AARCH64/MdePkg/Library/BaseDebugLibSerialPort/BaseDebugLibSerialPort/OUTPUT/BaseDebugLibSerialPort.lib
LOAD /home/core/edk2-dipper/workspace/Build/XiaomiMI8Pkg/DEBUG_GCC5/AARCH64/MdePkg/Library/UefiMemoryAllocationLib/UefiMemoryAllocationLib/OUTPUT/UefiMemoryAllocationLib.lib
LOAD /home/core/edk2-dipper/workspace/Build/XiaomiMI8Pkg/DEBUG_GCC5/AARCH64/MdePkg/Library/UefiRuntimeServicesTableLib/UefiRuntimeServicesTableLib/OUTPUT/UefiRuntimeServicesTableLib.lib
LOAD /home/core/edk2-dipper/workspace/Build/XiaomiMI8Pkg/DEBUG_GCC5/AARCH64/MdePkg/Library/UefiDevicePathLib/UefiDevicePathLib/OUTPUT/UefiDevicePathLib.lib
LOAD /home/core/edk2-dipper/workspace/Build/XiaomiMI8Pkg/DEBUG_GCC5/AARCH64/MdePkg/Library/UefiBootServicesTableLib/UefiBootServicesTableLib/OUTPUT/UefiBootServicesTableLib.lib
LOAD /home/core/edk2-dipper/workspace/Build/XiaomiMI8Pkg/DEBUG_GCC5/AARCH64/MdePkg/Library/UefiLib/UefiLib/OUTPUT/UefiLib.lib
LOAD /home/core/edk2-dipper/workspace/Build/XiaomiMI8Pkg/DEBUG_GCC5/AARCH64/MdePkg/Library/DxeHobLib/DxeHobLib/OUTPUT/DxeHobLib.lib
LOAD /home/core/edk2-dipper/workspace/Build/XiaomiMI8Pkg/DEBUG_GCC5/AARCH64/MdePkg/Library/UefiDriverEntryPoint/UefiDriverEntryPoint/OUTPUT/UefiDriverEntryPoint.lib
LOAD /home/core/edk2-dipper/workspace/Build/XiaomiMI8Pkg/DEBUG_GCC5/AARCH64/MdePkg/Library/BaseStackCheckLib/BaseStackCheckLib/OUTPUT/BaseStackCheckLib.lib
END GROUP
                0x0000000000000228                . = PECOFF_HEADER_SIZE

.gnu.version_d  0x0000000000000228        0x0
 .gnu.version_d
                0x0000000000000228        0x0 /home/core/edk2/ArmPkg/Library/GccLto/liblto-aarch64.a

.gnu.version    0x0000000000000228        0x0
 .gnu.version   0x0000000000000228        0x0 /home/core/edk2/ArmPkg/Library/GccLto/liblto-aarch64.a

.gnu.version_r  0x0000000000000228        0x0
 .gnu.version_r
                0x0000000000000228        0x0 /home/core/edk2/ArmPkg/Library/GccLto/liblto-aarch64.a

.text           0x0000000000001000     0x7e30
 *(.text .text.* .stub .gnu.linkonce.t.*)
 .text.InternalAllocatePool.constprop.27
                0x0000000000001000       0x6c /tmp/ccK9Mmew.ltrans0.ltrans.o
 .text.BasePrintLibFillBuffer
                0x000000000000106c       0x34 /tmp/ccK9Mmew.ltrans0.ltrans.o
 .text.AsciiStrnLenS
                0x00000000000010a0       0x3c /tmp/ccK9Mmew.ltrans0.ltrans.o
 .text.ProcessLibraryDestructorList
                0x00000000000010dc        0x4 /tmp/ccK9Mmew.ltrans0.ltrans.o
 .text.DebugPrintLevelEnabled
                0x00000000000010e0        0x8 /tmp/ccK9Mmew.ltrans0.ltrans.o
 .text.DebugPrintEnabled
                0x00000000000010e8        0x8 /tmp/ccK9Mmew.ltrans0.ltrans.o
 .text.DebugAssertEnabled
                0x00000000000010f0        0x8 /tmp/ccK9Mmew.ltrans0.ltrans.o
 .text.MultU64x64
                0x00000000000010f8        0x8 /tmp/ccK9Mmew.ltrans0.ltrans.o
 .text.ConSplitterAbsolutePointerWaitForInput
                0x0000000000001100       0x98 /tmp/ccK9Mmew.ltrans0.ltrans.o
 .text.ConSplitterSimplePointerWaitForInput
                0x0000000000001198       0x98 /tmp/ccK9Mmew.ltrans0.ltrans.o
 .text.ConSplitterTextInWaitForKey
                0x0000000000001230       0x98 /tmp/ccK9Mmew.ltrans0.ltrans.o
 .text.ConSplitterStop
                0x00000000000012c8       0xa0 /tmp/ccK9Mmew.ltrans0.ltrans.o
 .text.ConSplitterAbsolutePointerDriverBindingStop
                0x0000000000001368       0xec /tmp/ccK9Mmew.ltrans0.ltrans.o
 .text.ConSplitterSimplePointerDriverBindingStop
                0x0000000000001454       0xec /tmp/ccK9Mmew.ltrans0.ltrans.o
 .text.ConSplitterConInDriverBindingStop
                0x0000000000001540      0x1a4 /tmp/ccK9Mmew.ltrans0.ltrans.o
 .text.ConSplitterStart
                0x00000000000016e4      0x148 /tmp/ccK9Mmew.ltrans0.ltrans.o
 .text.ConSplitterSupported
                0x000000000000182c       0xe8 /tmp/ccK9Mmew.ltrans0.ltrans.o
 .text.ConSplitterStdErrDriverBindingSupported
                0x0000000000001914        0xc /tmp/ccK9Mmew.ltrans0.ltrans.o
 .text.ConSplitterConOutDriverBindingSupported
                0x0000000000001920        0xc /tmp/ccK9Mmew.ltrans0.ltrans.o
 .text.ConSplitterAbsolutePointerDriverBindingSupported
                0x000000000000192c        0xc /tmp/ccK9Mmew.ltrans0.ltrans.o
 .text.ConSplitterSimplePointerDriverBindingSupported
                0x0000000000001938        0xc /tmp/ccK9Mmew.ltrans0.ltrans.o
 .text.ConSplitterConInDriverBindingSupported
                0x0000000000001944        0xc /tmp/ccK9Mmew.ltrans0.ltrans.o
 .text.ToggleStateSyncReInitialization
                0x0000000000001950       0x5c /tmp/ccK9Mmew.ltrans0.ltrans.o
 .text.InitializeListHead.constprop.21
                0x00000000000019ac       0x14 /tmp/ccK9Mmew.ltrans0.ltrans.o
 .text.BaseDebugLibSerialPortConstructor
                0x00000000000019c0       0x84 /tmp/ccK9Mmew.ltrans0.ltrans.o
 .text.FbConFlush
                0x0000000000001a44       0x54 /tmp/ccK9Mmew.ltrans0.ltrans.o
 .text.SerialPortWrite
                0x0000000000001a98      0x414 /tmp/ccK9Mmew.ltrans0.ltrans.o
 .text.DebugAssert
                0x0000000000001eac       0x7c /tmp/ccK9Mmew.ltrans0.ltrans.o
 .text.CompareGuid.constprop.18
                0x0000000000001f28       0x50 /tmp/ccK9Mmew.ltrans0.ltrans.o
 .text.DivU64x64Remainder.constprop.12
                0x0000000000001f78       0x4c /tmp/ccK9Mmew.ltrans0.ltrans.o
 .text.SetMem.constprop.2
                0x0000000000001fc4       0x68 /tmp/ccK9Mmew.ltrans0.ltrans.o
 .text.ReadUnaligned16
                0x000000000000202c       0x68 /tmp/ccK9Mmew.ltrans0.ltrans.o
 .text.BasePrintLibSPrintMarker.constprop.30
                0x0000000000002094      0xcbc /tmp/ccK9Mmew.ltrans0.ltrans.o
 .text.unlikely.BasePrintLibSPrint.constprop.31
                0x0000000000002d50       0x98 /tmp/ccK9Mmew.ltrans0.ltrans.o
 .text.AsciiSPrint.constprop.28
                0x0000000000002de8       0xa4 /tmp/ccK9Mmew.ltrans0.ltrans.o
 .text.ReadUnaligned24
                0x0000000000002e8c       0x54 /tmp/ccK9Mmew.ltrans0.ltrans.o
 .text.AsciiStrLen
                0x0000000000002ee0       0xa0 /tmp/ccK9Mmew.ltrans0.ltrans.o
 .text.AsciiStrnCmp
                0x0000000000002f80       0xf0 /tmp/ccK9Mmew.ltrans0.ltrans.o
 .text.LookupUnicodeString2
                0x0000000000003070      0x140 /tmp/ccK9Mmew.ltrans0.ltrans.o
 .text.ConSplitterComponentNameGetDriverName
                0x00000000000031b0       0x74 /tmp/ccK9Mmew.ltrans0.ltrans.o
 .text.DebugPrint
                0x0000000000003224       0xc0 /tmp/ccK9Mmew.ltrans0.ltrans.o
 .text.EfiLibInstallDriverBindingComponentName2.constprop.19
                0x00000000000032e4       0xa8 /tmp/ccK9Mmew.ltrans0.ltrans.o
 .text.FreePool
                0x000000000000338c       0x7c /tmp/ccK9Mmew.ltrans0.ltrans.o
 .text.ToggleStateSyncKeyNotify
                0x0000000000003408       0xbc /tmp/ccK9Mmew.ltrans0.ltrans.o
 .text.InternalBaseLibIsListValid
                0x00000000000034c4       0xb8 /tmp/ccK9Mmew.ltrans0.ltrans.o
 .text.RemoveEntryList
                0x000000000000357c       0x88 /tmp/ccK9Mmew.ltrans0.ltrans.o
 .text.InsertTailList
                0x0000000000003604       0x6c /tmp/ccK9Mmew.ltrans0.ltrans.o
 .text.ConSplitterTestControllerHandles
                0x0000000000003670      0x138 /tmp/ccK9Mmew.ltrans0.ltrans.o
 .text.ConSplitterStdErrComponentNameGetControllerName
                0x00000000000037a8       0x84 /tmp/ccK9Mmew.ltrans0.ltrans.o
 .text.ConSplitterConOutComponentNameGetControllerName
                0x000000000000382c       0x84 /tmp/ccK9Mmew.ltrans0.ltrans.o
 .text.ConSplitterAbsolutePointerComponentNameGetControllerName
                0x00000000000038b0       0x84 /tmp/ccK9Mmew.ltrans0.ltrans.o
 .text.ConSplitterSimplePointerComponentNameGetControllerName
                0x0000000000003934       0x84 /tmp/ccK9Mmew.ltrans0.ltrans.o
 .text.ConSplitterConInComponentNameGetControllerName
                0x00000000000039b8       0x84 /tmp/ccK9Mmew.ltrans0.ltrans.o
 .text.ConSplitterGraphicsOutputBlt
                0x0000000000003a3c      0x194 /tmp/ccK9Mmew.ltrans0.ltrans.o
 .text.ConSplitterTextOutEnableCursor
                0x0000000000003bd0       0xb8 /tmp/ccK9Mmew.ltrans0.ltrans.o
 .text.ConSplitterTextOutSetCursorPosition
                0x0000000000003c88      0x108 /tmp/ccK9Mmew.ltrans0.ltrans.o
 .text.ConSplitterTextOutClearScreen
                0x0000000000003d90       0xb0 /tmp/ccK9Mmew.ltrans0.ltrans.o
 .text.ConSplitterTextOutSetAttribute
                0x0000000000003e40       0xcc /tmp/ccK9Mmew.ltrans0.ltrans.o
 .text.ConSplitterTextOutSetMode
                0x0000000000003f0c      0x13c /tmp/ccK9Mmew.ltrans0.ltrans.o
 .text.ConSplitterTextOutQueryMode
                0x0000000000004048      0x100 /tmp/ccK9Mmew.ltrans0.ltrans.o
 .text.ConSplitterTextOutTestString
                0x0000000000004148       0xb4 /tmp/ccK9Mmew.ltrans0.ltrans.o
 .text.ConSplitterTextOutOutputString
                0x00000000000041fc      0x1d8 /tmp/ccK9Mmew.ltrans0.ltrans.o
 .text.ConSplitterTextOutReset
                0x00000000000043d4       0xe0 /tmp/ccK9Mmew.ltrans0.ltrans.o
 .text.ConSplitterAbsolutePointerGetState
                0x00000000000044b4      0x1e8 /tmp/ccK9Mmew.ltrans0.ltrans.o
 .text.ConSplitterAbsolutePointerReset
                0x000000000000469c       0xbc /tmp/ccK9Mmew.ltrans0.ltrans.o
 .text.ConSplitterSimplePointerGetState
                0x0000000000004758      0x1d0 /tmp/ccK9Mmew.ltrans0.ltrans.o
 .text.ConSplitterSimplePointerReset
                0x0000000000004928       0xb8 /tmp/ccK9Mmew.ltrans0.ltrans.o
 .text.ConSplitterTextInUnregisterKeyNotify
                0x00000000000049e0      0x158 /tmp/ccK9Mmew.ltrans0.ltrans.o
 .text.ConSplitterTextInSetState
                0x0000000000004b38      0x104 /tmp/ccK9Mmew.ltrans0.ltrans.o
 .text.ConSplitterTextInResetEx
                0x0000000000004c3c       0xb8 /tmp/ccK9Mmew.ltrans0.ltrans.o
 .text.ConSplitterTextInReset
                0x0000000000004cf4       0xb8 /tmp/ccK9Mmew.ltrans0.ltrans.o
 .text.CopyMem  0x0000000000004dac       0xb0 /tmp/ccK9Mmew.ltrans0.ltrans.o
 .text.ConSplitterGraphicsOutputSetMode
                0x0000000000004e5c      0x238 /tmp/ccK9Mmew.ltrans0.ltrans.o
 .text.ConSplitterGraphicsOutputQueryMode
                0x0000000000005094      0x138 /tmp/ccK9Mmew.ltrans0.ltrans.o
 .text.ConSplitterTextInExDequeueKey
                0x00000000000051cc       0x60 /tmp/ccK9Mmew.ltrans0.ltrans.o
 .text.ConSplitterTextInReadKeyStroke
                0x000000000000522c      0x144 /tmp/ccK9Mmew.ltrans0.ltrans.o
 .text.ConSplitterGetIntersection
                0x0000000000005370       0xc8 /tmp/ccK9Mmew.ltrans0.ltrans.o
 .text.ConSplitterSyncOutputMode
                0x0000000000005438      0x14c /tmp/ccK9Mmew.ltrans0.ltrans.o
 .text.ConSplitterGrowMapTable
                0x0000000000005584       0xc8 /tmp/ccK9Mmew.ltrans0.ltrans.o
 .text.ZeroMem  0x000000000000564c       0x7c /tmp/ccK9Mmew.ltrans0.ltrans.o
 .text.ConSplitterGrowBuffer
                0x00000000000056c8       0xb0 /tmp/ccK9Mmew.ltrans0.ltrans.o
 .text.ConSplitterAddOutputMode
                0x0000000000005778       0xf4 /tmp/ccK9Mmew.ltrans0.ltrans.o
 .text.ConSplitterAbsolutePointerDriverBindingStart
                0x000000000000586c       0xc0 /tmp/ccK9Mmew.ltrans0.ltrans.o
 .text.ConSplitterSimplePointerDriverBindingStart
                0x000000000000592c       0xc0 /tmp/ccK9Mmew.ltrans0.ltrans.o
 .text.ConSplitterConInDriverBindingStart
                0x00000000000059ec      0x324 /tmp/ccK9Mmew.ltrans0.ltrans.o
 .text.AllocateZeroPool
                0x0000000000005d10       0x34 /tmp/ccK9Mmew.ltrans0.ltrans.o
 .text.ConSplitterTextInRegisterKeyNotify
                0x0000000000005d44      0x27c /tmp/ccK9Mmew.ltrans0.ltrans.o
 .text.ConSplitterGetIntersectionBetweenConOutAndStrErr
                0x0000000000005fc0      0x234 /tmp/ccK9Mmew.ltrans0.ltrans.o
 .text.ConSplitterTextOutAddDevice.constprop.1
                0x00000000000061f4      0x7a4 /tmp/ccK9Mmew.ltrans0.ltrans.o
 .text.ConSplitterStdErrDriverBindingStart
                0x0000000000006998       0xac /tmp/ccK9Mmew.ltrans0.ltrans.o
 .text.ConSplitterConOutDriverBindingStart
                0x0000000000006a44      0x118 /tmp/ccK9Mmew.ltrans0.ltrans.o
 .text.ConSplitterTextOutConstructor
                0x0000000000006b5c      0x158 /tmp/ccK9Mmew.ltrans0.ltrans.o
 .text.ConSplitterTextInReadKeyStrokeEx
                0x0000000000006cb4      0x200 /tmp/ccK9Mmew.ltrans0.ltrans.o
 .text.ConSplitterTextOutDeleteDevice
                0x0000000000006eb4      0x17c /tmp/ccK9Mmew.ltrans0.ltrans.o
 .text.ConSplitterStdErrDriverBindingStop
                0x0000000000007030       0x88 /tmp/ccK9Mmew.ltrans0.ltrans.o
 .text.ConSplitterConOutDriverBindingStop
                0x00000000000070b8       0x88 /tmp/ccK9Mmew.ltrans0.ltrans.o
 .text.__stack_chk_fail
                0x0000000000007140       0x34 /tmp/ccK9Mmew.ltrans0.ltrans.o
                0x0000000000007140                __stack_chk_fail
 .text._ModuleEntryPoint
                0x0000000000007174      0x854 /tmp/ccK9Mmew.ltrans0.ltrans.o
                0x0000000000007174                _ModuleEntryPoint
 .text.memcpy   0x00000000000079c8       0x20 /tmp/ccK9Mmew.ltrans0.ltrans.o
                0x00000000000079c8                memcpy
 *fill*         0x00000000000079e8        0x8 
 .text          0x00000000000079f0      0x200 /home/core/edk2-dipper/workspace/Build/XiaomiMI8Pkg/DEBUG_GCC5/AARCH64/MdePkg/Library/BaseMemoryLibOptDxe/BaseMemoryLibOptDxe/OUTPUT/BaseMemoryLibOptDxe.lib(SetMem.obj)
                0x00000000000079f0                InternalMemSetMem16
                0x00000000000079fc                InternalMemSetMem32
                0x0000000000007a08                InternalMemSetMem64
                0x0000000000007a14                InternalMemZeroMem
                0x0000000000007a1c                InternalMemSetMem
 .text          0x0000000000007bf0      0x218 /home/core/edk2-dipper/workspace/Build/XiaomiMI8Pkg/DEBUG_GCC5/AARCH64/MdePkg/Library/BaseMemoryLibOptDxe/BaseMemoryLibOptDxe/OUTPUT/BaseMemoryLibOptDxe.lib(CopyMem.obj)
                0x0000000000007d5c                InternalMemCopyMem
 *fill*         0x0000000000007e08       0x18 
 .text          0x0000000000007e20       0x20 /home/core/edk2-dipper/workspace/Build/XiaomiMI8Pkg/DEBUG_GCC5/AARCH64/MdePkg/Library/BaseMemoryLibOptDxe/BaseMemoryLibOptDxe/OUTPUT/BaseMemoryLibOptDxe.lib(CompareGuid.obj)
                0x0000000000007e20                InternalMemCompareGuid
 .text.ArmCacheInfo
                0x0000000000007e40        0x8 /home/core/edk2-dipper/workspace/Build/XiaomiMI8Pkg/DEBUG_GCC5/AARCH64/ArmPkg/Library/ArmLib/ArmBaseLib/OUTPUT/ArmBaseLib.lib(ArmLibSupport.obj)
                0x0000000000007e40                ArmCacheInfo
 .text.ArmGetInterruptState
                0x0000000000007e48       0x10 /home/core/edk2-dipper/workspace/Build/XiaomiMI8Pkg/DEBUG_GCC5/AARCH64/ArmPkg/Library/ArmLib/ArmBaseLib/OUTPUT/ArmBaseLib.lib(ArmLibSupport.obj)
                0x0000000000007e48                ArmGetInterruptState
 .text.ArmEnableInterrupts
                0x0000000000007e58        0xc /home/core/edk2-dipper/workspace/Build/XiaomiMI8Pkg/DEBUG_GCC5/AARCH64/ArmPkg/Library/ArmLib/ArmBaseLib/OUTPUT/ArmBaseLib.lib(ArmLibSupportV8.obj)
                0x0000000000007e58                ArmEnableInterrupts
 .text.ArmDisableInterrupts
                0x0000000000007e64        0xc /home/core/edk2-dipper/workspace/Build/XiaomiMI8Pkg/DEBUG_GCC5/AARCH64/ArmPkg/Library/ArmLib/ArmBaseLib/OUTPUT/ArmBaseLib.lib(ArmLibSupportV8.obj)
                0x0000000000007e64                ArmDisableInterrupts
 .text.ArmCleanInvalidateDataCacheEntryByMVA
                0x0000000000007e70        0x8 /home/core/edk2-dipper/workspace/Build/XiaomiMI8Pkg/DEBUG_GCC5/AARCH64/ArmPkg/Library/ArmLib/ArmBaseLib/OUTPUT/ArmBaseLib.lib(AArch64Support.obj)
                0x0000000000007e70                ArmCleanInvalidateDataCacheEntryByMVA
 .text.ArmDataSynchronizationBarrier
                0x0000000000007e78        0x8 /home/core/edk2-dipper/workspace/Build/XiaomiMI8Pkg/DEBUG_GCC5/AARCH64/ArmPkg/Library/ArmLib/ArmBaseLib/OUTPUT/ArmBaseLib.lib(AArch64Support.obj)
                0x0000000000007e78                ArmDataSynchronizationBarrier
 *(.rodata .rodata.* .gnu.linkonce.r.*)
 .rodata.AsciiStrLen.str1.1
                0x0000000000007e80       0x7f /tmp/ccK9Mmew.ltrans0.ltrans.o
 .rodata.AsciiStrnCmp.str1.1
                0x0000000000007eff       0x70 /tmp/ccK9Mmew.ltrans0.ltrans.o
 .rodata.BasePrintLibSPrintMarker.constprop.30.str1.1
                0x0000000000007f6f      0x16f /tmp/ccK9Mmew.ltrans0.ltrans.o
 .rodata.CompareGuid.constprop.18.str1.1
                0x00000000000080de       0x5a /tmp/ccK9Mmew.ltrans0.ltrans.o
 .rodata.ConSplitterTextInReadKeyStrokeEx.str1.1
                0x0000000000008138       0x22 /tmp/ccK9Mmew.ltrans0.ltrans.o
 .rodata.ConSplitterTextInRegisterKeyNotify.str1.1
                0x000000000000815a       0x3c /tmp/ccK9Mmew.ltrans0.ltrans.o
 .rodata.ConSplitterTextOutAddDevice.constprop.1.str1.1
                0x0000000000008196       0xaa /tmp/ccK9Mmew.ltrans0.ltrans.o
 .rodata.ConSplitterTextOutEnableCursor.str1.1
                0x0000000000008240       0x4c /tmp/ccK9Mmew.ltrans0.ltrans.o
 .rodata.ConSplitterUgaDrawBlt.str1.1
                0x000000000000828c       0x69 /tmp/ccK9Mmew.ltrans0.ltrans.o
 .rodata.CopyMem.str1.1
                0x00000000000082f5       0xc5 /tmp/ccK9Mmew.ltrans0.ltrans.o
 .rodata.DebugAssert.str1.1
                0x00000000000083ba       0x27 /tmp/ccK9Mmew.ltrans0.ltrans.o
 .rodata.DivU64x64Remainder.constprop.12.str1.1
                0x00000000000083e1       0x49 /tmp/ccK9Mmew.ltrans0.ltrans.o
 .rodata.EfiLibInstallDriverBindingComponentName2.constprop.19.str1.1
                0x000000000000842a       0x6e /tmp/ccK9Mmew.ltrans0.ltrans.o
 .rodata.FreePool.str1.1
                0x0000000000008498       0x4d /tmp/ccK9Mmew.ltrans0.ltrans.o
 .rodata.InternalBaseLibIsListValid.str1.1
                0x00000000000084e5       0x75 /tmp/ccK9Mmew.ltrans0.ltrans.o
                                         0x8a (size before relaxing)
 .rodata.ReadUnaligned16.str1.1
                0x000000000000855a       0x4e /tmp/ccK9Mmew.ltrans0.ltrans.o
 .rodata.RemoveEntryList.str1.1
                0x00000000000085a8       0x3b /tmp/ccK9Mmew.ltrans0.ltrans.o
 .rodata.SetMem.constprop.2.str1.1
                0x00000000000085e3       0x7b /tmp/ccK9Mmew.ltrans0.ltrans.o
 .rodata.ToggleStateSyncKeyNotify.str1.1
                0x000000000000865e       0x20 /tmp/ccK9Mmew.ltrans0.ltrans.o
 .rodata.ZeroMem.str1.1
                0x000000000000867e       0x7a /tmp/ccK9Mmew.ltrans0.ltrans.o
 .rodata._ModuleEntryPoint.str1.1
                0x00000000000086f8      0x20b /tmp/ccK9Mmew.ltrans0.ltrans.o
 .rodata.__stack_chk_fail.str1.1
                0x0000000000008903       0x2e /tmp/ccK9Mmew.ltrans0.ltrans.o
 .rodata.mHexStr
                0x0000000000008931       0x10 /tmp/ccK9Mmew.ltrans0.ltrans.o
 *fill*         0x0000000000008941        0x7 
 .rodata.mStatusString
                0x0000000000008948      0x138 /tmp/ccK9Mmew.ltrans0.ltrans.o
 .rodata.str1.1
                0x0000000000008a80      0x22f /tmp/ccK9Mmew.ltrans0.ltrans.o
                                        0x243 (size before relaxing)
 *fill*         0x0000000000008caf        0x1 
 .rodata.str2.2
                0x0000000000008cb0      0x15e /tmp/ccK9Mmew.ltrans0.ltrans.o
 *(.got .got.*)
 *fill*         0x0000000000008e0e        0x2 
 .got           0x0000000000008e10        0x8 /home/core/edk2/ArmPkg/Library/GccLto/liblto-aarch64.a
                0x0000000000008e10                _GLOBAL_OFFSET_TABLE_
 .got.plt       0x0000000000008e18       0x18 /home/core/edk2/ArmPkg/Library/GccLto/liblto-aarch64.a
 *:AutoGen.obj(.data.g*Guid)

.plt            0x0000000000008e30        0x0
 .plt           0x0000000000008e30        0x0 /home/core/edk2/ArmPkg/Library/GccLto/liblto-aarch64.a

.data           0x0000000000009000      0xaa8
 *(.data .data.* .gnu.linkonce.d.*)
 .data.rel.ro   0x0000000000009000        0x0 /home/core/edk2/ArmPkg/Library/GccLto/liblto-aarch64.a
 .data.__stack_chk_guard
                0x0000000000009000        0x8 /tmp/ccK9Mmew.ltrans0.ltrans.o
                0x0000000000009000                __stack_chk_guard
 .data._gPcd_BinaryPatch_PcdConOutColumn
                0x0000000000009008        0x4 /tmp/ccK9Mmew.ltrans0.ltrans.o
 .data._gPcd_BinaryPatch_PcdConOutRow
                0x000000000000900c        0x4 /tmp/ccK9Mmew.ltrans0.ltrans.o
 .data.font5x12
                0x0000000000009010      0x300 /tmp/ccK9Mmew.ltrans0.ltrans.o
 .data.gConSplitterAbsolutePointerComponentName
                0x0000000000009310       0x18 /tmp/ccK9Mmew.ltrans0.ltrans.o
 .data.gConSplitterAbsolutePointerComponentName2
                0x0000000000009328       0x18 /tmp/ccK9Mmew.ltrans0.ltrans.o
 .data.gConSplitterAbsolutePointerDriverBinding
                0x0000000000009340       0x30 /tmp/ccK9Mmew.ltrans0.ltrans.o
 .data.gConSplitterConInComponentName
                0x0000000000009370       0x18 /tmp/ccK9Mmew.ltrans0.ltrans.o
 .data.gConSplitterConInComponentName2
                0x0000000000009388       0x18 /tmp/ccK9Mmew.ltrans0.ltrans.o
 .data.gConSplitterConInDriverBinding
                0x00000000000093a0       0x30 /tmp/ccK9Mmew.ltrans0.ltrans.o
 .data.gConSplitterConOutComponentName
                0x00000000000093d0       0x18 /tmp/ccK9Mmew.ltrans0.ltrans.o
 .data.gConSplitterConOutComponentName2
                0x00000000000093e8       0x18 /tmp/ccK9Mmew.ltrans0.ltrans.o
 .data.gConSplitterConOutDriverBinding
                0x0000000000009400       0x30 /tmp/ccK9Mmew.ltrans0.ltrans.o
 .data.gConSplitterSimplePointerComponentName
                0x0000000000009430       0x18 /tmp/ccK9Mmew.ltrans0.ltrans.o
 .data.gConSplitterSimplePointerComponentName2
                0x0000000000009448       0x18 /tmp/ccK9Mmew.ltrans0.ltrans.o
 .data.gConSplitterSimplePointerDriverBinding
                0x0000000000009460       0x30 /tmp/ccK9Mmew.ltrans0.ltrans.o
 .data.gConSplitterStdErrComponentName
                0x0000000000009490       0x18 /tmp/ccK9Mmew.ltrans0.ltrans.o
 .data.gConSplitterStdErrComponentName2
                0x00000000000094a8       0x18 /tmp/ccK9Mmew.ltrans0.ltrans.o
 .data.gConSplitterStdErrDriverBinding
                0x00000000000094c0       0x30 /tmp/ccK9Mmew.ltrans0.ltrans.o
 .data.gConnectConInEventGuid
                0x00000000000094f0       0x10 /tmp/ccK9Mmew.ltrans0.ltrans.o
 .data.gEfiAbsolutePointerProtocolGuid
                0x0000000000009500       0x10 /tmp/ccK9Mmew.ltrans0.ltrans.o
 .data.gEfiConsoleInDeviceGuid
                0x0000000000009510       0x10 /tmp/ccK9Mmew.ltrans0.ltrans.o
 .data.gEfiConsoleOutDeviceGuid
                0x0000000000009520       0x10 /tmp/ccK9Mmew.ltrans0.ltrans.o
 .data.gEfiDriverBindingProtocolGuid
                0x0000000000009530       0x10 /tmp/ccK9Mmew.ltrans0.ltrans.o
 .data.gEfiGraphicsOutputProtocolGuid
                0x0000000000009540       0x10 /tmp/ccK9Mmew.ltrans0.ltrans.o
 .data.gEfiHobListGuid
                0x0000000000009550       0x10 /tmp/ccK9Mmew.ltrans0.ltrans.o
 .data.gEfiSimplePointerProtocolGuid
                0x0000000000009560       0x10 /tmp/ccK9Mmew.ltrans0.ltrans.o
 .data.gEfiSimpleTextInProtocolGuid
                0x0000000000009570       0x10 /tmp/ccK9Mmew.ltrans0.ltrans.o
 .data.gEfiSimpleTextInputExProtocolGuid
                0x0000000000009580       0x10 /tmp/ccK9Mmew.ltrans0.ltrans.o
 .data.gEfiSimpleTextOutProtocolGuid
                0x0000000000009590       0x10 /tmp/ccK9Mmew.ltrans0.ltrans.o
 .data.gEfiStandardErrorDeviceGuid
                0x00000000000095a0       0x10 /tmp/ccK9Mmew.ltrans0.ltrans.o
 .data.gEfiUgaDrawProtocolGuid
                0x00000000000095b0       0x10 /tmp/ccK9Mmew.ltrans0.ltrans.o
 .data.mConIn   0x00000000000095c0      0x188 /tmp/ccK9Mmew.ltrans0.ltrans.o
 .data.mConOut  0x0000000000009748      0x110 /tmp/ccK9Mmew.ltrans0.ltrans.o
 .data.mConSplitterAbsolutePointerControllerNameTable
                0x0000000000009858       0x20 /tmp/ccK9Mmew.ltrans0.ltrans.o
 .data.mConSplitterConInControllerNameTable
                0x0000000000009878       0x20 /tmp/ccK9Mmew.ltrans0.ltrans.o
 .data.mConSplitterConOutControllerNameTable
                0x0000000000009898       0x20 /tmp/ccK9Mmew.ltrans0.ltrans.o
 .data.mConSplitterDriverNameTable
                0x00000000000098b8       0x20 /tmp/ccK9Mmew.ltrans0.ltrans.o
 .data.mConSplitterSimplePointerControllerNameTable
                0x00000000000098d8       0x20 /tmp/ccK9Mmew.ltrans0.ltrans.o
 .data.mConSplitterStdErrControllerNameTable
                0x00000000000098f8       0x20 /tmp/ccK9Mmew.ltrans0.ltrans.o
 .data.mGraphicsOutputProtocolTemplate
                0x0000000000009918       0x20 /tmp/ccK9Mmew.ltrans0.ltrans.o
 .data.mStdErr  0x0000000000009938      0x110 /tmp/ccK9Mmew.ltrans0.ltrans.o
 *(.bss .bss.*)
 .bss.gBS       0x0000000000009a48        0x8 /tmp/ccK9Mmew.ltrans0.ltrans.o
 .bss.gImageHandle
                0x0000000000009a50        0x8 /tmp/ccK9Mmew.ltrans0.ltrans.o
 .bss.gRT       0x0000000000009a58        0x8 /tmp/ccK9Mmew.ltrans0.ltrans.o
 .bss.gST       0x0000000000009a60        0x8 /tmp/ccK9Mmew.ltrans0.ltrans.o
 .bss.mHobList  0x0000000000009a68        0x8 /tmp/ccK9Mmew.ltrans0.ltrans.o
 .bss.m_Color   0x0000000000009a70       0x10 /tmp/ccK9Mmew.ltrans0.ltrans.o
 .bss.m_Initialized
                0x0000000000009a80        0x1 /tmp/ccK9Mmew.ltrans0.ltrans.o
 *fill*         0x0000000000009a81        0x7 
 .bss.m_MaxPosition
                0x0000000000009a88       0x10 /tmp/ccK9Mmew.ltrans0.ltrans.o
 .bss.m_Position
                0x0000000000009a98       0x10 /tmp/ccK9Mmew.ltrans0.ltrans.o

.dynbss         0x0000000000009aa8        0x0
 .dynbss        0x0000000000009aa8        0x0 /home/core/edk2/ArmPkg/Library/GccLto/liblto-aarch64.a

.eh_frame
 *(.eh_frame)

.rela           0x0000000000009aa8      0xc00
 *(.rela .rela.*)
 .rela.got      0x0000000000009aa8        0x0 /home/core/edk2/ArmPkg/Library/GccLto/liblto-aarch64.a
 .rela.plt      0x0000000000009aa8        0x0 /home/core/edk2/ArmPkg/Library/GccLto/liblto-aarch64.a
 .rela.bss      0x0000000000009aa8        0x0 /home/core/edk2/ArmPkg/Library/GccLto/liblto-aarch64.a
 .rela.data.rel.ro
                0x0000000000009aa8        0x0 /home/core/edk2/ArmPkg/Library/GccLto/liblto-aarch64.a
 .rela.ifunc    0x0000000000009aa8        0x0 /home/core/edk2/ArmPkg/Library/GccLto/liblto-aarch64.a
 .rela.data.gConSplitterAbsolutePointerComponentName
                0x0000000000009aa8       0x48 /home/core/edk2/ArmPkg/Library/GccLto/liblto-aarch64.a
 .rela.data.gConSplitterAbsolutePointerComponentName2
                0x0000000000009af0       0x48 /home/core/edk2/ArmPkg/Library/GccLto/liblto-aarch64.a
 .rela.data.gConSplitterAbsolutePointerDriverBinding
                0x0000000000009b38       0x48 /home/core/edk2/ArmPkg/Library/GccLto/liblto-aarch64.a
 .rela.data.gConSplitterConInComponentName
                0x0000000000009b80       0x48 /home/core/edk2/ArmPkg/Library/GccLto/liblto-aarch64.a
 .rela.data.gConSplitterConInComponentName2
                0x0000000000009bc8       0x48 /home/core/edk2/ArmPkg/Library/GccLto/liblto-aarch64.a
 .rela.data.gConSplitterConInDriverBinding
                0x0000000000009c10       0x48 /home/core/edk2/ArmPkg/Library/GccLto/liblto-aarch64.a
 .rela.data.gConSplitterConOutComponentName
                0x0000000000009c58       0x48 /home/core/edk2/ArmPkg/Library/GccLto/liblto-aarch64.a
 .rela.data.gConSplitterConOutComponentName2
                0x0000000000009ca0       0x48 /home/core/edk2/ArmPkg/Library/GccLto/liblto-aarch64.a
 .rela.data.gConSplitterConOutDriverBinding
                0x0000000000009ce8       0x48 /home/core/edk2/ArmPkg/Library/GccLto/liblto-aarch64.a
 .rela.data.gConSplitterSimplePointerComponentName
                0x0000000000009d30       0x48 /home/core/edk2/ArmPkg/Library/GccLto/liblto-aarch64.a
 .rela.data.gConSplitterSimplePointerComponentName2
                0x0000000000009d78       0x48 /home/core/edk2/ArmPkg/Library/GccLto/liblto-aarch64.a
 .rela.data.gConSplitterSimplePointerDriverBinding
                0x0000000000009dc0       0x48 /home/core/edk2/ArmPkg/Library/GccLto/liblto-aarch64.a
 .rela.data.gConSplitterStdErrComponentName
                0x0000000000009e08       0x48 /home/core/edk2/ArmPkg/Library/GccLto/liblto-aarch64.a
 .rela.data.gConSplitterStdErrComponentName2
                0x0000000000009e50       0x48 /home/core/edk2/ArmPkg/Library/GccLto/liblto-aarch64.a
 .rela.data.gConSplitterStdErrDriverBinding
                0x0000000000009e98       0x48 /home/core/edk2/ArmPkg/Library/GccLto/liblto-aarch64.a
 .rela.data.mConIn
                0x0000000000009ee0      0x108 /home/core/edk2/ArmPkg/Library/GccLto/liblto-aarch64.a
 .rela.data.mConOut
                0x0000000000009fe8       0xd8 /home/core/edk2/ArmPkg/Library/GccLto/liblto-aarch64.a
 .rela.data.mConSplitterAbsolutePointerControllerNameTable
                0x000000000000a0c0       0x30 /home/core/edk2/ArmPkg/Library/GccLto/liblto-aarch64.a
 .rela.data.mConSplitterConInControllerNameTable
                0x000000000000a0f0       0x30 /home/core/edk2/ArmPkg/Library/GccLto/liblto-aarch64.a
 .rela.data.mConSplitterConOutControllerNameTable
                0x000000000000a120       0x30 /home/core/edk2/ArmPkg/Library/GccLto/liblto-aarch64.a
 .rela.data.mConSplitterDriverNameTable
                0x000000000000a150       0x30 /home/core/edk2/ArmPkg/Library/GccLto/liblto-aarch64.a
 .rela.data.mConSplitterSimplePointerControllerNameTable
                0x000000000000a180       0x30 /home/core/edk2/ArmPkg/Library/GccLto/liblto-aarch64.a
 .rela.data.mConSplitterStdErrControllerNameTable
                0x000000000000a1b0       0x30 /home/core/edk2/ArmPkg/Library/GccLto/liblto-aarch64.a
 .rela.data.mGraphicsOutputProtocolTemplate
                0x000000000000a1e0       0x48 /home/core/edk2/ArmPkg/Library/GccLto/liblto-aarch64.a
 .rela.data.mStdErr
                0x000000000000a228       0xd8 /home/core/edk2/ArmPkg/Library/GccLto/liblto-aarch64.a
 .rela.rodata.mStatusString
                0x000000000000a300      0x3a8 /home/core/edk2/ArmPkg/Library/GccLto/liblto-aarch64.a

.hii
 *(.hii)

.build-id       0x000000000000a6a8       0x24
 *(.note.gnu.build-id)
 .note.gnu.build-id
                0x000000000000a6a8       0x24 /home/core/edk2/ArmPkg/Library/GccLto/liblto-aarch64.a

/DISCARD/
 *(.note.GNU-stack)
 *(.gnu_debuglink)
 *(.interp)
 *(.dynsym)
 *(.dynstr)
 *(.dynamic)
 *(.hash .gnu.hash)
 *(.comment)
 *(COMMON)
                0x0000000000000228                PECOFF_HEADER_SIZE = 0x228
OUTPUT(/home/core/edk2-dipper/workspace/Build/XiaomiMI8Pkg/DEBUG_GCC5/AARCH64/MdeModulePkg/Universal/Console/ConSplitterDxe/ConSplitterDxe/DEBUG/ConSplitterDxe.dll elf64-littleaarch64)

.debug_info     0x0000000000000000     0xd77b
 .debug_info    0x0000000000000000     0xd77b /tmp/ccK9Mmew.ltrans0.ltrans.o

.debug_abbrev   0x0000000000000000      0x68e
 .debug_abbrev  0x0000000000000000      0x68e /tmp/ccK9Mmew.ltrans0.ltrans.o

.debug_loc      0x0000000000000000    0x1050c
 .debug_loc     0x0000000000000000    0x1050c /tmp/ccK9Mmew.ltrans0.ltrans.o

.debug_aranges  0x0000000000000000      0x6b0
 .debug_aranges
                0x0000000000000000      0x6b0 /tmp/ccK9Mmew.ltrans0.ltrans.o

.debug_ranges   0x0000000000000000     0x1760
 .debug_ranges  0x0000000000000000     0x1760 /tmp/ccK9Mmew.ltrans0.ltrans.o

.debug_line     0x0000000000000000     0x2345
 .debug_line    0x0000000000000000     0x2345 /tmp/ccK9Mmew.ltrans0.ltrans.o

.debug_str      0x0000000000000000     0x42ac
 .debug_str     0x0000000000000000     0x42ac /tmp/ccK9Mmew.ltrans0.ltrans.o
                                       0x491e (size before relaxing)

.debug_frame    0x0000000000000000     0x17b8
 .debug_frame   0x0000000000000000     0x17b8 /tmp/ccK9Mmew.ltrans0.ltrans.o
