Archive member included to satisfy reference by file (symbol)

/home/core/edk2-dipper/workspace/Build/XiaomiMI8Pkg/DEBUG_GCC5/AARCH64/ArmPkg/Library/CompilerIntrinsicsLib/CompilerIntrinsicsLib/OUTPUT/CompilerIntrinsicsLib.lib(memcpy.obj)
                              /home/core/edk2/ArmPkg/Library/GccLto/liblto-aarch64.a (memcpy)
/home/core/edk2-dipper/workspace/Build/XiaomiMI8Pkg/DEBUG_GCC5/AARCH64/ArmPkg/Library/CompilerIntrinsicsLib/CompilerIntrinsicsLib/OUTPUT/CompilerIntrinsicsLib.lib(memset.obj)
                              /home/core/edk2/ArmPkg/Library/GccLto/liblto-aarch64.a (memset)
/home/core/edk2-dipper/workspace/Build/XiaomiMI8Pkg/DEBUG_GCC5/AARCH64/MdePkg/Library/UefiApplicationEntryPoint/UefiApplicationEntryPoint/OUTPUT/UefiApplicationEntryPoint.lib(ApplicationEntryPoint.obj)
                              (_ModuleEntryPoint)
/home/core/edk2-dipper/workspace/Build/XiaomiMI8Pkg/DEBUG_GCC5/AARCH64/MdePkg/Library/BaseStackCheckLib/BaseStackCheckLib/OUTPUT/BaseStackCheckLib.lib(BaseStackCheckGcc.obj)
                              /home/core/edk2/ArmPkg/Library/GccLto/liblto-aarch64.a (__stack_chk_fail)
/home/core/edk2-dipper/workspace/Build/XiaomiMI8Pkg/DEBUG_GCC5/AARCH64/ShellPkg/Application/Shell/Shell/OUTPUT/Shell.lib(AutoGen.obj)
                              ApplicationEntryPoint.obj (symbol from plugin) (ProcessLibraryConstructorList)
/home/core/edk2-dipper/workspace/Build/XiaomiMI8Pkg/DEBUG_GCC5/AARCH64/ShellPkg/Application/Shell/Shell/OUTPUT/Shell.lib(Shell.obj)
                              AutoGen.obj (symbol from plugin) (UefiMain)
/home/core/edk2-dipper/workspace/Build/XiaomiMI8Pkg/DEBUG_GCC5/AARCH64/ShellPkg/Application/Shell/Shell/OUTPUT/Shell.lib(ShellParametersProtocol.obj)
                              Shell.obj (symbol from plugin) (GetNextParameter)
/home/core/edk2-dipper/workspace/Build/XiaomiMI8Pkg/DEBUG_GCC5/AARCH64/ShellPkg/Application/Shell/Shell/OUTPUT/Shell.lib(ShellProtocol.obj)
                              Shell.obj (symbol from plugin) (EfiShellGetEnv)
/home/core/edk2-dipper/workspace/Build/XiaomiMI8Pkg/DEBUG_GCC5/AARCH64/ShellPkg/Application/Shell/Shell/OUTPUT/Shell.lib(FileHandleWrappers.obj)
                              ShellParametersProtocol.obj (symbol from plugin) (CreateFileInterfaceEnv)
/home/core/edk2-dipper/workspace/Build/XiaomiMI8Pkg/DEBUG_GCC5/AARCH64/ShellPkg/Application/Shell/Shell/OUTPUT/Shell.lib(ShellEnvVar.obj)
                              ShellProtocol.obj (symbol from plugin) (gShellEnvVarList)
/home/core/edk2-dipper/workspace/Build/XiaomiMI8Pkg/DEBUG_GCC5/AARCH64/ShellPkg/Application/Shell/Shell/OUTPUT/Shell.lib(ShellManParser.obj)
                              ShellProtocol.obj (symbol from plugin) (ProcessManFile)
/home/core/edk2-dipper/workspace/Build/XiaomiMI8Pkg/DEBUG_GCC5/AARCH64/ShellPkg/Application/Shell/Shell/OUTPUT/Shell.lib(ConsoleLogger.obj)
                              Shell.obj (symbol from plugin) (ConsoleLoggerUninstall)
/home/core/edk2-dipper/workspace/Build/XiaomiMI8Pkg/DEBUG_GCC5/AARCH64/ShellPkg/Application/Shell/Shell/OUTPUT/Shell.lib(ConsoleWrappers.obj)
                              Shell.obj (symbol from plugin) (CreateSimpleTextInOnFile)
/home/core/edk2-dipper/workspace/Build/XiaomiMI8Pkg/DEBUG_GCC5/AARCH64/MdePkg/Library/BaseMemoryLibOptDxe/BaseMemoryLibOptDxe/OUTPUT/BaseMemoryLibOptDxe.lib(MemLibGuid.obj)
                              ShellProtocol.obj (symbol from plugin) (CopyGuid)
/home/core/edk2-dipper/workspace/Build/XiaomiMI8Pkg/DEBUG_GCC5/AARCH64/MdePkg/Library/BaseMemoryLibOptDxe/BaseMemoryLibOptDxe/OUTPUT/BaseMemoryLibOptDxe.lib(ZeroMemWrapper.obj)
                              ShellProtocol.obj (symbol from plugin) (ZeroMem)
/home/core/edk2-dipper/workspace/Build/XiaomiMI8Pkg/DEBUG_GCC5/AARCH64/MdePkg/Library/BaseMemoryLibOptDxe/BaseMemoryLibOptDxe/OUTPUT/BaseMemoryLibOptDxe.lib(SetMem16Wrapper.obj)
                              ShellParametersProtocol.obj (symbol from plugin) (SetMem16)
/home/core/edk2-dipper/workspace/Build/XiaomiMI8Pkg/DEBUG_GCC5/AARCH64/MdePkg/Library/BaseMemoryLibOptDxe/BaseMemoryLibOptDxe/OUTPUT/BaseMemoryLibOptDxe.lib(SetMemWrapper.obj)
                              FileHandleWrappers.obj (symbol from plugin) (SetMem)
/home/core/edk2-dipper/workspace/Build/XiaomiMI8Pkg/DEBUG_GCC5/AARCH64/MdePkg/Library/BaseMemoryLibOptDxe/BaseMemoryLibOptDxe/OUTPUT/BaseMemoryLibOptDxe.lib(CopyMemWrapper.obj)
                              Shell.obj (symbol from plugin) (CopyMem)
/home/core/edk2-dipper/workspace/Build/XiaomiMI8Pkg/DEBUG_GCC5/AARCH64/MdePkg/Library/BaseMemoryLibOptDxe/BaseMemoryLibOptDxe/OUTPUT/BaseMemoryLibOptDxe.lib(SetMem.obj)
                              SetMem16Wrapper.obj (symbol from plugin) (InternalMemSetMem16)
/home/core/edk2-dipper/workspace/Build/XiaomiMI8Pkg/DEBUG_GCC5/AARCH64/MdePkg/Library/BaseMemoryLibOptDxe/BaseMemoryLibOptDxe/OUTPUT/BaseMemoryLibOptDxe.lib(CopyMem.obj)
                              MemLibGuid.obj (symbol from plugin) (InternalMemCopyMem)
[...]
Memory Configuration

Name             Origin             Length             Attributes
*default*        0x0000000000000000 0xffffffffffffffff

Linker script and memory map

LOAD /home/core/edk2/ArmPkg/Library/GccLto/liblto-aarch64.a
LOAD /tmp/ccBFAMxi.ltrans0.ltrans.o
LOAD /tmp/ccBFAMxi.ltrans1.ltrans.o
LOAD /tmp/ccBFAMxi.ltrans2.ltrans.o
LOAD /tmp/ccBFAMxi.ltrans3.ltrans.o
LOAD /tmp/ccBFAMxi.ltrans4.ltrans.o
LOAD /tmp/ccBFAMxi.ltrans5.ltrans.o
LOAD /tmp/ccBFAMxi.ltrans6.ltrans.o
LOAD /tmp/ccBFAMxi.ltrans7.ltrans.o
LOAD /tmp/ccBFAMxi.ltrans8.ltrans.o
LOAD /tmp/ccBFAMxi.ltrans9.ltrans.o
START GROUP
LOAD /home/core/edk2-dipper/workspace/Build/XiaomiMI8Pkg/DEBUG_GCC5/AARCH64/ShellPkg/Application/Shell/Shell/OUTPUT/Shell.lib
LOAD /home/core/edk2-dipper/workspace/Build/XiaomiMI8Pkg/DEBUG_GCC5/AARCH64/MdePkg/Library/DxePcdLib/DxePcdLib/OUTPUT/DxePcdLib.lib
LOAD /home/core/edk2-dipper/workspace/Build/XiaomiMI8Pkg/DEBUG_GCC5/AARCH64/MdePkg/Library/BaseMemoryLibOptDxe/BaseMemoryLibOptDxe/OUTPUT/BaseMemoryLibOptDxe.lib
LOAD /home/core/edk2-dipper/workspace/Build/XiaomiMI8Pkg/DEBUG_GCC5/AARCH64/MdePkg/Library/BaseLib/BaseLib/OUTPUT/BaseLib.lib
LOAD /home/core/edk2-dipper/workspace/Build/XiaomiMI8Pkg/DEBUG_GCC5/AARCH64/ArmPkg/Library/ArmLib/ArmBaseLib/OUTPUT/ArmBaseLib.lib
LOAD /home/core/edk2-dipper/workspace/Build/XiaomiMI8Pkg/DEBUG_GCC5/AARCH64/ArmPkg/Library/ArmCacheMaintenanceLib/ArmCacheMaintenanceLib/OUTPUT/ArmCacheMaintenanceLib.lib
LOAD /home/core/edk2-dipper/workspace/Build/XiaomiMI8Pkg/DEBUG_GCC5/AARCH64/MdePkg/Library/BaseIoLibIntrinsic/BaseIoLibIntrinsic/OUTPUT/BaseIoLibIntrinsic.lib
LOAD /home/core/edk2-dipper/workspace/Build/XiaomiMI8Pkg/DEBUG_GCC5/AARCH64/ArmPkg/Library/CompilerIntrinsicsLib/CompilerIntrinsicsLib/OUTPUT/CompilerIntrinsicsLib.lib
LOAD /home/core/edk2-dipper/workspace/Build/XiaomiMI8Pkg/DEBUG_GCC5/AARCH64/MdePkg/Library/BaseDebugPrintErrorLevelLib/BaseDebugPrintErrorLevelLib/OUTPUT/BaseDebugPrintErrorLevelLib.lib
LOAD /home/core/edk2-dipper/workspace/Build/XiaomiMI8Pkg/DEBUG_GCC5/AARCH64/XiaomiMI8Pkg/Library/FrameBufferSerialPortLib/FrameBufferSerialPortLib/OUTPUT/FrameBufferSerialPortLib.lib
LOAD /home/core/edk2-dipper/workspace/Build/XiaomiMI8Pkg/DEBUG_GCC5/AARCH64/MdePkg/Library/BasePrintLib/BasePrintLib/OUTPUT/BasePrintLib.lib
LOAD /home/core/edk2-dipper/workspace/Build/XiaomiMI8Pkg/DEBUG_GCC5/AARCH64/MdePkg/Library/BaseDebugLibSerialPort/BaseDebugLibSerialPort/OUTPUT/BaseDebugLibSerialPort.lib
LOAD /home/core/edk2-dipper/workspace/Build/XiaomiMI8Pkg/DEBUG_GCC5/AARCH64/MdePkg/Library/UefiBootServicesTableLib/UefiBootServicesTableLib/OUTPUT/UefiBootServicesTableLib.lib
LOAD /home/core/edk2-dipper/workspace/Build/XiaomiMI8Pkg/DEBUG_GCC5/AARCH64/MdePkg/Library/UefiMemoryAllocationLib/UefiMemoryAllocationLib/OUTPUT/UefiMemoryAllocationLib.lib
LOAD /home/core/edk2-dipper/workspace/Build/XiaomiMI8Pkg/DEBUG_GCC5/AARCH64/MdePkg/Library/UefiDevicePathLib/UefiDevicePathLib/OUTPUT/UefiDevicePathLib.lib
LOAD /home/core/edk2-dipper/workspace/Build/XiaomiMI8Pkg/DEBUG_GCC5/AARCH64/MdePkg/Library/UefiRuntimeServicesTableLib/UefiRuntimeServicesTableLib/OUTPUT/UefiRuntimeServicesTableLib.lib
LOAD /home/core/edk2-dipper/workspace/Build/XiaomiMI8Pkg/DEBUG_GCC5/AARCH64/MdePkg/Library/UefiLib/UefiLib/OUTPUT/UefiLib.lib
LOAD /home/core/edk2-dipper/workspace/Build/XiaomiMI8Pkg/DEBUG_GCC5/AARCH64/MdePkg/Library/DxeHobLib/DxeHobLib/OUTPUT/DxeHobLib.lib
LOAD /home/core/edk2-dipper/workspace/Build/XiaomiMI8Pkg/DEBUG_GCC5/AARCH64/MdeModulePkg/Library/UefiHiiServicesLib/UefiHiiServicesLib/OUTPUT/UefiHiiServicesLib.lib
LOAD /home/core/edk2-dipper/workspace/Build/XiaomiMI8Pkg/DEBUG_GCC5/AARCH64/MdeModulePkg/Library/UefiSortLib/UefiSortLib/OUTPUT/UefiSortLib.lib
LOAD /home/core/edk2-dipper/workspace/Build/XiaomiMI8Pkg/DEBUG_GCC5/AARCH64/MdeModulePkg/Library/UefiHiiLib/UefiHiiLib/OUTPUT/UefiHiiLib.lib
LOAD /home/core/edk2-dipper/workspace/Build/XiaomiMI8Pkg/DEBUG_GCC5/AARCH64/MdePkg/Library/UefiFileHandleLib/UefiFileHandleLib/OUTPUT/UefiFileHandleLib.lib
LOAD /home/core/edk2-dipper/workspace/Build/XiaomiMI8Pkg/DEBUG_GCC5/AARCH64/MdePkg/Library/BasePeCoffGetEntryPointLib/BasePeCoffGetEntryPointLib/OUTPUT/BasePeCoffGetEntryPointLib.lib
LOAD /home/core/edk2-dipper/workspace/Build/XiaomiMI8Pkg/DEBUG_GCC5/AARCH64/MdeModulePkg/Library/DxeReportStatusCodeLib/DxeReportStatusCodeLib/OUTPUT/DxeReportStatusCodeLib.lib
LOAD /home/core/edk2-dipper/workspace/Build/XiaomiMI8Pkg/DEBUG_GCC5/AARCH64/MdePkg/Library/DxeServicesLib/DxeServicesLib/OUTPUT/DxeServicesLib.lib
LOAD /home/core/edk2-dipper/workspace/Build/XiaomiMI8Pkg/DEBUG_GCC5/AARCH64/MdePkg/Library/DxeServicesTableLib/DxeServicesTableLib/OUTPUT/DxeServicesTableLib.lib
LOAD /home/core/edk2-dipper/workspace/Build/XiaomiMI8Pkg/DEBUG_GCC5/AARCH64/MdeModulePkg/Library/DxePerformanceLib/DxePerformanceLib/OUTPUT/DxePerformanceLib.lib
LOAD /home/core/edk2-dipper/workspace/Build/XiaomiMI8Pkg/DEBUG_GCC5/AARCH64/ShellPkg/Library/UefiShellLib/UefiShellLib/OUTPUT/UefiShellLib.lib
LOAD /home/core/edk2-dipper/workspace/Build/XiaomiMI8Pkg/DEBUG_GCC5/AARCH64/ShellPkg/Library/UefiHandleParsingLib/UefiHandleParsingLib/OUTPUT/UefiHandleParsingLib.lib
LOAD /home/core/edk2-dipper/workspace/Build/XiaomiMI8Pkg/DEBUG_GCC5/AARCH64/MdeModulePkg/Library/UefiBootManagerLib/UefiBootManagerLib/OUTPUT/UefiBootManagerLib.lib
LOAD /home/core/edk2-dipper/workspace/Build/XiaomiMI8Pkg/DEBUG_GCC5/AARCH64/ShellPkg/Library/UefiShellCommandLib/UefiShellCommandLib/OUTPUT/UefiShellCommandLib.lib
LOAD /home/core/edk2-dipper/workspace/Build/XiaomiMI8Pkg/DEBUG_GCC5/AARCH64/ShellPkg/Library/UefiShellBcfgCommandLib/UefiShellBcfgCommandLib/OUTPUT/UefiShellBcfgCommandLib.lib
LOAD /home/core/edk2-dipper/workspace/Build/XiaomiMI8Pkg/DEBUG_GCC5/AARCH64/NetworkPkg/Library/DxeNetLib/DxeNetLib/OUTPUT/DxeNetLib.lib
LOAD /home/core/edk2-dipper/workspace/Build/XiaomiMI8Pkg/DEBUG_GCC5/AARCH64/MdePkg/Library/UefiApplicationEntryPoint/UefiApplicationEntryPoint/OUTPUT/UefiApplicationEntryPoint.lib
LOAD /home/core/edk2-dipper/workspace/Build/XiaomiMI8Pkg/DEBUG_GCC5/AARCH64/MdePkg/Library/BaseStackCheckLib/BaseStackCheckLib/OUTPUT/BaseStackCheckLib.lib
LOAD /home/core/edk2-dipper/workspace/Build/XiaomiMI8Pkg/DEBUG_GCC5/AARCH64/ShellPkg/Library/UefiShellLevel2CommandsLib/UefiShellLevel2CommandsLib/OUTPUT/UefiShellLevel2CommandsLib.lib
LOAD /home/core/edk2-dipper/workspace/Build/XiaomiMI8Pkg/DEBUG_GCC5/AARCH64/ShellPkg/Library/UefiShellLevel1CommandsLib/UefiShellLevel1CommandsLib/OUTPUT/UefiShellLevel1CommandsLib.lib
LOAD /home/core/edk2-dipper/workspace/Build/XiaomiMI8Pkg/DEBUG_GCC5/AARCH64/ShellPkg/Library/UefiShellLevel3CommandsLib/UefiShellLevel3CommandsLib/OUTPUT/UefiShellLevel3CommandsLib.lib
LOAD /home/core/edk2-dipper/workspace/Build/XiaomiMI8Pkg/DEBUG_GCC5/AARCH64/ShellPkg/Library/UefiShellDriver1CommandsLib/UefiShellDriver1CommandsLib/OUTPUT/UefiShellDriver1CommandsLib.lib
LOAD /home/core/edk2-dipper/workspace/Build/XiaomiMI8Pkg/DEBUG_GCC5/AARCH64/ShellPkg/Library/UefiShellDebug1CommandsLib/UefiShellDebug1CommandsLib/OUTPUT/UefiShellDebug1CommandsLib.lib
LOAD /home/core/edk2-dipper/workspace/Build/XiaomiMI8Pkg/DEBUG_GCC5/AARCH64/ShellPkg/Library/UefiShellInstall1CommandsLib/UefiShellInstall1CommandsLib/OUTPUT/UefiShellInstall1CommandsLib.lib
LOAD /home/core/edk2-dipper/workspace/Build/XiaomiMI8Pkg/DEBUG_GCC5/AARCH64/ShellPkg/Library/UefiShellNetwork1CommandsLib/UefiShellNetwork1CommandsLib/OUTPUT/UefiShellNetwork1CommandsLib.lib
LOAD /home/core/edk2-dipper/workspace/Build/XiaomiMI8Pkg/DEBUG_GCC5/AARCH64/ShellPkg/Library/UefiShellAcpiViewCommandLib/UefiShellAcpiViewCommandLib/OUTPUT/UefiShellAcpiViewCommandLib.lib
END GROUP
                0x0000000000000228                . = PECOFF_HEADER_SIZE

.gnu.version_d  0x0000000000000228        0x0
 .gnu.version_d
                0x0000000000000228        0x0 /home/core/edk2/ArmPkg/Library/GccLto/liblto-aarch64.a

.gnu.version    0x0000000000000228        0x0
 .gnu.version   0x0000000000000228        0x0 /home/core/edk2/ArmPkg/Library/GccLto/liblto-aarch64.a

.gnu.version_r  0x0000000000000228        0x0
 .gnu.version_r
                0x0000000000000228        0x0 /home/core/edk2/ArmPkg/Library/GccLto/liblto-aarch64.a

.text           0x0000000000001000    0x8f828
 *(.text .text.* .stub .gnu.linkonce.t.*)
 .text.FileBasedSimpleTextOutTestString
                0x0000000000001000        0x8 /tmp/ccBFAMxi.ltrans0.ltrans.o
 .text.FileBasedSimpleTextOutQueryMode
                0x0000000000001008        0xc /tmp/ccBFAMxi.ltrans0.ltrans.o
 .text.FileBasedSimpleTextOutSetAttribute
                0x0000000000001014        0x8 /tmp/ccBFAMxi.ltrans0.ltrans.o
 .text.FileBasedSimpleTextOutSetCursorPosition
                0x000000000000101c        0x8 /tmp/ccBFAMxi.ltrans0.ltrans.o
 .text.FileBasedSimpleTextInReset
                0x0000000000001024        0x8 /tmp/ccBFAMxi.ltrans0.ltrans.o
 .text.FileBasedSimpleTextOutEnableCursor
                0x000000000000102c        0x8 /tmp/ccBFAMxi.ltrans0.ltrans.o
 .text.FileInterfaceNopGeneric
                0x0000000000001034        0x8 /tmp/ccBFAMxi.ltrans0.ltrans.o
 .text.FileBasedSimpleTextOutClearScreen
                0x000000000000103c        0x8 /tmp/ccBFAMxi.ltrans0.ltrans.o
 .text.FileInterfaceNopSetPosition
                0x0000000000001044        0x8 /tmp/ccBFAMxi.ltrans0.ltrans.o
 .text.FileBasedSimpleTextOutSetMode
                0x000000000000104c        0x8 /tmp/ccBFAMxi.ltrans0.ltrans.o
 .text.FileBasedSimpleTextOutReset
                0x0000000000001054        0x8 /tmp/ccBFAMxi.ltrans0.ltrans.o
 .text.ConInWaitForKey
                0x000000000000105c       0x10 /tmp/ccBFAMxi.ltrans0.ltrans.o
 .text.FileBasedSimpleTextInReadKeyStroke
                0x000000000000106c       0xb8 /tmp/ccBFAMxi.ltrans0.ltrans.o
 .text.FileInterfaceFileOpen
                0x0000000000001124        0xc /tmp/ccBFAMxi.ltrans0.ltrans.o
                0x0000000000001124                FileInterfaceFileOpen
 .text.FileInterfaceFileFlush
                0x0000000000001130        0xc /tmp/ccBFAMxi.ltrans0.ltrans.o
                0x0000000000001130                FileInterfaceFileFlush
 .text.FileInterfaceFileSetInfo
                0x000000000000113c        0xc /tmp/ccBFAMxi.ltrans0.ltrans.o
                0x000000000000113c                FileInterfaceFileSetInfo
 .text.FileInterfaceFileGetInfo
                0x0000000000001148        0xc /tmp/ccBFAMxi.ltrans0.ltrans.o
                0x0000000000001148                FileInterfaceFileGetInfo
 .text.FileInterfaceFileGetPosition
                0x0000000000001154        0xc /tmp/ccBFAMxi.ltrans0.ltrans.o
                0x0000000000001154                FileInterfaceFileGetPosition
 .text.FileInterfaceFileSetPosition
                0x0000000000001160        0xc /tmp/ccBFAMxi.ltrans0.ltrans.o
                0x0000000000001160                FileInterfaceFileSetPosition
 .text.FileInterfaceOpenNotFound
                0x000000000000116c        0xc /tmp/ccBFAMxi.ltrans0.ltrans.o
 .text.FileInterfaceMemGetPosition
                0x0000000000001178       0x10 /tmp/ccBFAMxi.ltrans0.ltrans.o
 .text.FileInterfaceMemSetPosition
                0x0000000000001188       0x24 /tmp/ccBFAMxi.ltrans0.ltrans.o
 .text.FileInterfaceNopSetInfo
                0x00000000000011ac        0x8 /tmp/ccBFAMxi.ltrans0.ltrans.o
 .text.FileInterfaceNopGetPosition
                0x00000000000011b4        0x8 /tmp/ccBFAMxi.ltrans0.ltrans.o
 .text.FileInterfaceNopGetInfo
                0x00000000000011bc        0x8 /tmp/ccBFAMxi.ltrans0.ltrans.o
 .text.FileInterfaceEnvRead
                0x00000000000011c4       0x88 /tmp/ccBFAMxi.ltrans0.ltrans.o
 .text.FileInterfaceNulWrite
                0x000000000000124c        0x8 /tmp/ccBFAMxi.ltrans0.ltrans.o
                0x000000000000124c                FileInterfaceNulWrite
 .text.FileInterfaceNulRead
                0x0000000000001254        0xc /tmp/ccBFAMxi.ltrans0.ltrans.o
 .text.FileInterfaceStdInWrite
                0x0000000000001260        0x8 /tmp/ccBFAMxi.ltrans0.ltrans.o
 .text.FileInterfaceStdErrRead
                0x0000000000001268        0x8 /tmp/ccBFAMxi.ltrans0.ltrans.o
 .text.FileInterfaceStdOutRead
                0x0000000000001270        0x8 /tmp/ccBFAMxi.ltrans0.ltrans.o
 .text.FileInterfaceStdErrWrite
                0x0000000000001278       0x18 /tmp/ccBFAMxi.ltrans0.ltrans.o
 .text.FileInterfaceStdOutWrite
                0x0000000000001290       0x40 /tmp/ccBFAMxi.ltrans0.ltrans.o
 .text.NotificationFunction
                0x00000000000012d0       0x9c /tmp/ccBFAMxi.ltrans0.ltrans.o
 .text.ToLower  0x000000000000136c       0x30 /tmp/ccBFAMxi.ltrans0.ltrans.o
 .text.EfiShellIsRootShell
                0x000000000000139c        0xc /tmp/ccBFAMxi.ltrans0.ltrans.o
 .text.EfiShellGetPageBreak
                0x00000000000013a8        0xc /tmp/ccBFAMxi.ltrans0.ltrans.o
 .text.EfiShellEnablePageBreak
                0x00000000000013b4       0x10 /tmp/ccBFAMxi.ltrans0.ltrans.o
 .text.EfiShellDisablePageBreak
                0x00000000000013c4        0xc /tmp/ccBFAMxi.ltrans0.ltrans.o
 .text.CalculateEfiHdrCrc
                0x00000000000013d0       0x6c /tmp/ccBFAMxi.ltrans0.ltrans.o
 .text.unlikely.IsUnicodeFile
                0x000000000000143c      0x108 /tmp/ccBFAMxi.ltrans0.ltrans.o
 .text.ConsoleLoggerEnableCursor
                0x0000000000001544       0x78 /tmp/ccBFAMxi.ltrans0.ltrans.o
 .text.ConsoleLoggerSetCursorPosition
                0x00000000000015bc       0xa4 /tmp/ccBFAMxi.ltrans0.ltrans.o
 .text.ConsoleLoggerClearScreen
                0x0000000000001660       0xfc /tmp/ccBFAMxi.ltrans0.ltrans.o
 .text.ConsoleLoggerSetAttribute
                0x000000000000175c       0x78 /tmp/ccBFAMxi.ltrans0.ltrans.o
 .text.ConsoleLoggerQueryMode
                0x00000000000017d4       0x84 /tmp/ccBFAMxi.ltrans0.ltrans.o
 .text.ConsoleLoggerTestString
                0x0000000000001858       0x6c /tmp/ccBFAMxi.ltrans0.ltrans.o
 .text.unlikely.WriteFileTag
                0x00000000000018c4       0xa8 /tmp/ccBFAMxi.ltrans0.ltrans.o
 .text.CloseSimpleTextOutOnFile
                0x000000000000196c       0x64 /tmp/ccBFAMxi.ltrans0.ltrans.o
 .text.CloseSimpleTextInOnFile
                0x00000000000019d0       0x80 /tmp/ccBFAMxi.ltrans0.ltrans.o
 .text.FileInterfaceFileClose
                0x0000000000001a50       0x38 /tmp/ccBFAMxi.ltrans0.ltrans.o
                0x0000000000001a50                FileInterfaceFileClose
 .text.FileInterfaceFileDelete
                0x0000000000001a88       0x38 /tmp/ccBFAMxi.ltrans0.ltrans.o
                0x0000000000001a88                FileInterfaceFileDelete
 .text.FileInterfaceMemClose
                0x0000000000001ac0       0x38 /tmp/ccBFAMxi.ltrans0.ltrans.o
 .text.InternalFreeShellFileInfoNode
                0x0000000000001af8       0x5c /tmp/ccBFAMxi.ltrans0.ltrans.o
 .text.unlikely.CreateSimpleTextOutOnFile
                0x0000000000001b54      0x184 /tmp/ccBFAMxi.ltrans0.ltrans.o
 .text.IsVolatileEnv
                0x0000000000001cd8      0x124 /tmp/ccBFAMxi.ltrans0.ltrans.o
 .text.FileBasedSimpleTextOutOutputString
                0x0000000000001dfc       0x7c /tmp/ccBFAMxi.ltrans0.ltrans.o
 .text.FindFirstCharacter
                0x0000000000001e78       0xb0 /tmp/ccBFAMxi.ltrans0.ltrans.o
 .text.CreateSimpleTextInOnFile
                0x0000000000001f28      0x128 /tmp/ccBFAMxi.ltrans0.ltrans.o
 .text.FixFileName
                0x0000000000002050       0x78 /tmp/ccBFAMxi.ltrans0.ltrans.o
 .text.FixVarName
                0x00000000000020c8       0x48 /tmp/ccBFAMxi.ltrans0.ltrans.o
 .text.InternalSetAlias
                0x0000000000002110      0x108 /tmp/ccBFAMxi.ltrans0.ltrans.o
 .text.InternalDuplicateShellFileInfo
                0x0000000000002218       0xdc /tmp/ccBFAMxi.ltrans0.ltrans.o
 .text.AddBufferToFreeList
                0x00000000000022f4       0x4c /tmp/ccBFAMxi.ltrans0.ltrans.o
 .text.ShellRemvoeEnvVarFromList
                0x0000000000002340       0xc0 /tmp/ccBFAMxi.ltrans0.ltrans.o
 .text.ShellAddEnvVarToList
                0x0000000000002400      0x11c /tmp/ccBFAMxi.ltrans0.ltrans.o
 .text.FileInterfaceEnvClose
                0x000000000000251c      0x1dc /tmp/ccBFAMxi.ltrans0.ltrans.o
 .text.FileInterfaceEnvDelete
                0x00000000000026f8       0x48 /tmp/ccBFAMxi.ltrans0.ltrans.o
 .text.FreeEnvironmentVariableList
                0x0000000000002740       0xe4 /tmp/ccBFAMxi.ltrans0.ltrans.o
 .text.CleanUpShellProtocol
                0x0000000000002824       0xd0 /tmp/ccBFAMxi.ltrans0.ltrans.o
 .text.EfiShellFreeFileList
                0x00000000000028f4       0x80 /tmp/ccBFAMxi.ltrans0.ltrans.o
 .text.FileInterfaceFileWrite
                0x0000000000002974       0xd4 /tmp/ccBFAMxi.ltrans0.ltrans.o
                0x0000000000002974                FileInterfaceFileWrite
 .text.EfiShellRemoveDupInFileList
                0x0000000000002a48       0xf0 /tmp/ccBFAMxi.ltrans0.ltrans.o
 .text.EfiShellGetHelpText
                0x0000000000002b38      0x27c /tmp/ccBFAMxi.ltrans0.ltrans.o
 .text.EfiShellGetDevicePathFromMap
                0x0000000000002db4       0xc4 /tmp/ccBFAMxi.ltrans0.ltrans.o
 .text.EfiShellGetGuidName
                0x0000000000002e78       0x70 /tmp/ccBFAMxi.ltrans0.ltrans.o
 .text.IsCommand
                0x0000000000002ee8       0x30 /tmp/ccBFAMxi.ltrans0.ltrans.o
 .text.IsScriptOnlyCommand
                0x0000000000002f18       0xb0 /tmp/ccBFAMxi.ltrans0.ltrans.o
 .text.EfiShellClose
                0x0000000000002fc8       0x24 /tmp/ccBFAMxi.ltrans0.ltrans.o
 .text.EfiShellRegisterGuidName
                0x0000000000002fec      0x240 /tmp/ccBFAMxi.ltrans0.ltrans.o
 .text.EfiShellGetFilePathFromDevicePath
                0x000000000000322c      0x2b8 /tmp/ccBFAMxi.ltrans0.ltrans.o
 .text.EfiShellBatchIsActive
                0x00000000000034e4       0x1c /tmp/ccBFAMxi.ltrans0.ltrans.o
 .text.EfiShellGetDeviceName
                0x0000000000003500      0x37c /tmp/ccBFAMxi.ltrans0.ltrans.o
 .text.EfiShellGetMapFromDevicePath
                0x000000000000387c      0x174 /tmp/ccBFAMxi.ltrans0.ltrans.o
 .text.EfiShellOpenRootByHandle
                0x00000000000039f0      0x100 /tmp/ccBFAMxi.ltrans0.ltrans.o
 .text.EfiShellOpenRoot
                0x0000000000003af0       0x98 /tmp/ccBFAMxi.ltrans0.ltrans.o
 .text.EfiShellSetMap
                0x0000000000003b88      0x1b8 /tmp/ccBFAMxi.ltrans0.ltrans.o
 .text.ContainsSplit
                0x0000000000003d40       0xec /tmp/ccBFAMxi.ltrans0.ltrans.o
 .text.GetOperationType
                0x0000000000003e2c      0x11c /tmp/ccBFAMxi.ltrans0.ltrans.o
 .text.ProcessLibraryDestructorList
                0x0000000000003f48      0x3f4 /tmp/ccBFAMxi.ltrans0.ltrans.o
 .text.InitializeListHead
                0x000000000000433c       0x4c /tmp/ccBFAMxi.ltrans0.ltrans.o
                0x000000000000433c                InitializeListHead
 .text.EfiShellFindFilesInDir
                0x0000000000004388      0x458 /tmp/ccBFAMxi.ltrans0.ltrans.o
 .text.ProcessLibraryConstructorList
                0x00000000000047e0     0x16c0 /tmp/ccBFAMxi.ltrans0.ltrans.o
 .text.InternalBaseLibIsListValid
                0x0000000000005ea0       0xb8 /tmp/ccBFAMxi.ltrans0.ltrans.o
                0x0000000000005ea0                InternalBaseLibIsListValid
 .text.InsertHeadList
                0x0000000000005f58       0x68 /tmp/ccBFAMxi.ltrans0.ltrans.o
                0x0000000000005f58                InsertHeadList
 .text.CopyMem  0x0000000000005fc0       0xb0 /tmp/ccBFAMxi.ltrans0.ltrans.o
                0x0000000000005fc0                CopyMem
 .text.ConsoleLoggerResetBuffers
                0x0000000000006070       0xdc /tmp/ccBFAMxi.ltrans0.ltrans.o
 .text.ConsoleLoggerSetMode
                0x000000000000614c       0xa0 /tmp/ccBFAMxi.ltrans0.ltrans.o
 .text.ConsoleLoggerReset
                0x00000000000061ec       0x94 /tmp/ccBFAMxi.ltrans0.ltrans.o
 .text.FileInterfaceFileRead
                0x0000000000006280      0x17c /tmp/ccBFAMxi.ltrans0.ltrans.o
                0x0000000000006280                FileInterfaceFileRead
 .text.FileInterfaceMemRead
                0x00000000000063fc       0x64 /tmp/ccBFAMxi.ltrans0.ltrans.o
 .text.FileInterfaceMemWrite
                0x0000000000006460      0x17c /tmp/ccBFAMxi.ltrans0.ltrans.o
 .text.CreateFileInterfaceEnv
                0x00000000000065dc      0x12c /tmp/ccBFAMxi.ltrans0.ltrans.o
 .text.FileInterfaceEnvVolWrite
                0x0000000000006708      0x1b0 /tmp/ccBFAMxi.ltrans0.ltrans.o
 .text.FileInterfaceEnvNonVolWrite
                0x00000000000068b8      0x1b0 /tmp/ccBFAMxi.ltrans0.ltrans.o
 .text.GetNextParameter
                0x0000000000006a68      0x1c4 /tmp/ccBFAMxi.ltrans0.ltrans.o
 .text.TrimSpaces
                0x0000000000006c2c       0xdc /tmp/ccBFAMxi.ltrans0.ltrans.o
 .text.SetMem   0x0000000000006d08       0x74 /tmp/ccBFAMxi.ltrans0.ltrans.o
                0x0000000000006d08                SetMem
 .text.SetMem16
                0x0000000000006d7c       0xc8 /tmp/ccBFAMxi.ltrans0.ltrans.o
                0x0000000000006d7c                SetMem16
 .text.AppendStringToHistory
                0x0000000000006e44      0x334 /tmp/ccBFAMxi.ltrans0.ltrans.o
 .text.ConsoleLoggerOutputStringSplit
                0x0000000000007178       0x48 /tmp/ccBFAMxi.ltrans0.ltrans.o
 .text.ConsoleLoggerOutputString
                0x00000000000071c0      0x490 /tmp/ccBFAMxi.ltrans0.ltrans.o
 .text.ZeroMem  0x0000000000007650       0x7c /tmp/ccBFAMxi.ltrans0.ltrans.o
                0x0000000000007650                ZeroMem
 .text.CompareGuid
                0x00000000000076cc       0x6c /tmp/ccBFAMxi.ltrans0.ltrans.o
                0x00000000000076cc                CompareGuid
 .text.GetEnvironmentVariableList
                0x0000000000007738      0x2a4 /tmp/ccBFAMxi.ltrans0.ltrans.o
 .text.SetEnvironmentVariableList
                0x00000000000079dc      0x278 /tmp/ccBFAMxi.ltrans0.ltrans.o
 .text.SetEnvironmentVariables.part.1
                0x0000000000007c54      0x1e4 /tmp/ccBFAMxi.ltrans0.ltrans.o
 .text.EfiShellGetEnvEx
                0x0000000000007e38      0x2fc /tmp/ccBFAMxi.ltrans0.ltrans.o
 .text.EfiShellGetEnv
                0x0000000000008134        0x8 /tmp/ccBFAMxi.ltrans0.ltrans.o
 .text.EfiShellGetCurDir
                0x000000000000813c       0xfc /tmp/ccBFAMxi.ltrans0.ltrans.o
 .text.EfiShellGetDevicePathFromFilePath
                0x0000000000008238      0x234 /tmp/ccBFAMxi.ltrans0.ltrans.o
 .text.ProcessCommandLineToFinal
                0x000000000000846c      0x80c /tmp/ccBFAMxi.ltrans0.ltrans.o
 .text.FileInterfaceMemGetInfo
                0x0000000000008c78       0x94 /tmp/ccBFAMxi.ltrans0.ltrans.o
 .text.EfiShellGetAlias
                0x0000000000008d0c      0x2b8 /tmp/ccBFAMxi.ltrans0.ltrans.o
 .text.EfiShellSetAlias
                0x0000000000008fc4       0x9c /tmp/ccBFAMxi.ltrans0.ltrans.o
 .text.CopyGuid
                0x0000000000009060       0x70 /tmp/ccBFAMxi.ltrans0.ltrans.o
                0x0000000000009060                CopyGuid
 .text.EfiShellGetGuidFromName
                0x00000000000090d0       0x90 /tmp/ccBFAMxi.ltrans0.ltrans.o
 .text.UpdateDisplayFromHistory
                0x0000000000009160      0x26c /tmp/ccBFAMxi.ltrans0.ltrans.o
                0x0000000000009160                UpdateDisplayFromHistory
 .text.FileInterfaceStdInRead
                0x00000000000093cc      0xda4 /tmp/ccBFAMxi.ltrans0.ltrans.o
 .text.ManFileFindSections
                0x000000000000a170      0x23c /tmp/ccBFAMxi.ltrans0.ltrans.o
                0x000000000000a170                ManFileFindSections
 .text.CreateFileInterfaceMem
                0x000000000000a3ac      0x14c /tmp/ccBFAMxi.ltrans0.ltrans.o
                0x000000000000a3ac                CreateFileInterfaceMem
 .text.InternalEfiShellSetEnv
                0x000000000000a4f8      0x11c /tmp/ccBFAMxi.ltrans0.ltrans.o
                0x000000000000a4f8                InternalEfiShellSetEnv
 .text.EfiShellSetCurDir
                0x000000000000a614      0x4fc /tmp/ccBFAMxi.ltrans0.ltrans.o
 .text.EfiShellSetEnv
                0x000000000000ab10       0xfc /tmp/ccBFAMxi.ltrans0.ltrans.o
 .text.SetLastError
                0x000000000000ac0c       0x94 /tmp/ccBFAMxi.ltrans0.ltrans.o
 .text.InternalOpenFileDevicePath
                0x000000000000aca0      0x240 /tmp/ccBFAMxi.ltrans0.ltrans.o
                0x000000000000aca0                InternalOpenFileDevicePath
 .text.EfiShellOpenFileByName
                0x000000000000aee0      0x1d8 /tmp/ccBFAMxi.ltrans0.ltrans.o
                0x000000000000aee0                EfiShellOpenFileByName
 .text.ShellSearchHandle.part.10
                0x000000000000b0b8      0x3c4 /tmp/ccBFAMxi.ltrans0.ltrans.o
 .text.EfiShellFindFiles
                0x000000000000b47c      0x1e0 /tmp/ccBFAMxi.ltrans0.ltrans.o
 .text.EfiShellOpenFileList
                0x000000000000b65c      0x250 /tmp/ccBFAMxi.ltrans0.ltrans.o
 .text.EfiShellCreateFile
                0x000000000000b8ac       0xec /tmp/ccBFAMxi.ltrans0.ltrans.o
 .text.EfiShellDeleteFileByName
                0x000000000000b998       0x74 /tmp/ccBFAMxi.ltrans0.ltrans.o
 .text.RestoreArgcArgv
                0x000000000000ba0c       0x9c /tmp/ccBFAMxi.ltrans0.ltrans.o
                0x000000000000ba0c                RestoreArgcArgv
 .text.ParseCommandLineToArgs
                0x000000000000baa8      0x244 /tmp/ccBFAMxi.ltrans0.ltrans.o
                0x000000000000baa8                ParseCommandLineToArgs
 .text.InternalShellExecuteDevicePath
                0x000000000000bcec      0x460 /tmp/ccBFAMxi.ltrans0.ltrans.o
 .text.RunShellCommand
                0x000000000000c14c     0x1bcc /tmp/ccBFAMxi.ltrans0.ltrans.o
                0x000000000000c14c                RunShellCommand
 .text.EfiShellExecute
                0x000000000000dd18      0x2e4 /tmp/ccBFAMxi.ltrans0.ltrans.o
 .text.RunSplitCommand
                0x000000000000dffc      0x2f8 /tmp/ccBFAMxi.ltrans0.ltrans.o
 .text.RestoreBufferList
                0x000000000000e2f4       0x38 /tmp/ccBFAMxi.ltrans0.ltrans.o
                0x000000000000e2f4                RestoreBufferList
 .text.__stack_chk_fail
                0x000000000000e32c       0x3c /tmp/ccBFAMxi.ltrans0.ltrans.o
                0x000000000000e32c                __stack_chk_fail
 .text._ModuleEntryPoint
                0x000000000000e368     0x2198 /tmp/ccBFAMxi.ltrans0.ltrans.o
                0x000000000000e368                _ModuleEntryPoint
 .text.memcpy   0x0000000000010500       0x20 /tmp/ccBFAMxi.ltrans0.ltrans.o
                0x0000000000010500                memcpy
 .text.InternalIsTimeLikeString
                0x0000000000010520       0x7c /tmp/ccBFAMxi.ltrans1.ltrans.o
 .text.ShellCommandGetManFileNameLevel2
                0x000000000001059c        0xc /tmp/ccBFAMxi.ltrans1.ltrans.o
                0x000000000001059c                ShellCommandGetManFileNameLevel2
 .text.DevPathSerialDefault
                0x00000000000105a8        0x8 /tmp/ccBFAMxi.ltrans1.ltrans.o
 .text.DevPathCompareAcpi
                0x00000000000105b0       0x50 /tmp/ccBFAMxi.ltrans1.ltrans.o
 .text.FileTimeToLocalTime
                0x0000000000010600      0x1b0 /tmp/ccBFAMxi.ltrans1.ltrans.o
 .text.DevPathComparePci
                0x00000000000107b0       0x9c /tmp/ccBFAMxi.ltrans1.ltrans.o
 .text.InternalPrintTo
                0x000000000001084c       0xe8 /tmp/ccBFAMxi.ltrans1.ltrans.o
 .text.GetHIDevicePath
                0x0000000000010934      0x18c /tmp/ccBFAMxi.ltrans1.ltrans.o
 .text.DriverEfiVersionProtocolDumpInformation
                0x0000000000010ac0       0xe8 /tmp/ccBFAMxi.ltrans1.ltrans.o
 .text.DevPathCompareDefault
                0x0000000000010ba8       0xb4 /tmp/ccBFAMxi.ltrans1.ltrans.o
 .text.CatPrint
                0x0000000000010c5c      0x15c /tmp/ccBFAMxi.ltrans1.ltrans.o
 .text.AppendCSDStr
                0x0000000000010db8      0x190 /tmp/ccBFAMxi.ltrans1.ltrans.o
 .text.DevPathSerial1394
                0x0000000000010f48       0xbc /tmp/ccBFAMxi.ltrans1.ltrans.o
 .text.DevPathSerialMacAddr
                0x0000000000011004       0xf4 /tmp/ccBFAMxi.ltrans1.ltrans.o
 .text.AppendCSDNum2
                0x00000000000110f8       0x88 /tmp/ccBFAMxi.ltrans1.ltrans.o
 .text.AppendCSDNum
                0x0000000000011180       0x84 /tmp/ccBFAMxi.ltrans1.ltrans.o
 .text.DevPathSerialAcpi
                0x0000000000011204       0xa0 /tmp/ccBFAMxi.ltrans1.ltrans.o
 .text.DevPathSerialScsi
                0x00000000000112a4       0x88 /tmp/ccBFAMxi.ltrans1.ltrans.o
 .text.DevPathSerialIPv6
                0x000000000001132c      0x13c /tmp/ccBFAMxi.ltrans1.ltrans.o
 .text.DevPathSerialIPv4
                0x0000000000011468      0x11c /tmp/ccBFAMxi.ltrans1.ltrans.o
 .text.DevPathSerialInfiniBand
                0x0000000000011584      0x110 /tmp/ccBFAMxi.ltrans1.ltrans.o
 .text.DevPathSerialI2O
                0x0000000000011694       0x6c /tmp/ccBFAMxi.ltrans1.ltrans.o
 .text.DevPathSerialIScsi
                0x0000000000011700       0x68 /tmp/ccBFAMxi.ltrans1.ltrans.o
 .text.DevPathSerialSata
                0x0000000000011768       0x98 /tmp/ccBFAMxi.ltrans1.ltrans.o
 .text.DevPathSerialLun
                0x0000000000011800       0x6c /tmp/ccBFAMxi.ltrans1.ltrans.o
 .text.DevPathSerialVendor
                0x000000000001186c      0x168 /tmp/ccBFAMxi.ltrans1.ltrans.o
 .text.DevPathSerialUsb
                0x00000000000119d4      0x1a8 /tmp/ccBFAMxi.ltrans1.ltrans.o
 .text.DevPathSerialUart
                0x0000000000011b7c       0xa8 /tmp/ccBFAMxi.ltrans1.ltrans.o
 .text.DevPathSerialFibre
                0x0000000000011c24       0x88 /tmp/ccBFAMxi.ltrans1.ltrans.o
 .text.DevPathSerialCdRom
                0x0000000000011cac       0x74 /tmp/ccBFAMxi.ltrans1.ltrans.o
 .text.DevPathSerialAtapi
                0x0000000000011d20       0x78 /tmp/ccBFAMxi.ltrans1.ltrans.o
 .text.DevPathSerialHardDrive
                0x0000000000011d98       0x7c /tmp/ccBFAMxi.ltrans1.ltrans.o
 .text.InternalShellInitHandleList.part.5
                0x0000000000011e14      0x154 /tmp/ccBFAMxi.ltrans1.ltrans.o
 .text.FirmwareManagementDumpInformation
                0x0000000000011f68      0x7b4 /tmp/ccBFAMxi.ltrans1.ltrans.o
 .text.EdidActiveProtocolDumpInformation
                0x000000000001271c      0x144 /tmp/ccBFAMxi.ltrans1.ltrans.o
 .text.EdidDiscoveredProtocolDumpInformation
                0x0000000000012860      0x144 /tmp/ccBFAMxi.ltrans1.ltrans.o
 .text.InternalShellIsHexOrDecimalNumber
                0x00000000000129a4       0xe4 /tmp/ccBFAMxi.ltrans1.ltrans.o
 .text.InternalShellPrintWorker
                0x0000000000012a88      0x4d0 /tmp/ccBFAMxi.ltrans1.ltrans.o
 .text.StrniCmp.part.0
                0x0000000000012f58       0xdc /tmp/ccBFAMxi.ltrans1.ltrans.o
                0x0000000000012f58                StrniCmp.part.0
 .text.ShellCommandFindMapItem
                0x0000000000013034       0x84 /tmp/ccBFAMxi.ltrans1.ltrans.o
                0x0000000000013034                ShellCommandFindMapItem
 .text.ShellCommandConsistMappingGenMappingName
                0x00000000000130b8      0x2a0 /tmp/ccBFAMxi.ltrans1.ltrans.o
                0x00000000000130b8                ShellCommandConsistMappingGenMappingName
 .text.ShellCommandConsistMappingUnInitialize
                0x0000000000013358       0x64 /tmp/ccBFAMxi.ltrans1.ltrans.o
                0x0000000000013358                ShellCommandConsistMappingUnInitialize
 .text.ShellCommandConsistMappingInitialize
                0x00000000000133bc      0x208 /tmp/ccBFAMxi.ltrans1.ltrans.o
                0x00000000000133bc                ShellCommandConsistMappingInitialize
 .text.FreeBufferList.part.3
                0x00000000000135c4       0x58 /tmp/ccBFAMxi.ltrans1.ltrans.o
                0x00000000000135c4                FreeBufferList.part.3
 .text.ShellFileHandleEof
                0x000000000001361c       0xe0 /tmp/ccBFAMxi.ltrans1.ltrans.o
                0x000000000001361c                ShellFileHandleEof
 .text.ShellFileHandleRemove
                0x00000000000136fc       0xb4 /tmp/ccBFAMxi.ltrans1.ltrans.o
                0x00000000000136fc                ShellFileHandleRemove
 .text.ShellFileHandleGetPath
                0x00000000000137b0       0x7c /tmp/ccBFAMxi.ltrans1.ltrans.o
                0x00000000000137b0                ShellFileHandleGetPath
 .text.ShellCommandCreateNewMappingName
                0x000000000001382c       0x70 /tmp/ccBFAMxi.ltrans1.ltrans.o
                0x000000000001382c                ShellCommandCreateNewMappingName
 .text.ShellCommandGetCurrentScriptFile
                0x000000000001389c       0x44 /tmp/ccBFAMxi.ltrans1.ltrans.o
                0x000000000001389c                ShellCommandGetCurrentScriptFile
 .text.DeleteScriptFileStruct
                0x00000000000138e0       0xf0 /tmp/ccBFAMxi.ltrans1.ltrans.o
                0x00000000000138e0                DeleteScriptFileStruct
 .text.ShellCommandSetNewScript
                0x00000000000139d0       0x8c /tmp/ccBFAMxi.ltrans1.ltrans.o
                0x00000000000139d0                ShellCommandSetNewScript
 .text.ShellCommandRegisterExit
                0x0000000000013a5c       0x2c /tmp/ccBFAMxi.ltrans1.ltrans.o
                0x0000000000013a5c                ShellCommandRegisterExit
 .text.ShellCommandIsOnAliasList
                0x0000000000013a88      0x120 /tmp/ccBFAMxi.ltrans1.ltrans.o
                0x0000000000013a88                ShellCommandIsOnAliasList
 .text.ShellCommandRegisterAlias
                0x0000000000013ba8      0x114 /tmp/ccBFAMxi.ltrans1.ltrans.o
                0x0000000000013ba8                ShellCommandRegisterAlias
 .text.CommandInit
                0x0000000000013cbc      0x164 /tmp/ccBFAMxi.ltrans1.ltrans.o
                0x0000000000013cbc                CommandInit
 .text.GetAllMappingGuids
                0x0000000000013e20       0xf8 /tmp/ccBFAMxi.ltrans1.ltrans.o
                0x0000000000013e20                GetAllMappingGuids
 .text.GetHandleListByProtocolList
                0x0000000000013f18      0x1cc /tmp/ccBFAMxi.ltrans1.ltrans.o
                0x0000000000013f18                GetHandleListByProtocolList
 .text.GetHandleListByProtocol
                0x00000000000140e4      0x148 /tmp/ccBFAMxi.ltrans1.ltrans.o
                0x00000000000140e4                GetHandleListByProtocol
 .text.ShellCommandCreateInitialMappingsAndPaths
                0x000000000001422c      0x498 /tmp/ccBFAMxi.ltrans1.ltrans.o
                0x000000000001422c                ShellCommandCreateInitialMappingsAndPaths
 .text.ShellCommandFindDynamicCommand
                0x00000000000146c4       0xe4 /tmp/ccBFAMxi.ltrans1.ltrans.o
                0x00000000000146c4                ShellCommandFindDynamicCommand
 .text.ShellCommandIsCommandOnList
                0x00000000000147a8       0xf0 /tmp/ccBFAMxi.ltrans1.ltrans.o
                0x00000000000147a8                ShellCommandIsCommandOnList
 .text.ParseHandleDatabaseByRelationshipWithType
                0x0000000000014898      0x758 /tmp/ccBFAMxi.ltrans1.ltrans.o
                0x0000000000014898                ParseHandleDatabaseByRelationshipWithType
 .text.ParseHandleDatabaseByRelationship
                0x0000000000014ff0      0x200 /tmp/ccBFAMxi.ltrans1.ltrans.o
                0x0000000000014ff0                ParseHandleDatabaseByRelationship
 .text.ParseHandleDatabaseForChildControllers
                0x00000000000151f0      0x198 /tmp/ccBFAMxi.ltrans1.ltrans.o
                0x00000000000151f0                ParseHandleDatabaseForChildControllers
 .text.ConvertHandleIndexToHandle
                0x0000000000015388       0xf4 /tmp/ccBFAMxi.ltrans1.ltrans.o
                0x0000000000015388                ConvertHandleIndexToHandle
 .text.ConvertHandleToHandleIndex
                0x000000000001547c      0x144 /tmp/ccBFAMxi.ltrans1.ltrans.o
                0x000000000001547c                ConvertHandleToHandleIndex
 .text.GetStringNameFromHandle
                0x00000000000155c0      0x148 /tmp/ccBFAMxi.ltrans1.ltrans.o
                0x00000000000155c0                GetStringNameFromHandle
 .text.InternalShellGetNodeFromGuid
                0x0000000000015708       0xf4 /tmp/ccBFAMxi.ltrans1.ltrans.o
                0x0000000000015708                InternalShellGetNodeFromGuid
 .text.GetProtocolInformationDump
                0x00000000000157fc       0xb4 /tmp/ccBFAMxi.ltrans1.ltrans.o
                0x00000000000157fc                GetProtocolInformationDump
 .text.HandleParsingHiiInit
                0x00000000000158b0       0x7c /tmp/ccBFAMxi.ltrans1.ltrans.o
                0x00000000000158b0                HandleParsingHiiInit
 .text.GetGuidFromStringName
                0x000000000001592c      0x1ec /tmp/ccBFAMxi.ltrans1.ltrans.o
                0x000000000001592c                GetGuidFromStringName
 .text.GetStringNameFromGuid
                0x0000000000015b18       0x4c /tmp/ccBFAMxi.ltrans1.ltrans.o
                0x0000000000015b18                GetStringNameFromGuid
 .text.AdapterInformationDumpInformation
                0x0000000000015b64      0x534 /tmp/ccBFAMxi.ltrans1.ltrans.o
 .text.PartitionInfoProtocolDumpInformation
                0x0000000000016098      0x158 /tmp/ccBFAMxi.ltrans1.ltrans.o
 .text.UsbIoProtocolDumpInformation
                0x00000000000161f0       0xec /tmp/ccBFAMxi.ltrans1.ltrans.o
 .text.PciIoProtocolDumpInformation
                0x00000000000162dc      0x1a4 /tmp/ccBFAMxi.ltrans1.ltrans.o
 .text.DebugSupportProtocolDumpInformation
                0x0000000000016480      0x13c /tmp/ccBFAMxi.ltrans1.ltrans.o
 .text.BlockIoProtocolDumpInformation
                0x00000000000165bc      0x1c4 /tmp/ccBFAMxi.ltrans1.ltrans.o
 .text.TxtOutProtocolDumpInformation
                0x0000000000016780      0x244 /tmp/ccBFAMxi.ltrans1.ltrans.o
 .text.PciRootBridgeIoDumpInformation
                0x00000000000169c4      0x328 /tmp/ccBFAMxi.ltrans1.ltrans.o
 .text.InternalShellStripQuotes.part.19
                0x0000000000016cec       0x7c /tmp/ccBFAMxi.ltrans1.ltrans.o
                0x0000000000016cec                InternalShellStripQuotes.part.19
 .text.ShellFileHandleReadLine
                0x0000000000016d68      0x2c4 /tmp/ccBFAMxi.ltrans1.ltrans.o
                0x0000000000016d68                ShellFileHandleReadLine
 .text.ShellFileHandleReturnLine
                0x000000000001702c       0xf8 /tmp/ccBFAMxi.ltrans1.ltrans.o
                0x000000000001702c                ShellFileHandleReturnLine
 .text.ShellConvertStringToUint64
                0x0000000000017124      0x2c0 /tmp/ccBFAMxi.ltrans1.ltrans.o
                0x0000000000017124                ShellConvertStringToUint64
 .text.StrnCatGrow
                0x00000000000173e4      0x164 /tmp/ccBFAMxi.ltrans1.ltrans.o
                0x00000000000173e4                StrnCatGrow
 .text.VerifyIntermediateDirectories
                0x0000000000017548      0x158 /tmp/ccBFAMxi.ltrans1.ltrans.o
                0x0000000000017548                VerifyIntermediateDirectories
 .text.GetFullyQualifiedPath
                0x00000000000176a0      0x110 /tmp/ccBFAMxi.ltrans1.ltrans.o
 .text.ConvertEfiFileProtocolToShellHandle.part.2
                0x00000000000177b0       0x9c /tmp/ccBFAMxi.ltrans1.ltrans.o
                0x00000000000177b0                ConvertEfiFileProtocolToShellHandle.part.2
 .text.ShellCommandRegisterCommandName
                0x000000000001784c      0x220 /tmp/ccBFAMxi.ltrans1.ltrans.o
                0x000000000001784c                ShellCommandRegisterCommandName
 .text.BusSpecificDriverOverrideProtocolDumpInformation
                0x0000000000017a6c      0x164 /tmp/ccBFAMxi.ltrans1.ltrans.o
 .text.DevicePathProtocolDumpInformationEx
                0x0000000000017bd0      0x1a0 /tmp/ccBFAMxi.ltrans1.ltrans.o
 .text.LoadedImageDevicePathProtocolDumpInformation
                0x0000000000017d70        0xc /tmp/ccBFAMxi.ltrans1.ltrans.o
 .text.DevicePathProtocolDumpInformation
                0x0000000000017d7c        0xc /tmp/ccBFAMxi.ltrans1.ltrans.o
 .text.GraphicsOutputProtocolDumpInformation
                0x0000000000017d88      0x30c /tmp/ccBFAMxi.ltrans1.ltrans.o
 .text.ConvertMemoryType
                0x0000000000018094      0x190 /tmp/ccBFAMxi.ltrans1.ltrans.o
 .text.LoadedImageProtocolDumpInformation
                0x0000000000018224      0x25c /tmp/ccBFAMxi.ltrans1.ltrans.o
 .text.ShellStrToUintn
                0x0000000000018480       0x74 /tmp/ccBFAMxi.ltrans1.ltrans.o
                0x0000000000018480                ShellStrToUintn
 .text.ShellIsFile
                0x00000000000184f4       0xc4 /tmp/ccBFAMxi.ltrans1.ltrans.o
                0x00000000000184f4                ShellIsFile
 .text.ShellIsDirectory
                0x00000000000185b8      0x194 /tmp/ccBFAMxi.ltrans1.ltrans.o
                0x00000000000185b8                ShellIsDirectory
 .text.ShellPrintHiiEx
                0x000000000001874c       0xec /tmp/ccBFAMxi.ltrans1.ltrans.o
                0x000000000001874c                ShellPrintHiiEx
 .text.PrintNonSfoHeader
                0x0000000000018838       0x64 /tmp/ccBFAMxi.ltrans1.ltrans.o
 .text.LoadDriver
                0x000000000001889c      0x344 /tmp/ccBFAMxi.ltrans1.ltrans.o
 .text.ShellPrintEx
                0x0000000000018be0       0xbc /tmp/ccBFAMxi.ltrans1.ltrans.o
                0x0000000000018be0                ShellPrintEx
 .text.DumpHex  0x0000000000018c9c      0x140 /tmp/ccBFAMxi.ltrans1.ltrans.o
                0x0000000000018c9c                DumpHex
 .text.ShellPrintHelp
                0x0000000000018ddc      0x144 /tmp/ccBFAMxi.ltrans1.ltrans.o
                0x0000000000018ddc                ShellPrintHelp
 .text.ShellPromptForResponse
                0x0000000000018f20      0x630 /tmp/ccBFAMxi.ltrans1.ltrans.o
                0x0000000000018f20                ShellPromptForResponse
 .text.ShellPromptForResponseHii
                0x0000000000019550       0x58 /tmp/ccBFAMxi.ltrans1.ltrans.o
                0x0000000000019550                ShellPromptForResponseHii
 .text.ShellCommandLineGetCount
                0x00000000000195a8       0x74 /tmp/ccBFAMxi.ltrans1.ltrans.o
                0x00000000000195a8                ShellCommandLineGetCount
 .text.ShellCommandLineGetRawValue
                0x000000000001961c       0x78 /tmp/ccBFAMxi.ltrans1.ltrans.o
                0x000000000001961c                ShellCommandLineGetRawValue
 .text.ShellCommandLineGetValue
                0x0000000000019694      0x14c /tmp/ccBFAMxi.ltrans1.ltrans.o
                0x0000000000019694                ShellCommandLineGetValue
 .text.ShellCommandLineGetFlag
                0x00000000000197e0      0x13c /tmp/ccBFAMxi.ltrans1.ltrans.o
                0x00000000000197e0                ShellCommandLineGetFlag
 .text.ShellCommandLineFreeVarList
                0x000000000001991c       0x70 /tmp/ccBFAMxi.ltrans1.ltrans.o
                0x000000000001991c                ShellCommandLineFreeVarList
 .text.ShellCommandRunTimeZone
                0x000000000001998c      0x6e8 /tmp/ccBFAMxi.ltrans1.ltrans.o
                0x000000000001998c                ShellCommandRunTimeZone
 .text.ShellCommandRunTime
                0x000000000001a074      0x780 /tmp/ccBFAMxi.ltrans1.ltrans.o
                0x000000000001a074                ShellCommandRunTime
 .text.ShellCommandRunDate
                0x000000000001a7f4      0x450 /tmp/ccBFAMxi.ltrans1.ltrans.o
                0x000000000001a7f4                ShellCommandRunDate
 .text.InternalIsFlag
                0x000000000001ac44       0xac /tmp/ccBFAMxi.ltrans1.ltrans.o
                0x000000000001ac44                InternalIsFlag
 .text.ShellFindFilePath
                0x000000000001acf0      0x35c /tmp/ccBFAMxi.ltrans1.ltrans.o
                0x000000000001acf0                ShellFindFilePath
 .text.ShellCloseFileMetaArg
                0x000000000001b04c       0xb4 /tmp/ccBFAMxi.ltrans1.ltrans.o
                0x000000000001b04c                ShellCloseFileMetaArg
 .text.PrintLsOutput
                0x000000000001b100      0xb54 /tmp/ccBFAMxi.ltrans1.ltrans.o
                0x000000000001b100                PrintLsOutput
 .text.ShellCommandRunLoad
                0x000000000001bc54      0x2f0 /tmp/ccBFAMxi.ltrans1.ltrans.o
                0x000000000001bc54                ShellCommandRunLoad
 .text.ShellFileExists
                0x000000000001bf44       0xa0 /tmp/ccBFAMxi.ltrans1.ltrans.o
                0x000000000001bf44                ShellFileExists
 .text.ShellDeleteFileByName
                0x000000000001bfe4       0x70 /tmp/ccBFAMxi.ltrans1.ltrans.o
                0x000000000001bfe4                ShellDeleteFileByName
 .text.CountLen
                0x000000000001c054       0x90 /tmp/ccBFAMxi.ltrans2.ltrans.o
 .text.DownHeap
                0x000000000001c0e4       0x80 /tmp/ccBFAMxi.ltrans2.ltrans.o
 .text.MakeChild
                0x000000000001c164       0x6c /tmp/ccBFAMxi.ltrans2.ltrans.o
 .text.Child    0x000000000001c1d0       0x44 /tmp/ccBFAMxi.ltrans2.ltrans.o
 .text.HBufferImageRestorePosition
                0x000000000001c214       0x3c /tmp/ccBFAMxi.ltrans2.ltrans.o
 .text.HBufferImageIsInSelectedArea
                0x000000000001c250       0xd8 /tmp/ccBFAMxi.ltrans2.ltrans.o
 .text.PciGetProtocolAndResource
                0x000000000001c328       0x64 /tmp/ccBFAMxi.ltrans2.ltrans.o
 .text.PciGetClassStrings
                0x000000000001c38c       0x9c /tmp/ccBFAMxi.ltrans2.ltrans.o
 .text.HBufferImageCreateLine
                0x000000000001c428       0xbc /tmp/ccBFAMxi.ltrans2.ltrans.o
 .text.HBufferImagePrintLine
                0x000000000001c4e4      0x418 /tmp/ccBFAMxi.ltrans2.ltrans.o
 .text.ExplainPcieRootStatus
                0x000000000001c8fc       0x70 /tmp/ccBFAMxi.ltrans2.ltrans.o
 .text.ExplainPcieRootCap
                0x000000000001c96c       0x30 /tmp/ccBFAMxi.ltrans2.ltrans.o
 .text.ExplainPcieRootControl
                0x000000000001c99c       0xac /tmp/ccBFAMxi.ltrans2.ltrans.o
 .text.ExplainPcieSlotStatus
                0x000000000001ca48      0x17c /tmp/ccBFAMxi.ltrans2.ltrans.o
 .text.ExplainPcieSlotControl
                0x000000000001cbc4      0x184 /tmp/ccBFAMxi.ltrans2.ltrans.o
 .text.ExplainPcieSlotCap
                0x000000000001cd48      0x184 /tmp/ccBFAMxi.ltrans2.ltrans.o
 .text.ExplainPcieLinkStatus
                0x000000000001cecc      0x110 /tmp/ccBFAMxi.ltrans2.ltrans.o
 .text.ExplainPcieLinkControl
                0x000000000001cfdc      0x168 /tmp/ccBFAMxi.ltrans2.ltrans.o
 .text.ExplainPcieLinkCap
                0x000000000001d144      0x18c /tmp/ccBFAMxi.ltrans2.ltrans.o
 .text.ExplainPcieDeviceStatus
                0x000000000001d2d0       0xc8 /tmp/ccBFAMxi.ltrans2.ltrans.o
 .text.ExplainPcieDeviceControl
                0x000000000001d398      0x200 /tmp/ccBFAMxi.ltrans2.ltrans.o
 .text.ExplainPcieDeviceCap
                0x000000000001d598      0x250 /tmp/ccBFAMxi.ltrans2.ltrans.o
 .text.ExplainPcieCapReg
                0x000000000001d7e8       0xc4 /tmp/ccBFAMxi.ltrans2.ltrans.o
 .text.InputBarPrintInput
                0x000000000001d8ac      0x118 /tmp/ccBFAMxi.ltrans2.ltrans.o
 .text.ShellCommandRunDblk
                0x000000000001d9c4      0x5a4 /tmp/ccBFAMxi.ltrans2.ltrans.o
                0x000000000001d9c4                ShellCommandRunDblk
 .text.GetAttrType
                0x000000000001df68      0x150 /tmp/ccBFAMxi.ltrans2.ltrans.o
 .text.CascadeProcessVariables
                0x000000000001e0b8      0x634 /tmp/ccBFAMxi.ltrans2.ltrans.o
 .text.ShellCommandRunDmpStore
                0x000000000001e6ec      0xc74 /tmp/ccBFAMxi.ltrans2.ltrans.o
                0x000000000001e6ec                ShellCommandRunDmpStore
 .text.ShellCommandRunPci
                0x000000000001f360     0x16e0 /tmp/ccBFAMxi.ltrans2.ltrans.o
                0x000000000001f360                ShellCommandRunPci
 .text.DisplaySettings
                0x0000000000020a40      0x23c /tmp/ccBFAMxi.ltrans2.ltrans.o
 .text.ShellCommandRunSerMode
                0x0000000000020c7c      0x588 /tmp/ccBFAMxi.ltrans2.ltrans.o
                0x0000000000020c7c                ShellCommandRunSerMode
 .text.IsStringOfHexNibbles
                0x0000000000021204       0x3c /tmp/ccBFAMxi.ltrans2.ltrans.o
 .text.ParseParameterData
                0x0000000000021240      0x664 /tmp/ccBFAMxi.ltrans2.ltrans.o
 .text.ShellCommandRunSetVar
                0x00000000000218a4      0x798 /tmp/ccBFAMxi.ltrans2.ltrans.o
                0x00000000000218a4                ShellCommandRunSetVar
 .text.ShellMmAccess
                0x000000000002203c      0x4a0 /tmp/ccBFAMxi.ltrans2.ltrans.o
 .text.ShellCommandRunMm
                0x00000000000224dc      0x940 /tmp/ccBFAMxi.ltrans2.ltrans.o
                0x00000000000224dc                ShellCommandRunMm
 .text.PutBits  0x0000000000022e1c       0xc8 /tmp/ccBFAMxi.ltrans2.ltrans.o
                0x0000000000022e1c                PutBits
 .text.MakeTree
                0x0000000000022ee4      0x338 /tmp/ccBFAMxi.ltrans2.ltrans.o
                0x0000000000022ee4                MakeTree
 .text.FreadCrc
                0x000000000002321c       0x94 /tmp/ccBFAMxi.ltrans2.ltrans.o
                0x000000000002321c                FreadCrc
 .text.InsertNode
                0x00000000000232b0      0x340 /tmp/ccBFAMxi.ltrans2.ltrans.o
                0x00000000000232b0                InsertNode
 .text.GetNextMatch
                0x00000000000235f0      0x248 /tmp/ccBFAMxi.ltrans2.ltrans.o
                0x00000000000235f0                GetNextMatch
 .text.FreeMemory
                0x0000000000023838       0xb8 /tmp/ccBFAMxi.ltrans2.ltrans.o
                0x0000000000023838                FreeMemory
 .text.PutDword
                0x00000000000238f0       0x7c /tmp/ccBFAMxi.ltrans2.ltrans.o
                0x00000000000238f0                PutDword
 .text.HFileImageSetFileName
                0x000000000002396c       0x60 /tmp/ccBFAMxi.ltrans2.ltrans.o
                0x000000000002396c                HFileImageSetFileName
 .text.HBufferImageListToBuffer
                0x00000000000239cc       0xec /tmp/ccBFAMxi.ltrans2.ltrans.o
                0x00000000000239cc                HBufferImageListToBuffer
 .text.HBufferImageBufferToList
                0x0000000000023ab8       0xac /tmp/ccBFAMxi.ltrans2.ltrans.o
                0x0000000000023ab8                HBufferImageBufferToList
 .text.HBufferImageGetTotalSize
                0x0000000000023b64       0x98 /tmp/ccBFAMxi.ltrans2.ltrans.o
                0x0000000000023b64                HBufferImageGetTotalSize
 .text.HBufferImageMovePosition
                0x0000000000023bfc       0xf4 /tmp/ccBFAMxi.ltrans2.ltrans.o
                0x0000000000023bfc                HBufferImageMovePosition
 .text.HBufferImageIsAtHighBits
                0x0000000000023cf0       0x50 /tmp/ccBFAMxi.ltrans2.ltrans.o
                0x0000000000023cf0                HBufferImageIsAtHighBits
 .text.HBufferImageRestoreMousePosition
                0x0000000000023d40      0x2fc /tmp/ccBFAMxi.ltrans2.ltrans.o
 .text.HBufferImageRefresh
                0x000000000002403c      0x2fc /tmp/ccBFAMxi.ltrans2.ltrans.o
                0x000000000002403c                HBufferImageRefresh
 .text.HBufferImageFreeLines
                0x0000000000024338       0xbc /tmp/ccBFAMxi.ltrans2.ltrans.o
                0x0000000000024338                HBufferImageFreeLines
 .text.HBufferImageDeleteCharacterFromBuffer
                0x00000000000243f4      0x1d0 /tmp/ccBFAMxi.ltrans2.ltrans.o
                0x00000000000243f4                HBufferImageDeleteCharacterFromBuffer
 .text.HBufferImageBackup
                0x00000000000245c4      0x114 /tmp/ccBFAMxi.ltrans2.ltrans.o
                0x00000000000245c4                HBufferImageBackup
 .text.MenuBarDispatchControlHotKey
                0x00000000000246d8       0x9c /tmp/ccBFAMxi.ltrans2.ltrans.o
                0x00000000000246d8                MenuBarDispatchControlHotKey
 .text.MenuBarInit
                0x0000000000024774       0x94 /tmp/ccBFAMxi.ltrans2.ltrans.o
                0x0000000000024774                MenuBarInit
 .text.MenuBarCleanup
                0x0000000000024808       0x2c /tmp/ccBFAMxi.ltrans2.ltrans.o
                0x0000000000024808                MenuBarCleanup
 .text.StatusBarSetStatusString
                0x0000000000024834       0x64 /tmp/ccBFAMxi.ltrans2.ltrans.o
                0x0000000000024834                StatusBarSetStatusString
 .text.HMemImageRead
                0x0000000000024898      0x1e4 /tmp/ccBFAMxi.ltrans2.ltrans.o
                0x0000000000024898                HMemImageRead
 .text.HFileImageRead
                0x0000000000024a7c      0x318 /tmp/ccBFAMxi.ltrans2.ltrans.o
                0x0000000000024a7c                HFileImageRead
 .text.HDiskImageRead
                0x0000000000024d94      0x334 /tmp/ccBFAMxi.ltrans2.ltrans.o
                0x0000000000024d94                HDiskImageRead
 .text.HBufferImageRead
                0x00000000000250c8       0x94 /tmp/ccBFAMxi.ltrans2.ltrans.o
                0x00000000000250c8                HBufferImageRead
 .text.HBufferImageHandleInput
                0x000000000002515c      0x544 /tmp/ccBFAMxi.ltrans2.ltrans.o
                0x000000000002515c                HBufferImageHandleInput
 .text.MenuBarDispatchFunctionKey
                0x00000000000256a0       0x54 /tmp/ccBFAMxi.ltrans2.ltrans.o
                0x00000000000256a0                MenuBarDispatchFunctionKey
 .text.StatusBarCleanup
                0x00000000000256f4       0x2c /tmp/ccBFAMxi.ltrans2.ltrans.o
                0x00000000000256f4                StatusBarCleanup
 .text.InputBarSetStringSize
                0x0000000000025720       0x58 /tmp/ccBFAMxi.ltrans2.ltrans.o
                0x0000000000025720                InputBarSetStringSize
 .text.InputBarSetPrompt
                0x0000000000025778       0x58 /tmp/ccBFAMxi.ltrans2.ltrans.o
                0x0000000000025778                InputBarSetPrompt
 .text.InputBarRefresh
                0x00000000000257d0      0x298 /tmp/ccBFAMxi.ltrans2.ltrans.o
                0x00000000000257d0                InputBarRefresh
 .text.InputBarCleanup
                0x0000000000025a68       0x48 /tmp/ccBFAMxi.ltrans2.ltrans.o
                0x0000000000025a68                InputBarCleanup
 .text.MainTitleBarRefresh
                0x0000000000025ab0      0x248 /tmp/ccBFAMxi.ltrans2.ltrans.o
                0x0000000000025ab0                MainTitleBarRefresh
 .text.MainTitleBarCleanup
                0x0000000000025cf8       0x30 /tmp/ccBFAMxi.ltrans2.ltrans.o
                0x0000000000025cf8                MainTitleBarCleanup
 .text.LibGetSmbiosString
                0x0000000000025d28       0x60 /tmp/ccBFAMxi.ltrans2.ltrans.o
                0x0000000000025d28                LibGetSmbiosString
 .text.LibGetSmbios64BitStructure.part.3
                0x0000000000025d88       0xdc /tmp/ccBFAMxi.ltrans2.ltrans.o
 .text.LibGetSmbiosStructure.part.2
                0x0000000000025e64       0xe0 /tmp/ccBFAMxi.ltrans2.ltrans.o
 .text.ShellCommandRunSmbiosView
                0x0000000000025f44      0xfd4 /tmp/ccBFAMxi.ltrans2.ltrans.o
                0x0000000000025f44                ShellCommandRunSmbiosView
 .text.ShellCommandGetManFileNameDriver1
                0x0000000000026f18        0xc /tmp/ccBFAMxi.ltrans3.ltrans.o
                0x0000000000026f18                ShellCommandGetManFileNameDriver1
 .text.ShellCommandGetManFileNameLevel3
                0x0000000000026f24        0xc /tmp/ccBFAMxi.ltrans3.ltrans.o
                0x0000000000026f24                ShellCommandGetManFileNameLevel3
 .text.ShellLevel3CommandsLibSetAlias
                0x0000000000026f30       0xc4 /tmp/ccBFAMxi.ltrans3.ltrans.o
 .text.unlikely.ReturnUintn
                0x0000000000026ff4       0x5c /tmp/ccBFAMxi.ltrans3.ltrans.o
 .text.ShellCommandRunGetMtc
                0x0000000000027050      0x220 /tmp/ccBFAMxi.ltrans3.ltrans.o
                0x0000000000027050                ShellCommandRunGetMtc
 .text.ShellCommandRunStall
                0x0000000000027270      0x2a4 /tmp/ccBFAMxi.ltrans3.ltrans.o
                0x0000000000027270                ShellCommandRunStall
 .text.GetDriverImageName
                0x0000000000027514       0xa8 /tmp/ccBFAMxi.ltrans3.ltrans.o
 .text.ShellCmdDriverConfigurationProcessActionRequired
                0x00000000000275bc      0x244 /tmp/ccBFAMxi.ltrans3.ltrans.o
 .text.PreHiiDrvCfg
                0x0000000000027800      0x8cc /tmp/ccBFAMxi.ltrans3.ltrans.o
 .text.ShellCommandRunVer
                0x00000000000280cc      0x3c4 /tmp/ccBFAMxi.ltrans3.ltrans.o
                0x00000000000280cc                ShellCommandRunVer
 .text.DoDevTreeForHandle
                0x0000000000028490      0x250 /tmp/ccBFAMxi.ltrans3.ltrans.o
 .text.ShellCommandRunDevTree
                0x00000000000286e0      0x3e0 /tmp/ccBFAMxi.ltrans3.ltrans.o
                0x00000000000286e0                ShellCommandRunDevTree
 .text.ShellCommandRunDevices
                0x0000000000028ac0      0x5e8 /tmp/ccBFAMxi.ltrans3.ltrans.o
                0x0000000000028ac0                ShellCommandRunDevices
 .text.ShellCommandRunDrivers
                0x00000000000290a8      0x8e8 /tmp/ccBFAMxi.ltrans3.ltrans.o
                0x00000000000290a8                ShellCommandRunDrivers
 .text.ShellCommandRunOpenInfo
                0x0000000000029990      0x528 /tmp/ccBFAMxi.ltrans3.ltrans.o
                0x0000000000029990                ShellCommandRunOpenInfo
 .text.ShellCommandRunEcho
                0x0000000000029eb8      0x29c /tmp/ccBFAMxi.ltrans3.ltrans.o
                0x0000000000029eb8                ShellCommandRunEcho
 .text.GetProtocolInfoString
                0x000000000002a154      0x328 /tmp/ccBFAMxi.ltrans3.ltrans.o
 .text.ShellCommandRunUnload
                0x000000000002a47c      0x39c /tmp/ccBFAMxi.ltrans3.ltrans.o
                0x000000000002a47c                ShellCommandRunUnload
 .text.GetDriverName
                0x000000000002a818      0x120 /tmp/ccBFAMxi.ltrans3.ltrans.o
 .text.DoDhByHandle
                0x000000000002a938      0xacc /tmp/ccBFAMxi.ltrans3.ltrans.o
 .text.DoDhByProtocolGuid
                0x000000000002b404      0x100 /tmp/ccBFAMxi.ltrans3.ltrans.o
 .text.ShellCommandRunDrvDiag
                0x000000000002b504      0xaa8 /tmp/ccBFAMxi.ltrans3.ltrans.o
                0x000000000002b504                ShellCommandRunDrvDiag
 .text.ConvertStrToGuid
                0x000000000002bfac      0x1ac /tmp/ccBFAMxi.ltrans3.ltrans.o
 .text.ShellCommandRunDh
                0x000000000002c158      0x66c /tmp/ccBFAMxi.ltrans3.ltrans.o
                0x000000000002c158                ShellCommandRunDh
 .text.ShellConnectFromDevPaths
                0x000000000002c7c4      0x3f0 /tmp/ccBFAMxi.ltrans3.ltrans.o
 .text.ShellCommandRunDisconnect
                0x000000000002cbb4      0x590 /tmp/ccBFAMxi.ltrans3.ltrans.o
                0x000000000002cbb4                ShellCommandRunDisconnect
 .text.ShellCommandRunConnect
                0x000000000002d144      0x6bc /tmp/ccBFAMxi.ltrans3.ltrans.o
                0x000000000002d144                ShellCommandRunConnect
 .text.ShellCommandRunReconnect
                0x000000000002d800      0x22c /tmp/ccBFAMxi.ltrans3.ltrans.o
                0x000000000002d800                ShellCommandRunReconnect
 .text.InternalIsAliasOnList
                0x000000000002da2c       0xf0 /tmp/ccBFAMxi.ltrans3.ltrans.o
 .text.DoTouchByHandle
                0x000000000002db1c      0x2b8 /tmp/ccBFAMxi.ltrans3.ltrans.o
 .text.ShellCommandRunTouch
                0x000000000002ddd4      0x41c /tmp/ccBFAMxi.ltrans3.ltrans.o
                0x000000000002ddd4                ShellCommandRunTouch
 .text.ShellCommandRunType
                0x000000000002e1f0      0x74c /tmp/ccBFAMxi.ltrans3.ltrans.o
                0x000000000002e1f0                ShellCommandRunType
 .text.ShellCommandRunCls
                0x000000000002e93c      0x4f0 /tmp/ccBFAMxi.ltrans3.ltrans.o
                0x000000000002e93c                ShellCommandRunCls
 .text.LexicalInsertIntoList
                0x000000000002ee2c      0x128 /tmp/ccBFAMxi.ltrans3.ltrans.o
 .text.ShellCommandRunHelp
                0x000000000002ef54      0x8b0 /tmp/ccBFAMxi.ltrans3.ltrans.o
                0x000000000002ef54                ShellCommandRunHelp
 .text.ShellCommandRunPause
                0x000000000002f804      0x2dc /tmp/ccBFAMxi.ltrans3.ltrans.o
                0x000000000002f804                ShellCommandRunPause
 .text.PrintSingleShellAlias
                0x000000000002fae0       0xe8 /tmp/ccBFAMxi.ltrans3.ltrans.o
 .text.ShellCommandRunAlias
                0x000000000002fbc8      0x42c /tmp/ccBFAMxi.ltrans3.ltrans.o
                0x000000000002fbc8                ShellCommandRunAlias
 .text.ShellCommandRunShift
                0x000000000002fff4      0x170 /tmp/ccBFAMxi.ltrans3.ltrans.o
                0x000000000002fff4                ShellCommandRunShift
 .text.InternalRemoveAliasFromList
                0x0000000000030164      0x110 /tmp/ccBFAMxi.ltrans3.ltrans.o
 .text.ShellCommandRunFor
                0x0000000000030274      0xd94 /tmp/ccBFAMxi.ltrans3.ltrans.o
                0x0000000000030274                ShellCommandRunFor
 .text.FindHiiHandleViaDevPath
                0x0000000000031008      0x2bc /tmp/ccBFAMxi.ltrans3.ltrans.o
                0x0000000000031008                FindHiiHandleViaDevPath
 .text.ShellCommandRunDrvCfg
                0x00000000000312c4      0xde4 /tmp/ccBFAMxi.ltrans3.ltrans.o
                0x00000000000312c4                ShellCommandRunDrvCfg
 .text.ShellCommandGetManFileNameLevel1
                0x00000000000320a8        0xc /tmp/ccBFAMxi.ltrans4.ltrans.o
                0x00000000000320a8                ShellCommandGetManFileNameLevel1
 .text.unlikely.IsNumberLetterOnly
                0x00000000000320b4       0x58 /tmp/ccBFAMxi.ltrans4.ltrans.o
 .text.PerformResultOperation
                0x000000000003210c      0x1dc /tmp/ccBFAMxi.ltrans4.ltrans.o
 .text.TestNodeForMove
                0x00000000000322e8      0x190 /tmp/ccBFAMxi.ltrans4.ltrans.o
 .text.IsNextFragment
                0x0000000000032478      0x110 /tmp/ccBFAMxi.ltrans4.ltrans.o
 .text.ShellCommandRunExit
                0x0000000000032588      0x278 /tmp/ccBFAMxi.ltrans4.ltrans.o
                0x0000000000032588                ShellCommandRunExit
 .text.ShellCommandRunSet
                0x0000000000032800      0x46c /tmp/ccBFAMxi.ltrans4.ltrans.o
                0x0000000000032800                ShellCommandRunSet
 .text.ShellCommandRunVol
                0x0000000000032c6c      0x85c /tmp/ccBFAMxi.ltrans4.ltrans.o
                0x0000000000032c6c                ShellCommandRunVol
 .text.ShellCommandRunAttrib
                0x00000000000334c8      0x6b0 /tmp/ccBFAMxi.ltrans4.ltrans.o
                0x00000000000334c8                ShellCommandRunAttrib
 .text.CascadeDelete
                0x0000000000033b78      0x480 /tmp/ccBFAMxi.ltrans4.ltrans.o
 .text.ShellCommandRunRm
                0x0000000000033ff8      0x450 /tmp/ccBFAMxi.ltrans4.ltrans.o
                0x0000000000033ff8                ShellCommandRunRm
 .text.ShellCommandRunParse
                0x0000000000034448      0x658 /tmp/ccBFAMxi.ltrans4.ltrans.o
                0x0000000000034448                ShellCommandRunParse
 .text.CopySingleFile
                0x0000000000034aa0      0x458 /tmp/ccBFAMxi.ltrans4.ltrans.o
 .text.ValidateAndMoveFiles
                0x0000000000034ef8      0xe58 /tmp/ccBFAMxi.ltrans4.ltrans.o
 .text.ShellCommandRunMv
                0x0000000000035d50      0x480 /tmp/ccBFAMxi.ltrans4.ltrans.o
                0x0000000000035d50                ShellCommandRunMv
 .text.ValidateAndCopyFiles
                0x00000000000361d0      0x904 /tmp/ccBFAMxi.ltrans4.ltrans.o
 .text.ProcessValidateAndCopyFiles
                0x0000000000036ad4      0x21c /tmp/ccBFAMxi.ltrans4.ltrans.o
 .text.ShellCommandRunCp
                0x0000000000036cf0      0x518 /tmp/ccBFAMxi.ltrans4.ltrans.o
                0x0000000000036cf0                ShellCommandRunCp
 .text.ShellCommandRunMkDir
                0x0000000000037208      0x33c /tmp/ccBFAMxi.ltrans4.ltrans.o
                0x0000000000037208                ShellCommandRunMkDir
 .text.ShellCommandRunCd
                0x0000000000037544      0x678 /tmp/ccBFAMxi.ltrans4.ltrans.o
                0x0000000000037544                ShellCommandRunCd
 .text.ShellCommandRunReset
                0x0000000000037bbc      0x428 /tmp/ccBFAMxi.ltrans4.ltrans.o
                0x0000000000037bbc                ShellCommandRunReset
 .text.PerformSingleMappingDelete
                0x0000000000037fe4       0xb8 /tmp/ccBFAMxi.ltrans4.ltrans.o
 .text.PerformSingleMappingDisplay
                0x000000000003809c      0x6d8 /tmp/ccBFAMxi.ltrans4.ltrans.o
 .text.PerformMappingDisplay
                0x0000000000038774      0x3dc /tmp/ccBFAMxi.ltrans4.ltrans.o
 .text.ShellCommandRunMap
                0x0000000000038b50      0xcd4 /tmp/ccBFAMxi.ltrans4.ltrans.o
                0x0000000000038b50                ShellCommandRunMap
 .text.ShellCommandRunLs
                0x0000000000039824      0x730 /tmp/ccBFAMxi.ltrans4.ltrans.o
                0x0000000000039824                ShellCommandRunLs
 .text.InternalUpdateAliasOnList
                0x0000000000039f54      0x1bc /tmp/ccBFAMxi.ltrans4.ltrans.o
                0x0000000000039f54                InternalUpdateAliasOnList
 .text.unlikely.ShellIsValidForNumber
                0x000000000003a110       0xb4 /tmp/ccBFAMxi.ltrans4.ltrans.o
                0x000000000003a110                ShellIsValidForNumber
 .text.MoveToTag
                0x000000000003a1c4      0x194 /tmp/ccBFAMxi.ltrans4.ltrans.o
                0x000000000003a1c4                MoveToTag
 .text.ShellCommandRunEndFor
                0x000000000003a358      0x184 /tmp/ccBFAMxi.ltrans4.ltrans.o
                0x000000000003a358                ShellCommandRunEndFor
 .text.ShellCommandRunEndIf
                0x000000000003a4dc      0x18c /tmp/ccBFAMxi.ltrans4.ltrans.o
                0x000000000003a4dc                ShellCommandRunEndIf
 .text.ShellCommandRunElse
                0x000000000003a668      0x234 /tmp/ccBFAMxi.ltrans4.ltrans.o
                0x000000000003a668                ShellCommandRunElse
 .text.ShellCommandRunIf
                0x000000000003a89c     0x1784 /tmp/ccBFAMxi.ltrans4.ltrans.o
                0x000000000003a89c                ShellCommandRunIf
 .text.ShellCommandRunGoto
                0x000000000003c020      0x328 /tmp/ccBFAMxi.ltrans4.ltrans.o
                0x000000000003c020                ShellCommandRunGoto
 .text.LineDeleteAt
                0x000000000003c348       0x3c /tmp/ccBFAMxi.ltrans5.ltrans.o
 .text.FileBufferRestorePosition
                0x000000000003c384       0x28 /tmp/ccBFAMxi.ltrans5.ltrans.o
 .text.ShellCommandGetManFileNameDebug1
                0x000000000003c3ac        0xc /tmp/ccBFAMxi.ltrans5.ltrans.o
                0x000000000003c3ac                ShellCommandGetManFileNameDebug1
 .text.LoadEfiDriversFromRomImage
                0x000000000003c3b8      0x3c8 /tmp/ccBFAMxi.ltrans5.ltrans.o
 .text.FileBufferFreeLines
                0x000000000003c780       0xe0 /tmp/ccBFAMxi.ltrans5.ltrans.o
 .text.InternalEditorMiscLineRetreat
                0x000000000003c860       0xc0 /tmp/ccBFAMxi.ltrans5.ltrans.o
 .text.InternalEditorMiscLineAdvance
                0x000000000003c920       0xc0 /tmp/ccBFAMxi.ltrans5.ltrans.o
 .text.FileBufferMovePosition
                0x000000000003c9e0      0x154 /tmp/ccBFAMxi.ltrans5.ltrans.o
 .text.FileBufferScrollRight
                0x000000000003cb34       0x64 /tmp/ccBFAMxi.ltrans5.ltrans.o
 .text.FileBufferScrollLeft
                0x000000000003cb98       0xac /tmp/ccBFAMxi.ltrans5.ltrans.o
 .text.MoveLine
                0x000000000003cc44       0x24 /tmp/ccBFAMxi.ltrans5.ltrans.o
 .text.ShellCommandRunLoadPciRom
                0x000000000003cc68      0x3dc /tmp/ccBFAMxi.ltrans5.ltrans.o
                0x000000000003cc68                ShellCommandRunLoadPciRom
 .text.ShellCommandRunDmem
                0x000000000003d044      0x5c4 /tmp/ccBFAMxi.ltrans5.ltrans.o
                0x000000000003d044                ShellCommandRunDmem
 .text.ShellCommandRunEfiDecompress
                0x000000000003d608      0x740 /tmp/ccBFAMxi.ltrans5.ltrans.o
                0x000000000003d608                ShellCommandRunEfiDecompress
 .text.ShellCommandRunEfiCompress
                0x000000000003dd48      0x628 /tmp/ccBFAMxi.ltrans5.ltrans.o
                0x000000000003dd48                ShellCommandRunEfiCompress
 .text.ShellCommandRunMemMap
                0x000000000003e370      0xd14 /tmp/ccBFAMxi.ltrans5.ltrans.o
                0x000000000003e370                ShellCommandRunMemMap
 .text.ShellCommandRunMode
                0x000000000003f084      0x450 /tmp/ccBFAMxi.ltrans5.ltrans.o
                0x000000000003f084                ShellCommandRunMode
 .text.PrintDifferentPoint
                0x000000000003f4d4      0x124 /tmp/ccBFAMxi.ltrans5.ltrans.o
 .text.ShellCommandRunComp
                0x000000000003f5f8      0xa54 /tmp/ccBFAMxi.ltrans5.ltrans.o
                0x000000000003f5f8                ShellCommandRunComp
 .text.FileBufferRestoreMousePosition
                0x000000000004004c      0x238 /tmp/ccBFAMxi.ltrans5.ltrans.o
 .text.ShellCommandRunSetSize
                0x0000000000040284      0x3f4 /tmp/ccBFAMxi.ltrans5.ltrans.o
                0x0000000000040284                ShellCommandRunSetSize
 .text.HMainEditorRefresh
                0x0000000000040678      0x298 /tmp/ccBFAMxi.ltrans5.ltrans.o
 .text.HMainCommandSelectEnd
                0x0000000000040910       0x94 /tmp/ccBFAMxi.ltrans5.ltrans.o
 .text.HMainCommandSelectStart
                0x00000000000409a4       0x84 /tmp/ccBFAMxi.ltrans5.ltrans.o
 .text.MainCommandSwitchFileType
                0x0000000000040a28       0x54 /tmp/ccBFAMxi.ltrans5.ltrans.o
 .text.IsValidFileName
                0x0000000000040a7c       0xd0 /tmp/ccBFAMxi.ltrans5.ltrans.o
 .text.MainCommandGotoLine
                0x0000000000040b4c       0xb0 /tmp/ccBFAMxi.ltrans5.ltrans.o
 .text.HMainCommandExit
                0x0000000000040bfc       0xf4 /tmp/ccBFAMxi.ltrans5.ltrans.o
 .text.HMainCommandOpenMemory
                0x0000000000040cf0      0x2ec /tmp/ccBFAMxi.ltrans5.ltrans.o
 .text.MainCommandPasteLine
                0x0000000000040fdc      0x180 /tmp/ccBFAMxi.ltrans5.ltrans.o
 .text.LineCat  0x000000000004115c       0x7c /tmp/ccBFAMxi.ltrans5.ltrans.o
 .text.FileBufferSetFileName
                0x00000000000411d8       0x70 /tmp/ccBFAMxi.ltrans5.ltrans.o
 .text.FileBufferCreateLine
                0x0000000000041248       0xe0 /tmp/ccBFAMxi.ltrans5.ltrans.o
 .text.MainCommandCutLine
                0x0000000000041328      0x1a8 /tmp/ccBFAMxi.ltrans5.ltrans.o
 .text.HMainCommandOpenDisk
                0x00000000000414d0      0x328 /tmp/ccBFAMxi.ltrans5.ltrans.o
 .text.HMainCommandOpenFile
                0x00000000000417f8      0x2d8 /tmp/ccBFAMxi.ltrans5.ltrans.o
 .text.HMainCommandPaste
                0x0000000000041ad0      0x23c /tmp/ccBFAMxi.ltrans5.ltrans.o
 .text.HMainCommandCut
                0x0000000000041d0c       0xcc /tmp/ccBFAMxi.ltrans5.ltrans.o
 .text.HMainCommandSaveBuffer
                0x0000000000041dd8      0x360 /tmp/ccBFAMxi.ltrans5.ltrans.o
 .text.HMainCommandGoToOffset
                0x0000000000042138      0x12c /tmp/ccBFAMxi.ltrans5.ltrans.o
 .text.HMainCommandDisplayHelp
                0x0000000000042264      0x14c /tmp/ccBFAMxi.ltrans5.ltrans.o
 .text.EditGetDefaultFileName
                0x00000000000423b0       0x90 /tmp/ccBFAMxi.ltrans5.ltrans.o
 .text.ShellCommandRunHexEdit
                0x0000000000042440     0x13a4 /tmp/ccBFAMxi.ltrans5.ltrans.o
                0x0000000000042440                ShellCommandRunHexEdit
 .text.FileBufferSave
                0x00000000000437e4      0x4f8 /tmp/ccBFAMxi.ltrans5.ltrans.o
 .text.MainCommandSaveFile
                0x0000000000043cdc      0x2c8 /tmp/ccBFAMxi.ltrans5.ltrans.o
 .text.MainCommandExit
                0x0000000000043fa4       0xf4 /tmp/ccBFAMxi.ltrans5.ltrans.o
 .text.FileBufferRead
                0x0000000000044098      0x5cc /tmp/ccBFAMxi.ltrans5.ltrans.o
 .text.MainCommandOpenFile
                0x0000000000044664      0x1dc /tmp/ccBFAMxi.ltrans5.ltrans.o
 .text.FileBufferPrintLine
                0x0000000000044840      0x11c /tmp/ccBFAMxi.ltrans5.ltrans.o
 .text.FileBufferBackup
                0x000000000004495c       0x9c /tmp/ccBFAMxi.ltrans5.ltrans.o
 .text.HLineRetreat
                0x00000000000449f8       0xc8 /tmp/ccBFAMxi.ltrans5.ltrans.o
                0x00000000000449f8                HLineRetreat
 .text.HLineAdvance
                0x0000000000044ac0       0xc8 /tmp/ccBFAMxi.ltrans5.ltrans.o
                0x0000000000044ac0                HLineAdvance
 .text.HMoveLine
                0x0000000000044b88       0x14 /tmp/ccBFAMxi.ltrans5.ltrans.o
                0x0000000000044b88                HMoveLine
 .text.EditorClearLine
                0x0000000000044b9c      0x104 /tmp/ccBFAMxi.ltrans5.ltrans.o
                0x0000000000044b9c                EditorClearLine
 .text.FileBufferRefresh
                0x0000000000044ca0      0x22c /tmp/ccBFAMxi.ltrans5.ltrans.o
 .text.MainEditorRefresh
                0x0000000000044ecc      0x144 /tmp/ccBFAMxi.ltrans5.ltrans.o
 .text.ShellCommandRunEdit
                0x0000000000045010     0x1100 /tmp/ccBFAMxi.ltrans5.ltrans.o
                0x0000000000045010                ShellCommandRunEdit
 .text.MainCommandDisplayHelp
                0x0000000000046110      0x150 /tmp/ccBFAMxi.ltrans5.ltrans.o
 .text.FileBufferSearch
                0x0000000000046260      0x154 /tmp/ccBFAMxi.ltrans5.ltrans.o
 .text.MainCommandSearchReplace
                0x00000000000463b4      0x77c /tmp/ccBFAMxi.ltrans5.ltrans.o
 .text.MainCommandSearch
                0x0000000000046b30      0x1a4 /tmp/ccBFAMxi.ltrans5.ltrans.o
 .text.GetSystemConfigurationTable
                0x0000000000046cd4       0xa0 /tmp/ccBFAMxi.ltrans5.ltrans.o
                0x0000000000046cd4                GetSystemConfigurationTable
 .text.MemToString
                0x0000000000046d74       0x20 /tmp/ccBFAMxi.ltrans6.ltrans.o
 .text.DisplayProcessorFamily.part.5
                0x0000000000046d94      0xea0 /tmp/ccBFAMxi.ltrans6.ltrans.o
 .text.DisplayMmMemorySize
                0x0000000000047c34      0x100 /tmp/ccBFAMxi.ltrans6.ltrans.o
 .text.WritePTLen
                0x0000000000047d34      0x10c /tmp/ccBFAMxi.ltrans6.ltrans.o
 .text.SendBlock
                0x0000000000047e40      0x540 /tmp/ccBFAMxi.ltrans6.ltrans.o
 .text.CompressOutput
                0x0000000000048380      0x120 /tmp/ccBFAMxi.ltrans6.ltrans.o
 .text.SmbiosPrintStructure.part.21
                0x00000000000484a0     0x76b8 /tmp/ccBFAMxi.ltrans6.ltrans.o
                0x00000000000484a0                SmbiosPrintStructure.part.21
 .text.Smbios64BitPrintEPSInfo
                0x000000000004fb58      0x1ac /tmp/ccBFAMxi.ltrans6.ltrans.o
                0x000000000004fb58                Smbios64BitPrintEPSInfo
 .text.SmbiosPrintEPSInfo
                0x000000000004fd04      0x258 /tmp/ccBFAMxi.ltrans6.ltrans.o
                0x000000000004fd04                SmbiosPrintEPSInfo
 .text.Compress
                0x000000000004ff5c      0x45c /tmp/ccBFAMxi.ltrans6.ltrans.o
                0x000000000004ff5c                Compress
 .text.ShellCommandGetManFileNameBcfg
                0x00000000000503b8        0xc /tmp/ccBFAMxi.ltrans7.ltrans.o
 .text.ManFileFindTitleSection.part.3.constprop.83
                0x00000000000503c4      0x2ac /tmp/ccBFAMxi.ltrans7.ltrans.o
 .text.GetDevicePathForDriverHandle
                0x0000000000050670      0x128 /tmp/ccBFAMxi.ltrans7.ltrans.o
 .text.InternalCommandLineParse.part.14.constprop.59
                0x0000000000050798      0x484 /tmp/ccBFAMxi.ltrans7.ltrans.o
 .text.NetLibGetSnpHandle.constprop.8
                0x0000000000050c1c       0xf8 /tmp/ccBFAMxi.ltrans7.ltrans.o
 .text.NetLibDetectMedia.constprop.7
                0x0000000000050d14      0x250 /tmp/ccBFAMxi.ltrans7.ltrans.o
 .text.CatVSPrint
                0x0000000000050f64      0x138 /tmp/ccBFAMxi.ltrans7.ltrans.o
 .text.FbConFlush
                0x000000000005109c       0x54 /tmp/ccBFAMxi.ltrans7.ltrans.o
 .text.ShellLibDestructor.constprop.138
                0x00000000000510f0      0x118 /tmp/ccBFAMxi.ltrans7.ltrans.o
                0x00000000000510f0                ShellLibDestructor.constprop.138
 .text.InternalAllocatePool.constprop.127
                0x0000000000051208       0x6c /tmp/ccBFAMxi.ltrans7.ltrans.o
                0x0000000000051208                InternalAllocatePool.constprop.127
 .text.ShellCopySearchAndReplace.constprop.122
                0x0000000000051274      0x1c0 /tmp/ccBFAMxi.ltrans7.ltrans.o
                0x0000000000051274                ShellCopySearchAndReplace.constprop.122
 .text.FindNextInstance.constprop.121
                0x0000000000051434       0x54 /tmp/ccBFAMxi.ltrans7.ltrans.o
                0x0000000000051434                FindNextInstance.constprop.121
 .text.ShellFindFilePathEx.constprop.118
                0x0000000000051488      0x148 /tmp/ccBFAMxi.ltrans7.ltrans.o
                0x0000000000051488                ShellFindFilePathEx.constprop.118
 .text.unlikely.CreateFileInterfaceFile.constprop.117
                0x00000000000515d0       0xbc /tmp/ccBFAMxi.ltrans7.ltrans.o
                0x00000000000515d0                CreateFileInterfaceFile.constprop.117
 .text.RunScriptFile.constprop.115
                0x000000000005168c      0xc88 /tmp/ccBFAMxi.ltrans7.ltrans.o
                0x000000000005168c                RunScriptFile.constprop.115
 .text.IsDevicePathValid.part.0.constprop.114
                0x0000000000052314       0xbc /tmp/ccBFAMxi.ltrans7.ltrans.o
                0x0000000000052314                IsDevicePathValid.part.0.constprop.114
 .text.ShellCommandAddMapItemAndUpdatePath.constprop.111
                0x00000000000523d0      0x3c8 /tmp/ccBFAMxi.ltrans7.ltrans.o
                0x00000000000523d0                ShellCommandAddMapItemAndUpdatePath.constprop.111
 .text.PerformQuickSort.constprop.110
                0x0000000000052798       0x9c /tmp/ccBFAMxi.ltrans7.ltrans.o
                0x0000000000052798                PerformQuickSort.constprop.110
 .text.ShellLibConstructorWorker.constprop.108
                0x0000000000052834      0x410 /tmp/ccBFAMxi.ltrans7.ltrans.o
                0x0000000000052834                ShellLibConstructorWorker.constprop.108
 .text.GetBestLanguageForDriver.constprop.86
                0x0000000000052c44       0xb8 /tmp/ccBFAMxi.ltrans7.ltrans.o
                0x0000000000052c44                GetBestLanguageForDriver.constprop.86
 .text.ShellSetFilePosition.constprop.85
                0x0000000000052cfc       0x10 /tmp/ccBFAMxi.ltrans7.ltrans.o
                0x0000000000052cfc                ShellSetFilePosition.constprop.85
 .text.ProcessManFile.constprop.80
                0x0000000000052d0c      0x7a8 /tmp/ccBFAMxi.ltrans7.ltrans.o
                0x0000000000052d0c                ProcessManFile.constprop.80
 .text.CreateAndPopulateShellFileInfo.constprop.79
                0x00000000000534b4      0x1c8 /tmp/ccBFAMxi.ltrans7.ltrans.o
                0x00000000000534b4                CreateAndPopulateShellFileInfo.constprop.79
 .text.FileHandleFindFirstFile.constprop.78
                0x000000000005367c      0x134 /tmp/ccBFAMxi.ltrans7.ltrans.o
                0x000000000005367c                FileHandleFindFirstFile.constprop.78
 .text.StrnCatGrowLeft.constprop.77
                0x00000000000537b0       0xf8 /tmp/ccBFAMxi.ltrans7.ltrans.o
                0x00000000000537b0                StrnCatGrowLeft.constprop.77
 .text.ConsoleLoggerDisplayHistory.constprop.72
                0x00000000000538a8       0xf4 /tmp/ccBFAMxi.ltrans7.ltrans.o
                0x00000000000538a8                ConsoleLoggerDisplayHistory.constprop.72
 .text.StrHexToUint64S.constprop.69
                0x000000000005399c      0x198 /tmp/ccBFAMxi.ltrans7.ltrans.o
                0x000000000005399c                StrHexToUint64S.constprop.69
 .text.StrToIpv6Address.constprop.68
                0x0000000000053b34      0x2b0 /tmp/ccBFAMxi.ltrans7.ltrans.o
                0x0000000000053b34                StrToIpv6Address.constprop.68
 .text.StrToIpv4Address.constprop.67
                0x0000000000053de4      0x1a4 /tmp/ccBFAMxi.ltrans7.ltrans.o
                0x0000000000053de4                StrToIpv4Address.constprop.67
 .text.UnicodeStrToAsciiStrS.constprop.66
                0x0000000000053f88      0x18c /tmp/ccBFAMxi.ltrans7.ltrans.o
                0x0000000000053f88                UnicodeStrToAsciiStrS.constprop.66
 .text.UnicodeValueToStringS.constprop.61
                0x0000000000054114      0x1ac /tmp/ccBFAMxi.ltrans7.ltrans.o
                0x0000000000054114                UnicodeValueToStringS.constprop.61
 .text.ShellCommandLineParseEx.constprop.57
                0x00000000000542c0       0xc4 /tmp/ccBFAMxi.ltrans7.ltrans.o
                0x00000000000542c0                ShellCommandLineParseEx.constprop.57
 .text.ShellIsHexOrDecimalNumber.constprop.56
                0x0000000000054384       0x30 /tmp/ccBFAMxi.ltrans7.ltrans.o
                0x0000000000054384                ShellIsHexOrDecimalNumber.constprop.56
 .text.SearchList.constprop.49
                0x00000000000543b4      0x1f8 /tmp/ccBFAMxi.ltrans7.ltrans.o
                0x00000000000543b4                SearchList.constprop.49
 .text.ConvertHandleToHiiHandle.constprop.43
                0x00000000000545ac       0xc4 /tmp/ccBFAMxi.ltrans7.ltrans.o
                0x00000000000545ac                ConvertHandleToHiiHandle.constprop.43
 .text.StatusBarRefresh.constprop.40
                0x0000000000054670      0x184 /tmp/ccBFAMxi.ltrans7.ltrans.o
                0x0000000000054670                StatusBarRefresh.constprop.40
 .text.ModU64x32.constprop.36
                0x00000000000547f4        0x8 /tmp/ccBFAMxi.ltrans7.ltrans.o
                0x00000000000547f4                ModU64x32.constprop.36
 .text.MultU64x64.constprop.34
                0x00000000000547fc        0x8 /tmp/ccBFAMxi.ltrans7.ltrans.o
                0x00000000000547fc                MultU64x64.constprop.34
 .text.IoWrite64.constprop.33
                0x0000000000054804       0x38 /tmp/ccBFAMxi.ltrans7.ltrans.o
                0x0000000000054804                IoWrite64.constprop.33
 .text.IoRead64.constprop.32
                0x000000000005483c       0x38 /tmp/ccBFAMxi.ltrans7.ltrans.o
                0x000000000005483c                IoRead64.constprop.32
 .text.IoWrite32.constprop.31
                0x0000000000054874       0x44 /tmp/ccBFAMxi.ltrans7.ltrans.o
                0x0000000000054874                IoWrite32.constprop.31
 .text.IoRead32.constprop.30
                0x00000000000548b8       0x38 /tmp/ccBFAMxi.ltrans7.ltrans.o
                0x00000000000548b8                IoRead32.constprop.30
 .text.IoWrite16.constprop.29
                0x00000000000548f0       0x44 /tmp/ccBFAMxi.ltrans7.ltrans.o
                0x00000000000548f0                IoWrite16.constprop.29
 .text.IoRead16.constprop.28
                0x0000000000054934       0x38 /tmp/ccBFAMxi.ltrans7.ltrans.o
                0x0000000000054934                IoRead16.constprop.28
 .text.IoWrite8.constprop.27
                0x000000000005496c       0x44 /tmp/ccBFAMxi.ltrans7.ltrans.o
                0x000000000005496c                IoWrite8.constprop.27
 .text.IoRead8.constprop.26
                0x00000000000549b0       0x38 /tmp/ccBFAMxi.ltrans7.ltrans.o
                0x00000000000549b0                IoRead8.constprop.26
 .text.QueryTable.constprop.17
                0x00000000000549e8       0xb4 /tmp/ccBFAMxi.ltrans7.ltrans.o
                0x00000000000549e8                QueryTable.constprop.17
 .text.NetLibDetectMediaWaitTimeout.constprop.6
                0x0000000000054a9c      0x124 /tmp/ccBFAMxi.ltrans7.ltrans.o
                0x0000000000054a9c                NetLibDetectMediaWaitTimeout.constprop.6
 .text.DivU64x64Remainder.constprop.5
                0x0000000000054bc0       0x4c /tmp/ccBFAMxi.ltrans7.ltrans.o
                0x0000000000054bc0                DivU64x64Remainder.constprop.5
 .text.NetLibStrToIp6
                0x0000000000054c0c       0x78 /tmp/ccBFAMxi.ltrans7.ltrans.o
                0x0000000000054c0c                NetLibStrToIp6
 .text.NetLibStrToIp4
                0x0000000000054c84       0x78 /tmp/ccBFAMxi.ltrans7.ltrans.o
                0x0000000000054c84                NetLibStrToIp4
 .text.NetIp6IsLinkLocalAddr
                0x0000000000054cfc       0x80 /tmp/ccBFAMxi.ltrans7.ltrans.o
                0x0000000000054cfc                NetIp6IsLinkLocalAddr
 .text.NetIp6IsUnspecifiedAddr
                0x0000000000054d7c       0x68 /tmp/ccBFAMxi.ltrans7.ltrans.o
                0x0000000000054d7c                NetIp6IsUnspecifiedAddr
 .text.BcfgLibraryRegisterBcfgCommand.part.2
                0x0000000000054de4       0x84 /tmp/ccBFAMxi.ltrans7.ltrans.o
                0x0000000000054de4                BcfgLibraryRegisterBcfgCommand.part.2
 .text.PeCoffLoaderGetPdbPointer
                0x0000000000054e68      0x1b8 /tmp/ccBFAMxi.ltrans7.ltrans.o
                0x0000000000054e68                PeCoffLoaderGetPdbPointer
 .text.EfiGetNameGuidFromFwVolDevicePathNode
                0x0000000000055020       0x78 /tmp/ccBFAMxi.ltrans7.ltrans.o
                0x0000000000055020                EfiGetNameGuidFromFwVolDevicePathNode
 .text.CatSPrint
                0x0000000000055098       0xa4 /tmp/ccBFAMxi.ltrans7.ltrans.o
                0x0000000000055098                CatSPrint
 .text.CatSDumpHex.constprop.55
                0x000000000005513c      0x150 /tmp/ccBFAMxi.ltrans7.ltrans.o
                0x000000000005513c                CatSDumpHex.constprop.55
 .text.HBufferImageSave.constprop.35
                0x000000000005528c      0x4c4 /tmp/ccBFAMxi.ltrans7.ltrans.o
                0x000000000005528c                HBufferImageSave.constprop.35
 .text.Print    0x0000000000055750      0x1ac /tmp/ccBFAMxi.ltrans7.ltrans.o
                0x0000000000055750                Print
 .text.DisplaySELSysManagementTypes.constprop.15
                0x00000000000558fc       0xf4 /tmp/ccBFAMxi.ltrans7.ltrans.o
                0x00000000000558fc                DisplaySELSysManagementTypes.constprop.15
 .text.VerifyChecksum.constprop.2
                0x00000000000559f0       0xf0 /tmp/ccBFAMxi.ltrans7.ltrans.o
                0x00000000000559f0                VerifyChecksum.constprop.2
 .text.SerialPortWrite
                0x0000000000055ae0      0x418 /tmp/ccBFAMxi.ltrans7.ltrans.o
                0x0000000000055ae0                SerialPortWrite
 .text.MmioWrite64
                0x0000000000055ef8       0x54 /tmp/ccBFAMxi.ltrans7.ltrans.o
                0x0000000000055ef8                MmioWrite64
 .text.MmioRead64
                0x0000000000055f4c       0x4c /tmp/ccBFAMxi.ltrans7.ltrans.o
                0x0000000000055f4c                MmioRead64
 .text.MmioWrite32
                0x0000000000055f98       0x54 /tmp/ccBFAMxi.ltrans7.ltrans.o
                0x0000000000055f98                MmioWrite32
 .text.MmioRead32
                0x0000000000055fec       0x4c /tmp/ccBFAMxi.ltrans7.ltrans.o
                0x0000000000055fec                MmioRead32
 .text.MmioWrite16
                0x0000000000056038       0x50 /tmp/ccBFAMxi.ltrans7.ltrans.o
                0x0000000000056038                MmioWrite16
 .text.MmioRead16
                0x0000000000056088       0x48 /tmp/ccBFAMxi.ltrans7.ltrans.o
                0x0000000000056088                MmioRead16
 .text.MmioWrite8
                0x00000000000560d0       0x10 /tmp/ccBFAMxi.ltrans7.ltrans.o
                0x00000000000560d0                MmioWrite8
 .text.MmioRead8
                0x00000000000560e0        0x8 /tmp/ccBFAMxi.ltrans7.ltrans.o
                0x00000000000560e0                MmioRead8
 .text.WriteUnaligned16
                0x00000000000560e8       0x5c /tmp/ccBFAMxi.ltrans7.ltrans.o
                0x00000000000560e8                WriteUnaligned16
 .text.WriteUnaligned32
                0x0000000000056144       0x64 /tmp/ccBFAMxi.ltrans7.ltrans.o
 .text.WriteUnaligned64
                0x00000000000561a8       0x70 /tmp/ccBFAMxi.ltrans7.ltrans.o
                0x00000000000561a8                WriteUnaligned64
 .text.ReadUnaligned16
                0x0000000000056218       0x68 /tmp/ccBFAMxi.ltrans7.ltrans.o
                0x0000000000056218                ReadUnaligned16
 .text.ReadUnaligned32
                0x0000000000056280       0x5c /tmp/ccBFAMxi.ltrans7.ltrans.o
                0x0000000000056280                ReadUnaligned32
 .text.BasePrintLibSPrintMarker.constprop.141
                0x00000000000562dc     0x10ac /tmp/ccBFAMxi.ltrans7.ltrans.o
                0x00000000000562dc                BasePrintLibSPrintMarker.constprop.141
 .text.unlikely.BasePrintLibSPrint.constprop.142
                0x0000000000057388       0x9c /tmp/ccBFAMxi.ltrans7.ltrans.o
 .text.BcfgMod  0x0000000000057424      0x9d0 /tmp/ccBFAMxi.ltrans7.ltrans.o
 .text.ShellCommandRunBcfg
                0x0000000000057df4     0x22c8 /tmp/ccBFAMxi.ltrans7.ltrans.o
 .text.ReadUnaligned64
                0x000000000005a0bc       0x68 /tmp/ccBFAMxi.ltrans7.ltrans.o
                0x000000000005a0bc                ReadUnaligned64
 .text.DivU64x32Remainder
                0x000000000005a124       0x60 /tmp/ccBFAMxi.ltrans7.ltrans.o
                0x000000000005a124                DivU64x32Remainder
 .text.SwapBytes64
                0x000000000005a184       0x30 /tmp/ccBFAMxi.ltrans7.ltrans.o
                0x000000000005a184                SwapBytes64
 .text.CompareMem
                0x000000000005a1b4       0xe4 /tmp/ccBFAMxi.ltrans7.ltrans.o
                0x000000000005a1b4                CompareMem
 .text.DumpAcpiHeader
                0x000000000005a298       0x28 /tmp/ccBFAMxi.ltrans7.ltrans.o
                0x000000000005a298                DumpAcpiHeader
 .text.FileHandleFlush
                0x000000000005a2c0       0x18 /tmp/ccBFAMxi.ltrans8.ltrans.o
                0x000000000005a2c0                FileHandleFlush
 .text.FileHandleGetPosition
                0x000000000005a2d8       0x20 /tmp/ccBFAMxi.ltrans8.ltrans.o
                0x000000000005a2d8                FileHandleGetPosition
 .text.FileHandleSetPosition
                0x000000000005a2f8       0x18 /tmp/ccBFAMxi.ltrans8.ltrans.o
                0x000000000005a2f8                FileHandleSetPosition
 .text.FileHandleDelete
                0x000000000005a310       0x18 /tmp/ccBFAMxi.ltrans8.ltrans.o
                0x000000000005a310                FileHandleDelete
 .text.FileHandleClose
                0x000000000005a328       0x18 /tmp/ccBFAMxi.ltrans8.ltrans.o
                0x000000000005a328                FileHandleClose
 .text.FileHandleWrite
                0x000000000005a340       0x18 /tmp/ccBFAMxi.ltrans8.ltrans.o
                0x000000000005a340                FileHandleWrite
 .text.FileHandleRead
                0x000000000005a358       0x18 /tmp/ccBFAMxi.ltrans8.ltrans.o
                0x000000000005a358                FileHandleRead
 .text.FileHandleSetInfo
                0x000000000005a370       0x30 /tmp/ccBFAMxi.ltrans8.ltrans.o
                0x000000000005a370                FileHandleSetInfo
 .text.StrToAscii
                0x000000000005a3a0       0x2c /tmp/ccBFAMxi.ltrans8.ltrans.o
 .text.IsHexStr
                0x000000000005a3cc       0x38 /tmp/ccBFAMxi.ltrans8.ltrans.o
 .text.SplitStr
                0x000000000005a404       0x48 /tmp/ccBFAMxi.ltrans8.ltrans.o
 .text.GetNextParamStr
                0x000000000005a44c        0x8 /tmp/ccBFAMxi.ltrans8.ltrans.o
 .text.ShellGetCurrentDir
                0x000000000005a454       0x30 /tmp/ccBFAMxi.ltrans8.ltrans.o
                0x000000000005a454                ShellGetCurrentDir
 .text.ShellGetEnvironmentVariable
                0x000000000005a484       0x28 /tmp/ccBFAMxi.ltrans8.ltrans.o
                0x000000000005a484                ShellGetEnvironmentVariable
 .text.ShellGetExecutionBreakFlag
                0x000000000005a4ac       0x54 /tmp/ccBFAMxi.ltrans8.ltrans.o
                0x000000000005a4ac                ShellGetExecutionBreakFlag
 .text.ShellGetFileSize
                0x000000000005a500        0xc /tmp/ccBFAMxi.ltrans8.ltrans.o
                0x000000000005a500                ShellGetFileSize
 .text.ShellDeleteFile
                0x000000000005a50c       0x10 /tmp/ccBFAMxi.ltrans8.ltrans.o
                0x000000000005a50c                ShellDeleteFile
 .text.ShellCloseFile
                0x000000000005a51c       0x10 /tmp/ccBFAMxi.ltrans8.ltrans.o
                0x000000000005a51c                ShellCloseFile
 .text.ShellWriteFile
                0x000000000005a52c        0xc /tmp/ccBFAMxi.ltrans8.ltrans.o
                0x000000000005a52c                ShellWriteFile
 .text.ShellReadFile
                0x000000000005a538        0xc /tmp/ccBFAMxi.ltrans8.ltrans.o
                0x000000000005a538                ShellReadFile
 .text.ShellGetFileInfo
                0x000000000005a544        0xc /tmp/ccBFAMxi.ltrans8.ltrans.o
                0x000000000005a544                ShellGetFileInfo
 .text.ShellIsHexaDecimalDigitCharacter
                0x000000000005a550       0x3c /tmp/ccBFAMxi.ltrans8.ltrans.o
                0x000000000005a550                ShellIsHexaDecimalDigitCharacter
 .text.DevicePathFromHandle
                0x000000000005a58c       0x6c /tmp/ccBFAMxi.ltrans8.ltrans.o
                0x000000000005a58c                DevicePathFromHandle
 .text.AllocateZeroPool
                0x000000000005a5f8       0x34 /tmp/ccBFAMxi.ltrans8.ltrans.o
                0x000000000005a5f8                AllocateZeroPool
 .text.AllocatePool
                0x000000000005a62c        0x4 /tmp/ccBFAMxi.ltrans8.ltrans.o
                0x000000000005a62c                AllocatePool