Archive member included to satisfy reference by file (symbol)

/home/core/edk2-dipper/workspace/Build/XiaomiMI8Pkg/DEBUG_GCC5/AARCH64/MdePkg/Library/DxeCoreEntryPoint/DxeCoreEntryPoint/OUTPUT/DxeCoreEntryPoint.lib(DxeCoreEntryPoint.obj)
                              (_ModuleEntryPoint)
/home/core/edk2-dipper/workspace/Build/XiaomiMI8Pkg/DEBUG_GCC5/AARCH64/ArmPkg/Library/CompilerIntrinsicsLib/CompilerIntrinsicsLib/OUTPUT/CompilerIntrinsicsLib.lib(memcpy.obj)
                              /home/core/edk2/ArmPkg/Library/GccLto/liblto-aarch64.a (memcpy)
/home/core/edk2-dipper/workspace/Build/XiaomiMI8Pkg/DEBUG_GCC5/AARCH64/ArmPkg/Library/CompilerIntrinsicsLib/CompilerIntrinsicsLib/OUTPUT/CompilerIntrinsicsLib.lib(memset.obj)
                              /home/core/edk2/ArmPkg/Library/GccLto/liblto-aarch64.a (memset)
/home/core/edk2-dipper/workspace/Build/XiaomiMI8Pkg/DEBUG_GCC5/AARCH64/MdePkg/Library/BaseDebugLibSerialPort/BaseDebugLibSerialPort/OUTPUT/BaseDebugLibSerialPort.lib(DebugLib.obj)
                              DxeCoreEntryPoint.obj (symbol from plugin) (DebugAssert)
/home/core/edk2-dipper/workspace/Build/XiaomiMI8Pkg/DEBUG_GCC5/AARCH64/MdePkg/Library/BaseStackCheckLib/BaseStackCheckLib/OUTPUT/BaseStackCheckLib.lib(BaseStackCheckGcc.obj)
                              /home/core/edk2/ArmPkg/Library/GccLto/liblto-aarch64.a (__stack_chk_fail)
/home/core/edk2-dipper/workspace/Build/XiaomiMI8Pkg/DEBUG_GCC5/AARCH64/MdeModulePkg/Core/Dxe/DxeMain/OUTPUT/DxeCore.lib(AutoGen.obj)
                              DxeCoreEntryPoint.obj (symbol from plugin) (ProcessModuleEntryPointList)
/home/core/edk2-dipper/workspace/Build/XiaomiMI8Pkg/DEBUG_GCC5/AARCH64/MdeModulePkg/Core/Dxe/DxeMain/OUTPUT/DxeCore.lib(DxeMain.obj)
                              AutoGen.obj (symbol from plugin) (DxeMain)
/home/core/edk2-dipper/workspace/Build/XiaomiMI8Pkg/DEBUG_GCC5/AARCH64/MdeModulePkg/Core/Dxe/DxeMain/OUTPUT/DxeCore.lib(CoreSectionExtraction.obj)
                              DxeMain.obj (symbol from plugin) (InitializeSectionExtraction)
/home/core/edk2-dipper/workspace/Build/XiaomiMI8Pkg/DEBUG_GCC5/AARCH64/MdeModulePkg/Core/Dxe/DxeMain/OUTPUT/DxeCore.lib(Image.obj)
                              DxeMain.obj (symbol from plugin) (CoreInitializeImageServices)
/home/core/edk2-dipper/workspace/Build/XiaomiMI8Pkg/DEBUG_GCC5/AARCH64/MdeModulePkg/Core/Dxe/DxeMain/OUTPUT/DxeCore.lib(DebugImageInfo.obj)
                              DxeMain.obj (symbol from plugin) (CoreInitializeDebugImageInfoTable)
/home/core/edk2-dipper/workspace/Build/XiaomiMI8Pkg/DEBUG_GCC5/AARCH64/MdeModulePkg/Core/Dxe/DxeMain/OUTPUT/DxeCore.lib(Stall.obj)
                              DxeMain.obj (symbol from plugin) (CoreStall)
/home/core/edk2-dipper/workspace/Build/XiaomiMI8Pkg/DEBUG_GCC5/AARCH64/MdeModulePkg/Core/Dxe/DxeMain/OUTPUT/DxeCore.lib(SetWatchdogTimer.obj)
                              DxeMain.obj (symbol from plugin) (CoreSetWatchdogTimer)
/home/core/edk2-dipper/workspace/Build/XiaomiMI8Pkg/DEBUG_GCC5/AARCH64/MdeModulePkg/Core/Dxe/DxeMain/OUTPUT/DxeCore.lib(InstallConfigurationTable.obj)
                              DxeMain.obj (symbol from plugin) (CoreInstallConfigurationTable)
/home/core/edk2-dipper/workspace/Build/XiaomiMI8Pkg/DEBUG_GCC5/AARCH64/MdeModulePkg/Core/Dxe/DxeMain/OUTPUT/DxeCore.lib(MemoryAttributesTable.obj)
                              DxeMain.obj (symbol from plugin) (CoreInitializeMemoryAttributesTable)
/home/core/edk2-dipper/workspace/Build/XiaomiMI8Pkg/DEBUG_GCC5/AARCH64/MdeModulePkg/Core/Dxe/DxeMain/OUTPUT/DxeCore.lib(MemoryProtection.obj)
                              Image.obj (symbol from plugin) (ProtectUefiImage)
/home/core/edk2-dipper/workspace/Build/XiaomiMI8Pkg/DEBUG_GCC5/AARCH64/MdeModulePkg/Core/Dxe/DxeMain/OUTPUT/DxeCore.lib(Library.obj)
                              MemoryAttributesTable.obj (symbol from plugin) (CoreAcquireLock)
/home/core/edk2-dipper/workspace/Build/XiaomiMI8Pkg/DEBUG_GCC5/AARCH64/MdeModulePkg/Core/Dxe/DxeMain/OUTPUT/DxeCore.lib(DriverSupport.obj)
                              DxeMain.obj (symbol from plugin) (CoreConnectController)
/home/core/edk2-dipper/workspace/Build/XiaomiMI8Pkg/DEBUG_GCC5/AARCH64/MdeModulePkg/Core/Dxe/DxeMain/OUTPUT/DxeCore.lib(Notify.obj)
                              DxeMain.obj (symbol from plugin) (CoreRegisterProtocolNotify)
/home/core/edk2-dipper/workspace/Build/XiaomiMI8Pkg/DEBUG_GCC5/AARCH64/MdeModulePkg/Core/Dxe/DxeMain/OUTPUT/DxeCore.lib(Locate.obj)
                              DxeMain.obj (symbol from plugin) (CoreLocateHandle)
/home/core/edk2-dipper/workspace/Build/XiaomiMI8Pkg/DEBUG_GCC5/AARCH64/MdeModulePkg/Core/Dxe/DxeMain/OUTPUT/DxeCore.lib(Handle.obj)
                              DriverSupport.obj (symbol from plugin) (CoreAcquireProtocolLock)
/home/core/edk2-dipper/workspace/Build/XiaomiMI8Pkg/DEBUG_GCC5/AARCH64/MdeModulePkg/Core/Dxe/DxeMain/OUTPUT/DxeCore.lib(Gcd.obj)
[...]
Memory Configuration

Name             Origin             Length             Attributes
*default*        0x0000000000000000 0xffffffffffffffff

Linker script and memory map

LOAD /home/core/edk2/ArmPkg/Library/GccLto/liblto-aarch64.a
LOAD /tmp/cctaPP2R.ltrans0.ltrans.o
LOAD /tmp/cctaPP2R.ltrans1.ltrans.o
LOAD /tmp/cctaPP2R.ltrans2.ltrans.o
START GROUP
LOAD /home/core/edk2-dipper/workspace/Build/XiaomiMI8Pkg/DEBUG_GCC5/AARCH64/MdeModulePkg/Core/Dxe/DxeMain/OUTPUT/DxeCore.lib
LOAD /home/core/edk2-dipper/workspace/Build/XiaomiMI8Pkg/DEBUG_GCC5/AARCH64/MdePkg/Library/BasePcdLibNull/BasePcdLibNull/OUTPUT/BasePcdLibNull.lib
LOAD /home/core/edk2-dipper/workspace/Build/XiaomiMI8Pkg/DEBUG_GCC5/AARCH64/MdePkg/Library/BaseLib/BaseLib/OUTPUT/BaseLib.lib
LOAD /home/core/edk2-dipper/workspace/Build/XiaomiMI8Pkg/DEBUG_GCC5/AARCH64/MdePkg/Library/BaseMemoryLibOptDxe/BaseMemoryLibOptDxe/OUTPUT/BaseMemoryLibOptDxe.lib
LOAD /home/core/edk2-dipper/workspace/Build/XiaomiMI8Pkg/DEBUG_GCC5/AARCH64/MdePkg/Library/DxeCoreEntryPoint/DxeCoreEntryPoint/OUTPUT/DxeCoreEntryPoint.lib
LOAD /home/core/edk2-dipper/workspace/Build/XiaomiMI8Pkg/DEBUG_GCC5/AARCH64/ArmPkg/Library/ArmLib/ArmBaseLib/OUTPUT/ArmBaseLib.lib
LOAD /home/core/edk2-dipper/workspace/Build/XiaomiMI8Pkg/DEBUG_GCC5/AARCH64/MdePkg/Library/BaseIoLibIntrinsic/BaseIoLibIntrinsic/OUTPUT/BaseIoLibIntrinsic.lib
LOAD /home/core/edk2-dipper/workspace/Build/XiaomiMI8Pkg/DEBUG_GCC5/AARCH64/ArmPkg/Library/CompilerIntrinsicsLib/CompilerIntrinsicsLib/OUTPUT/CompilerIntrinsicsLib.lib
LOAD /home/core/edk2-dipper/workspace/Build/XiaomiMI8Pkg/DEBUG_GCC5/AARCH64/MdePkg/Library/DxeCoreHobLib/DxeCoreHobLib/OUTPUT/DxeCoreHobLib.lib
LOAD /home/core/edk2-dipper/workspace/Build/XiaomiMI8Pkg/DEBUG_GCC5/AARCH64/ArmPkg/Library/ArmCacheMaintenanceLib/ArmCacheMaintenanceLib/OUTPUT/ArmCacheMaintenanceLib.lib
LOAD /home/core/edk2-dipper/workspace/Build/XiaomiMI8Pkg/DEBUG_GCC5/AARCH64/MdePkg/Library/BaseDebugPrintErrorLevelLib/BaseDebugPrintErrorLevelLib/OUTPUT/BaseDebugPrintErrorLevelLib.lib
LOAD /home/core/edk2-dipper/workspace/Build/XiaomiMI8Pkg/DEBUG_GCC5/AARCH64/XiaomiMI8Pkg/Library/FrameBufferSerialPortLib/FrameBufferSerialPortLib/OUTPUT/FrameBufferSerialPortLib.lib
LOAD /home/core/edk2-dipper/workspace/Build/XiaomiMI8Pkg/DEBUG_GCC5/AARCH64/MdePkg/Library/BasePrintLib/BasePrintLib/OUTPUT/BasePrintLib.lib
LOAD /home/core/edk2-dipper/workspace/Build/XiaomiMI8Pkg/DEBUG_GCC5/AARCH64/MdePkg/Library/BaseDebugLibSerialPort/BaseDebugLibSerialPort/OUTPUT/BaseDebugLibSerialPort.lib
LOAD /home/core/edk2-dipper/workspace/Build/XiaomiMI8Pkg/DEBUG_GCC5/AARCH64/MdeModulePkg/Library/DxeCoreMemoryAllocationLib/DxeCoreMemoryAllocationLib/OUTPUT/DxeCoreMemoryAllocationLib.lib
LOAD /home/core/edk2-dipper/workspace/Build/XiaomiMI8Pkg/DEBUG_GCC5/AARCH64/MdePkg/Library/UefiRuntimeServicesTableLib/UefiRuntimeServicesTableLib/OUTPUT/UefiRuntimeServicesTableLib.lib
LOAD /home/core/edk2-dipper/workspace/Build/XiaomiMI8Pkg/DEBUG_GCC5/AARCH64/MdePkg/Library/UefiDevicePathLib/UefiDevicePathLib/OUTPUT/UefiDevicePathLib.lib
LOAD /home/core/edk2-dipper/workspace/Build/XiaomiMI8Pkg/DEBUG_GCC5/AARCH64/MdePkg/Library/UefiBootServicesTableLib/UefiBootServicesTableLib/OUTPUT/UefiBootServicesTableLib.lib
LOAD /home/core/edk2-dipper/workspace/Build/XiaomiMI8Pkg/DEBUG_GCC5/AARCH64/MdePkg/Library/BasePeCoffGetEntryPointLib/BasePeCoffGetEntryPointLib/OUTPUT/BasePeCoffGetEntryPointLib.lib
LOAD /home/core/edk2-dipper/workspace/Build/XiaomiMI8Pkg/DEBUG_GCC5/AARCH64/ArmPkg/Library/ArmGenericTimerPhyCounterLib/ArmGenericTimerPhyCounterLib/OUTPUT/ArmGenericTimerPhyCounterLib.lib
LOAD /home/core/edk2-dipper/workspace/Build/XiaomiMI8Pkg/DEBUG_GCC5/AARCH64/MdePkg/Library/UefiLib/UefiLib/OUTPUT/UefiLib.lib
LOAD /home/core/edk2-dipper/workspace/Build/XiaomiMI8Pkg/DEBUG_GCC5/AARCH64/ArmPkg/Library/ArmDisassemblerLib/ArmDisassemblerLib/OUTPUT/ArmDisassemblerLib.lib
LOAD /home/core/edk2-dipper/workspace/Build/XiaomiMI8Pkg/DEBUG_GCC5/AARCH64/ArmPkg/Library/ArmArchTimerLib/ArmArchTimerLib/OUTPUT/ArmArchTimerLib.lib
LOAD /home/core/edk2-dipper/workspace/Build/XiaomiMI8Pkg/DEBUG_GCC5/AARCH64/MdePkg/Library/DxeServicesLib/DxeServicesLib/OUTPUT/DxeServicesLib.lib
LOAD /home/core/edk2-dipper/workspace/Build/XiaomiMI8Pkg/DEBUG_GCC5/AARCH64/MdeModulePkg/Library/DxeReportStatusCodeLib/DxeReportStatusCodeLib/OUTPUT/DxeReportStatusCodeLib.lib
LOAD /home/core/edk2-dipper/workspace/Build/XiaomiMI8Pkg/DEBUG_GCC5/AARCH64/ArmPkg/Library/DebugPeCoffExtraActionLib/DebugPeCoffExtraActionLib/OUTPUT/DebugUnixPeCoffExtraActionLib.lib
LOAD /home/core/edk2-dipper/workspace/Build/XiaomiMI8Pkg/DEBUG_GCC5/AARCH64/ArmPkg/Library/DefaultExceptionHandlerLib/DefaultExceptionHandlerLib/OUTPUT/DefaultExceptionHandlerLib.lib
LOAD /home/core/edk2-dipper/workspace/Build/XiaomiMI8Pkg/DEBUG_GCC5/AARCH64/MdePkg/Library/DxeExtractGuidedSectionLib/DxeExtractGuidedSectionLib/OUTPUT/DxeExtractGuidedSectionLib.lib
LOAD /home/core/edk2-dipper/workspace/Build/XiaomiMI8Pkg/DEBUG_GCC5/AARCH64/MdePkg/Library/BaseUefiDecompressLib/BaseUefiDecompressLib/OUTPUT/BaseUefiDecompressLib.lib
LOAD /home/core/edk2-dipper/workspace/Build/XiaomiMI8Pkg/DEBUG_GCC5/AARCH64/MdeModulePkg/Library/DxeCorePerformanceLib/DxeCorePerformanceLib/OUTPUT/DxeCorePerformanceLib.lib
LOAD /home/core/edk2-dipper/workspace/Build/XiaomiMI8Pkg/DEBUG_GCC5/AARCH64/MdePkg/Library/BasePeCoffLib/BasePeCoffLib/OUTPUT/BasePeCoffLib.lib
LOAD /home/core/edk2-dipper/workspace/Build/XiaomiMI8Pkg/DEBUG_GCC5/AARCH64/MdeModulePkg/Library/DebugAgentLibNull/DebugAgentLibNull/OUTPUT/DebugAgentLibNull.lib
LOAD /home/core/edk2-dipper/workspace/Build/XiaomiMI8Pkg/DEBUG_GCC5/AARCH64/ArmPkg/Library/ArmExceptionLib/ArmExceptionLib/OUTPUT/ArmExceptionLib.lib
LOAD /home/core/edk2-dipper/workspace/Build/XiaomiMI8Pkg/DEBUG_GCC5/AARCH64/MdePkg/Library/BaseStackCheckLib/BaseStackCheckLib/OUTPUT/BaseStackCheckLib.lib
LOAD /home/core/edk2-dipper/workspace/Build/XiaomiMI8Pkg/DEBUG_GCC5/AARCH64/MdeModulePkg/Library/DxeCrc32GuidedSectionExtractLib/DxeCrc32GuidedSectionExtractLib/OUTPUT/DxeCrc32GuidedSectionExtractLib.lib
END GROUP
                0x0000000000000228                . = PECOFF_HEADER_SIZE

.gnu.version_d  0x0000000000000228        0x0
 .gnu.version_d
                0x0000000000000228        0x0 /home/core/edk2/ArmPkg/Library/GccLto/liblto-aarch64.a

.gnu.version    0x0000000000000228        0x0
 .gnu.version   0x0000000000000228        0x0 /home/core/edk2/ArmPkg/Library/GccLto/liblto-aarch64.a

.gnu.version_r  0x0000000000000228        0x0
 .gnu.version_r
                0x0000000000000228        0x0 /home/core/edk2/ArmPkg/Library/GccLto/liblto-aarch64.a

.text           0x0000000000001000    0x28418
 *(.text .text.* .stub .gnu.linkonce.t.*)
 .text.GetMachineTypeName
                0x0000000000001000       0x78 /tmp/cctaPP2R.ltrans0.ltrans.o
 .text.CoreEfiNotAvailableYetArg5
                0x0000000000001078        0xc /tmp/cctaPP2R.ltrans0.ltrans.o
                0x0000000000001078                CoreEfiNotAvailableYetArg5
 .text.CoreEfiNotAvailableYetArg4
                0x0000000000001084        0xc /tmp/cctaPP2R.ltrans0.ltrans.o
                0x0000000000001084                CoreEfiNotAvailableYetArg4
 .text.CoreEfiNotAvailableYetArg3
                0x0000000000001090        0xc /tmp/cctaPP2R.ltrans0.ltrans.o
                0x0000000000001090                CoreEfiNotAvailableYetArg3
 .text.CoreEfiNotAvailableYetArg2
                0x000000000000109c        0xc /tmp/cctaPP2R.ltrans0.ltrans.o
                0x000000000000109c                CoreEfiNotAvailableYetArg2
 .text.CoreEfiNotAvailableYetArg1
                0x00000000000010a8        0xc /tmp/cctaPP2R.ltrans0.ltrans.o
                0x00000000000010a8                CoreEfiNotAvailableYetArg1
 .text.SortMemoryMap.lto_priv.71
                0x00000000000010b4       0xdc /tmp/cctaPP2R.ltrans0.ltrans.o
 .text.GetPermissionAttributeForMemoryType
                0x0000000000001190       0x34 /tmp/cctaPP2R.ltrans0.ltrans.o
 .text.EfiSizeToPages
                0x00000000000011c4       0x2c /tmp/cctaPP2R.ltrans0.ltrans.o
 .text.CoreInternalWaitForTick
                0x00000000000011f0       0x60 /tmp/cctaPP2R.ltrans0.ltrans.o
 .text.CoreSetWatchdogTimer
                0x0000000000001250       0x58 /tmp/cctaPP2R.ltrans0.ltrans.o
 .text.CoreStall
                0x00000000000012a8       0xd8 /tmp/cctaPP2R.ltrans0.ltrans.o
 .text.DxeMainUefiDecompressGetInfo
                0x0000000000001380       0x30 /tmp/cctaPP2R.ltrans0.ltrans.o
 .text.DxeMainUefiDecompress
                0x00000000000013b0       0xc8 /tmp/cctaPP2R.ltrans0.ltrans.o
 .text.BaseDebugLibSerialPortConstructor
                0x0000000000001478       0x84 /tmp/cctaPP2R.ltrans0.ltrans.o
 .text.ApplyMemoryProtectionPolicy
                0x00000000000014fc       0x68 /tmp/cctaPP2R.ltrans0.ltrans.o
                0x00000000000014fc                ApplyMemoryProtectionPolicy
 .text.MergeMemoryMap
                0x0000000000001564      0x154 /tmp/cctaPP2R.ltrans0.ltrans.o
                0x0000000000001564                MergeMemoryMap
 .text.OpenSectionStreamEx
                0x00000000000016b8       0xe4 /tmp/cctaPP2R.ltrans0.ltrans.o
                0x00000000000016b8                OpenSectionStreamEx
 .text.CalculateEfiHdrCrc
                0x000000000000179c       0x6c /tmp/cctaPP2R.ltrans0.ltrans.o
                0x000000000000179c                CalculateEfiHdrCrc
 .text.CoreInstallConfigurationTable
                0x0000000000001808      0x180 /tmp/cctaPP2R.ltrans0.ltrans.o
 .text.DebugPrintLevelEnabled
                0x0000000000001988        0x8 /tmp/cctaPP2R.ltrans0.ltrans.o
                0x0000000000001988                DebugPrintLevelEnabled
 .text.DebugClearMemoryEnabled
                0x0000000000001990        0x8 /tmp/cctaPP2R.ltrans0.ltrans.o
                0x0000000000001990                DebugClearMemoryEnabled
 .text.DebugCodeEnabled
                0x0000000000001998        0x8 /tmp/cctaPP2R.ltrans0.ltrans.o
                0x0000000000001998                DebugCodeEnabled
 .text.DebugPrintEnabled
                0x00000000000019a0        0x8 /tmp/cctaPP2R.ltrans0.ltrans.o
                0x00000000000019a0                DebugPrintEnabled
 .text.DebugAssertEnabled
                0x00000000000019a8        0x8 /tmp/cctaPP2R.ltrans0.ltrans.o
                0x00000000000019a8                DebugAssertEnabled
 .text.DebugAssert
                0x00000000000019b0       0x7c /tmp/cctaPP2R.ltrans0.ltrans.o
                0x00000000000019b0                DebugAssert
 .text.CoreFindProtocolEntry
                0x0000000000001a2c      0x13c /tmp/cctaPP2R.ltrans0.ltrans.o
 .text.CoreFindProtocolInterface
                0x0000000000001b68       0xf8 /tmp/cctaPP2R.ltrans0.ltrans.o
 .text.CoreValidateHandle
                0x0000000000001c60       0xc0 /tmp/cctaPP2R.ltrans0.ltrans.o
 .text.CoreGetProtocolInterface
                0x0000000000001d20       0xc0 /tmp/cctaPP2R.ltrans0.ltrans.o
 .text.CoreGetNextLocateByProtocol
                0x0000000000001de0       0xc8 /tmp/cctaPP2R.ltrans0.ltrans.o
 .text.CoreGetNextLocateByRegisterNotify
                0x0000000000001ea8       0xd4 /tmp/cctaPP2R.ltrans0.ltrans.o
 .text.CoreGetNextLocateAllHandles
                0x0000000000001f7c       0x8c /tmp/cctaPP2R.ltrans0.ltrans.o
 .text.CoreRemoveInterfaceFromProtocol
                0x0000000000002008      0x108 /tmp/cctaPP2R.ltrans0.ltrans.o
 .text.CoreNotifyProtocolEntry
                0x0000000000002110       0xc0 /tmp/cctaPP2R.ltrans0.ltrans.o
 .text.CoreReleaseLock
                0x00000000000021d0       0x5c /tmp/cctaPP2R.ltrans0.ltrans.o
                0x00000000000021d0                CoreReleaseLock
 .text.CoreReleaseGcdMemoryLock
                0x000000000000222c        0xc /tmp/cctaPP2R.ltrans0.ltrans.o
                0x000000000000222c                CoreReleaseGcdMemoryLock
 .text.CoreReleaseProtocolLock
                0x0000000000002238        0xc /tmp/cctaPP2R.ltrans0.ltrans.o
                0x0000000000002238                CoreReleaseProtocolLock
 .text.CoreAcquireLock
                0x0000000000002244       0x64 /tmp/cctaPP2R.ltrans0.ltrans.o
                0x0000000000002244                CoreAcquireLock
 .text.CoreAcquireGcdMemoryLock
                0x00000000000022a8        0xc /tmp/cctaPP2R.ltrans0.ltrans.o
                0x00000000000022a8                CoreAcquireGcdMemoryLock
 .text.CoreAcquireProtocolLock
                0x00000000000022b4        0xc /tmp/cctaPP2R.ltrans0.ltrans.o
                0x00000000000022b4                CoreAcquireProtocolLock
 .text.CoreProtocolsPerHandle
                0x00000000000022c0      0x120 /tmp/cctaPP2R.ltrans0.ltrans.o
 .text.CoreOpenProtocolInformation
                0x00000000000023e0      0x188 /tmp/cctaPP2R.ltrans0.ltrans.o
 .text.CoreCloseProtocol
                0x0000000000002568      0x158 /tmp/cctaPP2R.ltrans0.ltrans.o
 .text.CoreLocateHandle
                0x00000000000026c0      0x1cc /tmp/cctaPP2R.ltrans0.ltrans.o
                0x00000000000026c0                CoreLocateHandle
 .text.CoreLocateHandleBuffer.part.2
                0x000000000000288c      0x100 /tmp/cctaPP2R.ltrans0.ltrans.o
 .text.CoreLocateHandleBuffer
                0x000000000000298c       0x18 /tmp/cctaPP2R.ltrans0.ltrans.o
 .text.CoreRegisterProtocolNotify
                0x00000000000029a4       0xc0 /tmp/cctaPP2R.ltrans0.ltrans.o
                0x00000000000029a4                CoreRegisterProtocolNotify
 .text.CoreDisconnectController
                0x0000000000002a64      0x5e4 /tmp/cctaPP2R.ltrans0.ltrans.o
 .text.CoreOpenProtocol
                0x0000000000003048      0x330 /tmp/cctaPP2R.ltrans0.ltrans.o
 .text.CoreHandleProtocol
                0x0000000000003378       0x14 /tmp/cctaPP2R.ltrans0.ltrans.o
                0x0000000000003378                CoreHandleProtocol
 .text.CoreLocateDevicePath
                0x000000000000338c      0x240 /tmp/cctaPP2R.ltrans0.ltrans.o
 .text.AddSortedDriverBindingProtocol
                0x00000000000035cc      0x168 /tmp/cctaPP2R.ltrans0.ltrans.o
 .text.CoreAcquireLockOrFail
                0x0000000000003734       0x78 /tmp/cctaPP2R.ltrans0.ltrans.o
                0x0000000000003734                CoreAcquireLockOrFail
 .text.CoreLocateProtocol.part.1
                0x00000000000037ac      0x108 /tmp/cctaPP2R.ltrans0.ltrans.o
                0x00000000000037ac                CoreLocateProtocol.part.1
 .text.CoreLocateProtocol
                0x00000000000038b4       0x1c /tmp/cctaPP2R.ltrans0.ltrans.o
                0x00000000000038b4                CoreLocateProtocol
 .text.VerifyGuidedSectionGuid
                0x00000000000038d0       0xa4 /tmp/cctaPP2R.ltrans0.ltrans.o
 .text.CoreConnectController
                0x0000000000003974      0x7a8 /tmp/cctaPP2R.ltrans0.ltrans.o
 .text.CoreDisconnectControllersUsingProtocolInterface
                0x000000000000411c      0x18c /tmp/cctaPP2R.ltrans0.ltrans.o
 .text.CoreUninstallProtocolInterface
                0x00000000000042a8       0xfc /tmp/cctaPP2R.ltrans0.ltrans.o
 .text.CoreReinstallProtocolInterface
                0x00000000000043a4       0xf8 /tmp/cctaPP2R.ltrans0.ltrans.o
 .text.SortImageRecordCodeSection
                0x000000000000449c       0xfc /tmp/cctaPP2R.ltrans0.ltrans.o
 .text.GetImageRecordByAddress
                0x0000000000004598       0xbc /tmp/cctaPP2R.ltrans0.ltrans.o
 .text.CoreGetMemoryMapWithSeparatedImageSection.part.1
                0x0000000000004654      0x5a0 /tmp/cctaPP2R.ltrans0.ltrans.o
 .text.CoreReadImageFile
                0x0000000000004bf4       0xd8 /tmp/cctaPP2R.ltrans0.ltrans.o
 .text.PeCoffEmuProtocolNotify
                0x0000000000004ccc       0xf8 /tmp/cctaPP2R.ltrans0.ltrans.o
 .text.FindStreamNode.part.3
                0x0000000000004dc4      0x144 /tmp/cctaPP2R.ltrans0.ltrans.o
                0x0000000000004dc4                FindStreamNode.part.3
 .text.CloseSectionStream
                0x0000000000004f08      0x1a4 /tmp/cctaPP2R.ltrans0.ltrans.o
                0x0000000000004f08                CloseSectionStream
 .text.DebugClearMemory
                0x00000000000050ac       0x54 /tmp/cctaPP2R.ltrans0.ltrans.o
                0x00000000000050ac                DebugClearMemory
 .text.DebugPrint
                0x0000000000005100       0xc4 /tmp/cctaPP2R.ltrans0.ltrans.o
                0x0000000000005100                DebugPrint
 .text.CoreDumpGcdIoSpaceMap
                0x00000000000051c4      0x1c8 /tmp/cctaPP2R.ltrans0.ltrans.o
                0x00000000000051c4                CoreDumpGcdIoSpaceMap
 .text.CoreDumpGcdMemorySpaceMap
                0x000000000000538c      0x1cc /tmp/cctaPP2R.ltrans0.ltrans.o
                0x000000000000538c                CoreDumpGcdMemorySpaceMap
 .text.CoreInstallProtocolInterfaceNotify.part.2
                0x0000000000005558      0x280 /tmp/cctaPP2R.ltrans0.ltrans.o
                0x0000000000005558                CoreInstallProtocolInterfaceNotify.part.2
 .text.CoreInstallProtocolInterface
                0x00000000000057d8       0x2c /tmp/cctaPP2R.ltrans0.ltrans.o
                0x00000000000057d8                CoreInstallProtocolInterface
 .text.CoreUninstallMultipleProtocolInterfaces
                0x0000000000005804      0x1bc /tmp/cctaPP2R.ltrans0.ltrans.o
 .text.CoreInstallMultipleProtocolInterfaces
                0x00000000000059c0      0x264 /tmp/cctaPP2R.ltrans0.ltrans.o
                0x00000000000059c0                CoreInstallMultipleProtocolInterfaces
 .text.SetUefiImageMemoryAttributes
                0x0000000000005c24      0x150 /tmp/cctaPP2R.ltrans0.ltrans.o
 .text.IsImageRecordCodeSectionValid
                0x0000000000005d74      0x124 /tmp/cctaPP2R.ltrans0.ltrans.o
 .text.ProtectUefiImage
                0x0000000000005e98      0x6dc /tmp/cctaPP2R.ltrans0.ltrans.o
 .text.MemoryProtectionCpuArchProtocolNotify
                0x0000000000006574      0x5a8 /tmp/cctaPP2R.ltrans0.ltrans.o
 .text.SetMemoryAttributesTableSectionAlignment
                0x0000000000006b1c       0x64 /tmp/cctaPP2R.ltrans0.ltrans.o
 .text.InstallMemoryAttributesTable
                0x0000000000006b80      0x47c /tmp/cctaPP2R.ltrans0.ltrans.o
 .text.InstallMemoryAttributesTableOnEndOfDxe
                0x0000000000006ffc       0x10 /tmp/cctaPP2R.ltrans0.ltrans.o
 .text.InstallMemoryAttributesTableOnReadyToBoot
                0x000000000000700c       0x20 /tmp/cctaPP2R.ltrans0.ltrans.o
 .text.InstallMemoryAttributesTableOnMemoryAllocation
                0x000000000000702c       0x20 /tmp/cctaPP2R.ltrans0.ltrans.o
                0x000000000000702c                InstallMemoryAttributesTableOnMemoryAllocation
 .text.CoreUnloadAndCloseImage
                0x000000000000704c      0x580 /tmp/cctaPP2R.ltrans0.ltrans.o
 .text.CoreLoadedImageInfo
                0x00000000000075cc       0xdc /tmp/cctaPP2R.ltrans0.ltrans.o
 .text.CoreUnloadImage
                0x00000000000076a8       0x74 /tmp/cctaPP2R.ltrans0.ltrans.o
 .text.CoreExit
                0x000000000000771c      0x130 /tmp/cctaPP2R.ltrans0.ltrans.o
 .text.CoreStartImage
                0x000000000000784c      0x5a0 /tmp/cctaPP2R.ltrans0.ltrans.o
                0x000000000000784c                CoreStartImage
 .text.CoreLoadImage
                0x0000000000007dec     0x1378 /tmp/cctaPP2R.ltrans0.ltrans.o
                0x0000000000007dec                CoreLoadImage
 .text.CustomGuidedSectionExtract
                0x0000000000009164      0x330 /tmp/cctaPP2R.ltrans0.ltrans.o
 .text.CreateChildNode
                0x0000000000009494      0x4a4 /tmp/cctaPP2R.ltrans0.ltrans.o
                0x0000000000009494                CreateChildNode
 .text.NotifyGuidedExtraction
                0x0000000000009938      0x1d0 /tmp/cctaPP2R.ltrans0.ltrans.o
 .text.CoreExitBootServices
                0x0000000000009b08      0x26c /tmp/cctaPP2R.ltrans0.ltrans.o
 .text.ProcessLibraryConstructorList
                0x0000000000009d74      0x5d4 /tmp/cctaPP2R.ltrans0.ltrans.o
 .text.__stack_chk_fail
                0x000000000000a348       0x34 /tmp/cctaPP2R.ltrans0.ltrans.o
                0x000000000000a348                __stack_chk_fail
 .text.memcpy   0x000000000000a37c       0x20 /tmp/cctaPP2R.ltrans0.ltrans.o
                0x000000000000a37c                memcpy
 .text._ModuleEntryPoint
                0x000000000000a39c     0x1b10 /tmp/cctaPP2R.ltrans0.ltrans.o
                0x000000000000a39c                _ModuleEntryPoint
 .text.PeCoffLoaderImageAddress
                0x000000000000beac       0x30 /tmp/cctaPP2R.ltrans1.ltrans.o
 .text.InternalGetReportStatusCode.part.0
                0x000000000000bedc       0x50 /tmp/cctaPP2R.ltrans1.ltrans.o
 .text.EfiEventEmptyFunction
                0x000000000000bf2c        0x4 /tmp/cctaPP2R.ltrans1.ltrans.o
                0x000000000000bf2c                EfiEventEmptyFunction
 .text.BasePrintLibFillBuffer
                0x000000000000bf30       0x34 /tmp/cctaPP2R.ltrans1.ltrans.o
 .text.AsciiStrnLenS
                0x000000000000bf64       0x3c /tmp/cctaPP2R.ltrans1.ltrans.o
 .text.InternalSafeStringNoAsciiStrOverlap
                0x000000000000bfa0       0x3c /tmp/cctaPP2R.ltrans1.ltrans.o
 .text.InternalGetSectionFromFv.constprop.55
                0x000000000000bfdc       0xec /tmp/cctaPP2R.ltrans1.ltrans.o
 .text.AsciiStrnCpyS
                0x000000000000c0c8      0x1d4 /tmp/cctaPP2R.ltrans1.ltrans.o
 .text.StrnLenS
                0x000000000000c29c       0x7c /tmp/cctaPP2R.ltrans1.ltrans.o
 .text.UnicodeStrToAsciiStrS
                0x000000000000c318      0x20c /tmp/cctaPP2R.ltrans1.ltrans.o
 .text.WriteUnaligned16
                0x000000000000c524       0x5c /tmp/cctaPP2R.ltrans1.ltrans.o
 .text.StrSize  0x000000000000c580       0xc0 /tmp/cctaPP2R.ltrans1.ltrans.o
 .text.InternalBaseLibIsListValid
                0x000000000000c640       0xb8 /tmp/cctaPP2R.ltrans1.ltrans.o
 .text.AsciiStrCpyS.constprop.52
                0x000000000000c6f8      0x120 /tmp/cctaPP2R.ltrans1.ltrans.o
 .text.DescribeInstructionOrDataAbort
                0x000000000000c818       0x6c /tmp/cctaPP2R.ltrans1.ltrans.o
 .text.SetMem16.part.0
                0x000000000000c884       0xa4 /tmp/cctaPP2R.ltrans1.ltrans.o
 .text.MakeTable
                0x000000000000c928      0x2d4 /tmp/cctaPP2R.ltrans1.ltrans.o
 .text.GetPerformanceCounter
                0x000000000000cbfc        0x4 /tmp/cctaPP2R.ltrans1.ltrans.o
 .text.FbConFlush
                0x000000000000cc00       0x54 /tmp/cctaPP2R.ltrans1.ltrans.o
 .text.CopyMem  0x000000000000cc54       0xb0 /tmp/cctaPP2R.ltrans1.ltrans.o
                0x000000000000cc54                CopyMem
 .text.PeCoffLoaderImageReadFromMemory
                0x000000000000cd04       0xa4 /tmp/cctaPP2R.ltrans1.ltrans.o
                0x000000000000cd04                PeCoffLoaderImageReadFromMemory
 .text.SetMem   0x000000000000cda8       0x74 /tmp/cctaPP2R.ltrans1.ltrans.o
                0x000000000000cda8                SetMem
 .text.IsZeroGuid
                0x000000000000ce1c       0x4c /tmp/cctaPP2R.ltrans1.ltrans.o
 .text.MergeMemoryMapDescriptor.constprop.59
                0x000000000000ce68       0x84 /tmp/cctaPP2R.ltrans1.ltrans.o
                0x000000000000ce68                MergeMemoryMapDescriptor.constprop.59
 .text.LongJump.constprop.28
                0x000000000000ceec       0x6c /tmp/cctaPP2R.ltrans1.ltrans.o
                0x000000000000ceec                LongJump.constprop.28
 .text.GetPerformanceCounterProperties.constprop.22
                0x000000000000cf58       0x14 /tmp/cctaPP2R.ltrans1.ltrans.o
                0x000000000000cf58                GetPerformanceCounterProperties.constprop.22
 .text.InitializeCpuExceptionHandlersEx.constprop.8
                0x000000000000cf6c       0xc4 /tmp/cctaPP2R.ltrans1.ltrans.o
                0x000000000000cf6c                InitializeCpuExceptionHandlersEx.constprop.8
 .text.PeCoffLoaderGetImageInfo
                0x000000000000d030      0x82c /tmp/cctaPP2R.ltrans1.ltrans.o
                0x000000000000d030                PeCoffLoaderGetImageInfo
 .text.LogPerformanceMeasurementEnabled
                0x000000000000d85c        0x8 /tmp/cctaPP2R.ltrans1.ltrans.o
                0x000000000000d85c                LogPerformanceMeasurementEnabled
 .text.ReportDebugCodeEnabled
                0x000000000000d864        0x8 /tmp/cctaPP2R.ltrans1.ltrans.o
                0x000000000000d864                ReportDebugCodeEnabled
 .text.ReportErrorCodeEnabled
                0x000000000000d86c        0x8 /tmp/cctaPP2R.ltrans1.ltrans.o
                0x000000000000d86c                ReportErrorCodeEnabled
 .text.ReportProgressCodeEnabled
                0x000000000000d874        0x8 /tmp/cctaPP2R.ltrans1.ltrans.o
                0x000000000000d874                ReportProgressCodeEnabled
 .text.ReportStatusCode
                0x000000000000d87c       0xbc /tmp/cctaPP2R.ltrans1.ltrans.o
                0x000000000000d87c                ReportStatusCode
 .text.TimerConstructor
                0x000000000000d938       0x84 /tmp/cctaPP2R.ltrans1.ltrans.o
                0x000000000000d938                TimerConstructor
 .text.EfiCreateProtocolNotifyEvent
                0x000000000000d9bc      0x190 /tmp/cctaPP2R.ltrans1.ltrans.o
                0x000000000000d9bc                EfiCreateProtocolNotifyEvent
 .text.PeCoffGetSizeOfHeaders
                0x000000000000db4c       0x9c /tmp/cctaPP2R.ltrans1.ltrans.o
                0x000000000000db4c                PeCoffGetSizeOfHeaders
 .text.PeCoffLoaderGetPdbPointer
                0x000000000000dbe8      0x1b8 /tmp/cctaPP2R.ltrans1.ltrans.o
                0x000000000000dbe8                PeCoffLoaderGetPdbPointer
 .text.PeCoffLoaderGetMachineType
                0x000000000000dda0       0x90 /tmp/cctaPP2R.ltrans1.ltrans.o
                0x000000000000dda0                PeCoffLoaderGetMachineType
 .text.PeCoffLoaderGetEntryPoint
                0x000000000000de30       0xb4 /tmp/cctaPP2R.ltrans1.ltrans.o
                0x000000000000de30                PeCoffLoaderGetEntryPoint
 .text.DevicePathFromHandle
                0x000000000000dee4       0x6c /tmp/cctaPP2R.ltrans1.ltrans.o
                0x000000000000dee4                DevicePathFromHandle
 .text.SetDevicePathEndNode
                0x000000000000df50       0x10 /tmp/cctaPP2R.ltrans1.ltrans.o
                0x000000000000df50                SetDevicePathEndNode
 .text.DevicePathSubType
                0x000000000000df60       0x48 /tmp/cctaPP2R.ltrans1.ltrans.o
                0x000000000000df60                DevicePathSubType
 .text.DevicePathType
                0x000000000000dfa8       0x48 /tmp/cctaPP2R.ltrans1.ltrans.o
                0x000000000000dfa8                DevicePathType
 .text.EfiGetNameGuidFromFwVolDevicePathNode
                0x000000000000dff0       0x78 /tmp/cctaPP2R.ltrans1.ltrans.o
                0x000000000000dff0                EfiGetNameGuidFromFwVolDevicePathNode
 .text.IsDevicePathEndType
                0x000000000000e068       0x58 /tmp/cctaPP2R.ltrans1.ltrans.o
                0x000000000000e068                IsDevicePathEndType
 .text.IsDevicePathEnd
                0x000000000000e0c0       0x70 /tmp/cctaPP2R.ltrans1.ltrans.o
                0x000000000000e0c0                IsDevicePathEnd
 .text.FreePool
                0x000000000000e130       0x80 /tmp/cctaPP2R.ltrans1.ltrans.o
                0x000000000000e130                FreePool
 .text.InternalAllocatePool
                0x000000000000e1b0       0x5c /tmp/cctaPP2R.ltrans1.ltrans.o
                0x000000000000e1b0                InternalAllocatePool
 .text.InternalAllocateCopyPool
                0x000000000000e20c       0xa0 /tmp/cctaPP2R.ltrans1.ltrans.o
                0x000000000000e20c                InternalAllocateCopyPool
 .text.AllocateCopyPool
                0x000000000000e2ac       0x20 /tmp/cctaPP2R.ltrans1.ltrans.o
                0x000000000000e2ac                AllocateCopyPool
 .text.AllocatePool
                0x000000000000e2cc       0x1c /tmp/cctaPP2R.ltrans1.ltrans.o
                0x000000000000e2cc                AllocatePool
 .text.GetEfiGlobalVariable2.constprop.56
                0x000000000000e2e8      0x128 /tmp/cctaPP2R.ltrans1.ltrans.o
 .text.SerialPortWrite
                0x000000000000e410      0x418 /tmp/cctaPP2R.ltrans1.ltrans.o
                0x000000000000e410                SerialPortWrite
 .text.InvalidateInstructionCacheRange
                0x000000000000e828       0xa4 /tmp/cctaPP2R.ltrans1.ltrans.o
                0x000000000000e828                InvalidateInstructionCacheRange
 .text.GetNextHob
                0x000000000000e8cc       0x74 /tmp/cctaPP2R.ltrans1.ltrans.o
                0x000000000000e8cc                GetNextHob
 .text.GetHobList
                0x000000000000e940       0x4c /tmp/cctaPP2R.ltrans1.ltrans.o
                0x000000000000e940                GetHobList
 .text.SetMem64
                0x000000000000e98c       0xa8 /tmp/cctaPP2R.ltrans1.ltrans.o
                0x000000000000e98c                SetMem64
 .text.CompareMem
                0x000000000000ea34       0xe4 /tmp/cctaPP2R.ltrans1.ltrans.o
                0x000000000000ea34                CompareMem
 .text.ZeroMem  0x000000000000eb18       0x7c /tmp/cctaPP2R.ltrans1.ltrans.o
                0x000000000000eb18                ZeroMem
 .text.PeCoffLoaderLoadImage
                0x000000000000eb94      0x5ac /tmp/cctaPP2R.ltrans1.ltrans.o
                0x000000000000eb94                PeCoffLoaderLoadImage
 .text.InternalAllocateZeroPool
                0x000000000000f140       0x34 /tmp/cctaPP2R.ltrans1.ltrans.o
                0x000000000000f140                InternalAllocateZeroPool
 .text.ReallocatePool
                0x000000000000f174       0x60 /tmp/cctaPP2R.ltrans1.ltrans.o
                0x000000000000f174                ReallocatePool
 .text.ReallocateExtractHandlerTable
                0x000000000000f1d4       0xd0 /tmp/cctaPP2R.ltrans1.ltrans.o
                0x000000000000f1d4                ReallocateExtractHandlerTable
 .text.AllocateZeroPool
                0x000000000000f2a4       0x1c /tmp/cctaPP2R.ltrans1.ltrans.o
                0x000000000000f2a4                AllocateZeroPool
 .text.CoreNewDebugImageInfoEntry.constprop.37
                0x000000000000f2c0      0x154 /tmp/cctaPP2R.ltrans1.ltrans.o
                0x000000000000f2c0                CoreNewDebugImageInfoEntry.constprop.37
 .text.CompareGuid
                0x000000000000f414       0x6c /tmp/cctaPP2R.ltrans1.ltrans.o
                0x000000000000f414                CompareGuid
 .text.Crc32GuidedSectionHandler
                0x000000000000f480      0x1dc /tmp/cctaPP2R.ltrans1.ltrans.o
                0x000000000000f480                Crc32GuidedSectionHandler
 .text.Crc32GuidedSectionGetInfo
                0x000000000000f65c       0xd8 /tmp/cctaPP2R.ltrans1.ltrans.o
                0x000000000000f65c                Crc32GuidedSectionGetInfo
 .text.EfiGetSystemConfigurationTable
                0x000000000000f734       0xbc /tmp/cctaPP2R.ltrans1.ltrans.o
                0x000000000000f734                EfiGetSystemConfigurationTable
 .text.GetImageName
                0x000000000000f7f0       0xfc /tmp/cctaPP2R.ltrans1.ltrans.o
 .text.GetNextGuidHob
                0x000000000000f8ec       0x50 /tmp/cctaPP2R.ltrans1.ltrans.o
                0x000000000000f8ec                GetNextGuidHob
 .text.CopyGuid
                0x000000000000f93c       0x70 /tmp/cctaPP2R.ltrans1.ltrans.o
                0x000000000000f93c                CopyGuid
 .text.GetModuleInfoFromHandle.constprop.50
                0x000000000000f9ac      0x4b8 /tmp/cctaPP2R.ltrans1.ltrans.o
 .text.ReportStatusCodeEx.constprop.30
                0x000000000000fe64      0x110 /tmp/cctaPP2R.ltrans1.ltrans.o
 .text.ReportStatusCodeWithExtendedData.constprop.29
                0x000000000000ff74       0x54 /tmp/cctaPP2R.ltrans1.ltrans.o
                0x000000000000ff74                ReportStatusCodeWithExtendedData.constprop.29
 .text.ReportFpdtRecordBuffer
                0x000000000000ffc8      0x564 /tmp/cctaPP2R.ltrans1.ltrans.o
                0x000000000000ffc8                ReportFpdtRecordBuffer
 .text.EfiInitializeFwVolDevicepathNode
                0x000000000001052c       0x68 /tmp/cctaPP2R.ltrans1.ltrans.o
                0x000000000001052c                EfiInitializeFwVolDevicepathNode
 .text.ReadUnaligned16
                0x0000000000010594       0x68 /tmp/cctaPP2R.ltrans1.ltrans.o
                0x0000000000010594                ReadUnaligned16
 .text.DevicePathNodeLength
                0x00000000000105fc       0x50 /tmp/cctaPP2R.ltrans1.ltrans.o
                0x00000000000105fc                DevicePathNodeLength
 .text.NextDevicePathNode
                0x000000000001064c       0x50 /tmp/cctaPP2R.ltrans1.ltrans.o
                0x000000000001064c                NextDevicePathNode
 .text.IsDevicePathValid.part.0
                0x000000000001069c       0xd0 /tmp/cctaPP2R.ltrans1.ltrans.o
                0x000000000001069c                IsDevicePathValid.part.0
 .text.UefiDevicePathLibGetDevicePathSize
                0x000000000001076c       0x70 /tmp/cctaPP2R.ltrans1.ltrans.o
                0x000000000001076c                UefiDevicePathLibGetDevicePathSize
 .text.UefiDevicePathLibDuplicateDevicePath
                0x00000000000107dc       0x34 /tmp/cctaPP2R.ltrans1.ltrans.o
                0x00000000000107dc                UefiDevicePathLibDuplicateDevicePath
 .text.UefiDevicePathLibAppendDevicePath
                0x0000000000010810       0xcc /tmp/cctaPP2R.ltrans1.ltrans.o
                0x0000000000010810                UefiDevicePathLibAppendDevicePath
 .text.CoreFvToDevicePath.constprop.31
                0x00000000000108dc       0x94 /tmp/cctaPP2R.ltrans1.ltrans.o
                0x00000000000108dc                CoreFvToDevicePath.constprop.31
 .text.ReadUnaligned32
                0x0000000000010970       0x5c /tmp/cctaPP2R.ltrans1.ltrans.o
                0x0000000000010970                ReadUnaligned32
 .text.UefiDecompressGetInfo
                0x00000000000109cc       0xd8 /tmp/cctaPP2R.ltrans1.ltrans.o
                0x00000000000109cc                UefiDecompressGetInfo
 .text.AsciiStrLen
                0x0000000000010aa4       0xa0 /tmp/cctaPP2R.ltrans1.ltrans.o
                0x0000000000010aa4                AsciiStrLen
 .text.BaseName
                0x0000000000010b44       0x54 /tmp/cctaPP2R.ltrans1.ltrans.o
 .text.AsciiStrSize
                0x0000000000010b98       0x18 /tmp/cctaPP2R.ltrans1.ltrans.o
                0x0000000000010b98                AsciiStrSize
 .text.DeCygwinPathIfNeeded.constprop.40
                0x0000000000010bb0      0x10c /tmp/cctaPP2R.ltrans1.ltrans.o
 .text.PeCoffLoaderUnloadImageExtraAction
                0x0000000000010cbc       0xb4 /tmp/cctaPP2R.ltrans1.ltrans.o
 .text.PeCoffLoaderUnloadImage
                0x0000000000010d70       0x18 /tmp/cctaPP2R.ltrans1.ltrans.o
                0x0000000000010d70                PeCoffLoaderUnloadImage
 .text.PeCoffLoaderRelocateImageExtraAction
                0x0000000000010d88       0xb0 /tmp/cctaPP2R.ltrans1.ltrans.o
                0x0000000000010d88                PeCoffLoaderRelocateImageExtraAction
 .text.PeCoffLoaderRelocateImage
                0x0000000000010e38      0x2f8 /tmp/cctaPP2R.ltrans1.ltrans.o
                0x0000000000010e38                PeCoffLoaderRelocateImage
 .text.CopyStringIntoPerfRecordAndUpdateLength
                0x0000000000011130       0x9c /tmp/cctaPP2R.ltrans1.ltrans.o
 .text.AsciiStrCmp
                0x00000000000111cc       0x98 /tmp/cctaPP2R.ltrans1.ltrans.o
 .text.IsKnownTokens
                0x0000000000011264       0xf8 /tmp/cctaPP2R.ltrans1.ltrans.o
 .text.IsNull   0x000000000001135c       0x5c /tmp/cctaPP2R.ltrans1.ltrans.o
                0x000000000001135c                IsNull
 .text.IsNodeAtEnd
                0x00000000000113b8       0x7c /tmp/cctaPP2R.ltrans1.ltrans.o
                0x00000000000113b8                IsNodeAtEnd
 .text.IsListEmpty
                0x0000000000011434       0x5c /tmp/cctaPP2R.ltrans1.ltrans.o
                0x0000000000011434                IsListEmpty
 .text.RemoveEntryList
                0x0000000000011490       0x64 /tmp/cctaPP2R.ltrans1.ltrans.o
                0x0000000000011490                RemoveEntryList
 .text.GetNextNode
                0x00000000000114f4       0x58 /tmp/cctaPP2R.ltrans1.ltrans.o
                0x00000000000114f4                GetNextNode
 .text.GetFirstNode
                0x000000000001154c       0x54 /tmp/cctaPP2R.ltrans1.ltrans.o
                0x000000000001154c                GetFirstNode
 .text.FindChildNode.constprop.3
                0x00000000000115a0      0x334 /tmp/cctaPP2R.ltrans1.ltrans.o
                0x00000000000115a0                FindChildNode.constprop.3
 .text.InsertTailList
                0x00000000000118d4       0x6c /tmp/cctaPP2R.ltrans1.ltrans.o
                0x00000000000118d4                InsertTailList
 .text.InsertHeadList
                0x0000000000011940       0x68 /tmp/cctaPP2R.ltrans1.ltrans.o
                0x0000000000011940                InsertHeadList
 .text.SwapListEntries
                0x00000000000119a8       0xc0 /tmp/cctaPP2R.ltrans1.ltrans.o
                0x00000000000119a8                SwapListEntries
 .text.InitializeListHead
                0x0000000000011a68       0x4c /tmp/cctaPP2R.ltrans1.ltrans.o
                0x0000000000011a68                InitializeListHead
 .text.CpuDeadLoop
                0x0000000000011ab4       0x18 /tmp/cctaPP2R.ltrans1.ltrans.o
                0x0000000000011ab4                CpuDeadLoop
 .text.DivU64x32Remainder
                0x0000000000011acc       0x60 /tmp/cctaPP2R.ltrans1.ltrans.o
                0x0000000000011acc                DivU64x32Remainder
 .text.BasePrintLibSPrintMarker.constprop.66
                0x0000000000011b2c     0x102c /tmp/cctaPP2R.ltrans1.ltrans.o
                0x0000000000011b2c                BasePrintLibSPrintMarker.constprop.66
 .text.unlikely.BasePrintLibSPrint.constprop.67
                0x0000000000012b58       0x9c /tmp/cctaPP2R.ltrans1.ltrans.o
 .text.SPrintLength
                0x0000000000012bf4       0x70 /tmp/cctaPP2R.ltrans1.ltrans.o
 .text.AsciiSPrint
                0x0000000000012c64       0xb4 /tmp/cctaPP2R.ltrans1.ltrans.o
                0x0000000000012c64                AsciiSPrint
 .text.UnicodeVSPrintAsciiFormat
                0x0000000000012d18       0x80 /tmp/cctaPP2R.ltrans1.ltrans.o
 .text.AsciiPrint
                0x0000000000012d98      0x16c /tmp/cctaPP2R.ltrans1.ltrans.o
 .text.CommonCExceptionHandler
                0x0000000000012f04      0x6e0 /tmp/cctaPP2R.ltrans1.ltrans.o
                0x0000000000012f04                CommonCExceptionHandler
 .text.UnicodeVSPrint
                0x00000000000135e4       0x9c /tmp/cctaPP2R.ltrans1.ltrans.o
 .text.UnicodeSPrint.constprop.1
                0x0000000000013680       0x94 /tmp/cctaPP2R.ltrans1.ltrans.o
 .text.UefiDevicePathLibCatPrint
                0x0000000000013714      0x188 /tmp/cctaPP2R.ltrans1.ltrans.o
 .text.DevPathToTextNodeGeneric
                0x000000000001389c      0x104 /tmp/cctaPP2R.ltrans1.ltrans.o
 .text.DevPathToTextEndInstance
                0x00000000000139a0        0xc /tmp/cctaPP2R.ltrans1.ltrans.o
 .text.DevPathToTextBBS
                0x00000000000139ac       0xec /tmp/cctaPP2R.ltrans1.ltrans.o
 .text.DevPathRelativeOffsetRange
                0x0000000000013a98       0x10 /tmp/cctaPP2R.ltrans1.ltrans.o
 .text.DevPathToTextFvFile
                0x0000000000013aa8       0x10 /tmp/cctaPP2R.ltrans1.ltrans.o
 .text.DevPathToTextFv
                0x0000000000013ab8       0x10 /tmp/cctaPP2R.ltrans1.ltrans.o
 .text.DevPathToTextMediaProtocol
                0x0000000000013ac8       0x10 /tmp/cctaPP2R.ltrans1.ltrans.o
 .text.DevPathToTextFilePath
                0x0000000000013ad8       0x10 /tmp/cctaPP2R.ltrans1.ltrans.o
 .text.DevPathToTextCDROM
                0x0000000000013ae8       0x30 /tmp/cctaPP2R.ltrans1.ltrans.o
 .text.DevPathToTextHardDrive
                0x0000000000013b18       0x8c /tmp/cctaPP2R.ltrans1.ltrans.o
 .text.DevPathToTextUri
                0x0000000000013ba4       0x94 /tmp/cctaPP2R.ltrans1.ltrans.o
 .text.DevPathToTextBluetoothLE
                0x0000000000013c38       0x44 /tmp/cctaPP2R.ltrans1.ltrans.o
 .text.DevPathToTextWiFi
                0x0000000000013c7c       0x6c /tmp/cctaPP2R.ltrans1.ltrans.o
 .text.DevPathToTextBluetooth
                0x0000000000013ce8       0x24 /tmp/cctaPP2R.ltrans1.ltrans.o
 .text.DevPathToTextVlan
                0x0000000000013d0c       0x10 /tmp/cctaPP2R.ltrans1.ltrans.o
 .text.DevPathToTextiSCSI
                0x0000000000013d1c      0x110 /tmp/cctaPP2R.ltrans1.ltrans.o
 .text.DevPathToTextUart
                0x0000000000013e2c      0x118 /tmp/cctaPP2R.ltrans1.ltrans.o
 .text.DevPathToTextInfiniBand
                0x0000000000013f44       0x1c /tmp/cctaPP2R.ltrans1.ltrans.o
 .text.CatIPv6Address
                0x0000000000013f60       0x8c /tmp/cctaPP2R.ltrans1.ltrans.o
 .text.CatIPv4Address
                0x0000000000013fec       0x1c /tmp/cctaPP2R.ltrans1.ltrans.o
 .text.DevPathToTextDns
                0x0000000000014008       0xc0 /tmp/cctaPP2R.ltrans1.ltrans.o
 .text.CatNetworkProtocol
                0x00000000000140c8       0x38 /tmp/cctaPP2R.ltrans1.ltrans.o
 .text.DevPathToTextIPv6
                0x0000000000014100       0xe8 /tmp/cctaPP2R.ltrans1.ltrans.o
 .text.DevPathToTextIPv4
                0x00000000000141e8       0xf0 /tmp/cctaPP2R.ltrans1.ltrans.o
 .text.DevPathToTextMacAddr
                0x00000000000142d8       0x8c /tmp/cctaPP2R.ltrans1.ltrans.o
 .text.DevPathToTextI2O
                0x0000000000014364       0x10 /tmp/cctaPP2R.ltrans1.ltrans.o
 .text.DevPathToTextSata
                0x0000000000014374       0x18 /tmp/cctaPP2R.ltrans1.ltrans.o
 .text.DevPathToTextUsbClass
                0x000000000001438c      0x1bc /tmp/cctaPP2R.ltrans1.ltrans.o
 .text.DevPathToTextLogicalUnit
                0x0000000000014548       0x10 /tmp/cctaPP2R.ltrans1.ltrans.o
 .text.DevPathToTextUsbWWID
                0x0000000000014558       0xb0 /tmp/cctaPP2R.ltrans1.ltrans.o
 .text.DevPathToTextUsb
                0x0000000000014608       0x14 /tmp/cctaPP2R.ltrans1.ltrans.o
 .text.DevPathToText1394
                0x000000000001461c       0x10 /tmp/cctaPP2R.ltrans1.ltrans.o
 .text.DevPathToTextEmmc
                0x000000000001462c       0x10 /tmp/cctaPP2R.ltrans1.ltrans.o
 .text.DevPathToTextSd
                0x000000000001463c       0x10 /tmp/cctaPP2R.ltrans1.ltrans.o
 .text.DevPathToTextUfs
                0x000000000001464c       0x14 /tmp/cctaPP2R.ltrans1.ltrans.o
 .text.DevPathToTextNVMe
                0x0000000000014660       0x54 /tmp/cctaPP2R.ltrans1.ltrans.o
 .text.DevPathToTextSasEx
                0x00000000000146b4      0x184 /tmp/cctaPP2R.ltrans1.ltrans.o
 .text.DevPathToTextFibreEx
                0x0000000000014838       0xa0 /tmp/cctaPP2R.ltrans1.ltrans.o
 .text.DevPathToTextFibre
                0x00000000000148d8       0x10 /tmp/cctaPP2R.ltrans1.ltrans.o
 .text.DevPathToTextScsi
                0x00000000000148e8       0x14 /tmp/cctaPP2R.ltrans1.ltrans.o
 .text.DevPathToTextAtapi
                0x00000000000148fc       0x60 /tmp/cctaPP2R.ltrans1.ltrans.o
 .text.DevPathToTextAcpiAdr
                0x000000000001495c       0x90 /tmp/cctaPP2R.ltrans1.ltrans.o
 .text.DevPathToTextAcpiEx
                0x00000000000149ec      0x28c /tmp/cctaPP2R.ltrans1.ltrans.o
 .text.DevPathToTextAcpi
                0x0000000000014c78       0xc0 /tmp/cctaPP2R.ltrans1.ltrans.o
 .text.DevPathToTextController
                0x0000000000014d38       0x10 /tmp/cctaPP2R.ltrans1.ltrans.o
 .text.DevPathToTextVendor
                0x0000000000014d48      0x350 /tmp/cctaPP2R.ltrans1.ltrans.o
 .text.DevPathToTextMemMap
                0x0000000000015098       0x14 /tmp/cctaPP2R.ltrans1.ltrans.o
 .text.DevPathToTextPccard
                0x00000000000150ac       0x10 /tmp/cctaPP2R.ltrans1.ltrans.o
 .text.DevPathToTextPci
                0x00000000000150bc       0x14 /tmp/cctaPP2R.ltrans1.ltrans.o
 .text.GetTimeInNanoSecond
                0x00000000000150d0       0xb0 /tmp/cctaPP2R.ltrans1.ltrans.o
 .text.CreatePerformanceMeasurement
                0x0000000000015180      0x94c /tmp/cctaPP2R.ltrans1.ltrans.o
                0x0000000000015180                CreatePerformanceMeasurement
 .text.LogPerformanceMeasurement.constprop.43
                0x0000000000015acc       0x1c /tmp/cctaPP2R.ltrans1.ltrans.o
                0x0000000000015acc                LogPerformanceMeasurement.constprop.43
 .text.LShiftU64
                0x0000000000015ae8       0x50 /tmp/cctaPP2R.ltrans1.ltrans.o
                0x0000000000015ae8                LShiftU64
 .text.FillBuf  0x0000000000015b38       0xc0 /tmp/cctaPP2R.ltrans1.ltrans.o
 .text.GetBits  0x0000000000015bf8       0x34 /tmp/cctaPP2R.ltrans1.ltrans.o
 .text.ReadPTLen
                0x0000000000015c2c      0x1ac /tmp/cctaPP2R.ltrans1.ltrans.o
 .text.UefiDecompress
                0x0000000000015dd8      0x480 /tmp/cctaPP2R.ltrans1.ltrans.o
                0x0000000000015dd8                UefiDecompress
 .text.DevPathToTextRamDisk
                0x0000000000016258      0x1c4 /tmp/cctaPP2R.ltrans1.ltrans.o
 .text.ReadUnaligned64
                0x000000000001641c       0x3c /tmp/cctaPP2R.ltrans1.ltrans.o
                0x000000000001641c                ReadUnaligned64
 .text.DevPathToTextBmc
                0x0000000000016458       0x3c /tmp/cctaPP2R.ltrans1.ltrans.o
 .text.MultU64x32
                0x0000000000016494        0xc /tmp/cctaPP2R.ltrans1.ltrans.o
                0x0000000000016494                MultU64x32
 .text.RShiftU64
                0x00000000000164a0       0x50 /tmp/cctaPP2R.ltrans1.ltrans.o
                0x00000000000164a0                RShiftU64
 .text.HighBitSet64
                0x00000000000164f0       0x78 /tmp/cctaPP2R.ltrans1.ltrans.o
                0x00000000000164f0                HighBitSet64
 .text.CalculateSum16
                0x0000000000016568       0xcc /tmp/cctaPP2R.ltrans1.ltrans.o
                0x0000000000016568                CalculateSum16
 .text.CalculateSum8
                0x0000000000016634       0x90 /tmp/cctaPP2R.ltrans1.ltrans.o
                0x0000000000016634                CalculateSum8
 .text.CalculateCheckSum8
                0x00000000000166c4       0x18 /tmp/cctaPP2R.ltrans1.ltrans.o
                0x00000000000166c4                CalculateCheckSum8
 .text.PopBool  0x00000000000166dc       0x38 /tmp/cctaPP2R.ltrans1.ltrans.o
                0x00000000000166dc                PopBool
 .text.GetFileState
                0x0000000000016714       0x3c /tmp/cctaPP2R.ltrans2.ltrans.o
 .text.FvSetVolumeInfo
                0x0000000000016750        0x8 /tmp/cctaPP2R.ltrans2.ltrans.o
 .text.FvGetVolumeInfo
                0x0000000000016758        0x8 /tmp/cctaPP2R.ltrans2.ltrans.o
 .text.FwVolBlockSetAttributes
                0x0000000000016760        0x8 /tmp/cctaPP2R.ltrans2.ltrans.o
 .text.FvSetVolumeAttributes
                0x0000000000016768        0x8 /tmp/cctaPP2R.ltrans2.ltrans.o
 .text.FvWriteFile
                0x0000000000016770        0x8 /tmp/cctaPP2R.ltrans2.ltrans.o
 .text.CoreSetInterruptState
                0x0000000000016778       0x9c /tmp/cctaPP2R.ltrans2.ltrans.o
 .text.ReadFvbData
                0x0000000000016814      0x1a8 /tmp/cctaPP2R.ltrans2.ltrans.o
 .text.FwVolBlockWriteBlock
                0x00000000000169bc        0x8 /tmp/cctaPP2R.ltrans2.ltrans.o
 .text.FwVolBlockEraseBlock
                0x00000000000169c4        0x8 /tmp/cctaPP2R.ltrans2.ltrans.o
 .text.GetPoolIndexFromSize
                0x00000000000169cc       0x2c /tmp/cctaPP2R.ltrans2.ltrans.o
 .text.CoreAllocateSpaceCheckEntry
                0x00000000000169f8       0x50 /tmp/cctaPP2R.ltrans2.ltrans.o
 .text.CoreGetDepexSectionAndPreProccess
                0x0000000000016a48      0x104 /tmp/cctaPP2R.ltrans2.ltrans.o
 .text.PushBool
                0x0000000000016b4c       0xd4 /tmp/cctaPP2R.ltrans2.ltrans.o
 .text.FvGetVolumeAttributes
                0x0000000000016c20       0xb4 /tmp/cctaPP2R.ltrans2.ltrans.o
 .text.FfsAttributes2FvFileAttributes
                0x0000000000016cd4       0x30 /tmp/cctaPP2R.ltrans2.ltrans.o
 .text.FwVolBlockGetBlockSize
                0x0000000000016d04       0xcc /tmp/cctaPP2R.ltrans2.ltrans.o
 .text.FwVolBlockGetPhysicalAddress
                0x0000000000016dd0       0x7c /tmp/cctaPP2R.ltrans2.ltrans.o
 .text.FwVolBlockReadBlock
                0x0000000000016e4c      0x108 /tmp/cctaPP2R.ltrans2.ltrans.o
 .text.FwVolBlockGetAttributes
                0x0000000000016f54       0x70 /tmp/cctaPP2R.ltrans2.ltrans.o
 .text.CoreSearchGcdMapEntry
                0x0000000000016fc4      0x124 /tmp/cctaPP2R.ltrans2.ltrans.o
 .text.CoreRaiseTpl
                0x00000000000170e8       0xd8 /tmp/cctaPP2R.ltrans2.ltrans.o
                0x00000000000170e8                CoreRaiseTpl
 .text.UnsetGuardPage
                0x00000000000171c0       0xac /tmp/cctaPP2R.ltrans2.ltrans.o
 .text.FvGetNextFile
                0x000000000001726c      0x1a4 /tmp/cctaPP2R.ltrans2.ltrans.o
 .text.FvReadFile
                0x0000000000017410      0x228 /tmp/cctaPP2R.ltrans2.ltrans.o
 .text.CoreInsertEventTimer
                0x0000000000017638       0xe0 /tmp/cctaPP2R.ltrans2.ltrans.o
 .text.GenericProtocolNotify
                0x0000000000017718      0x1d0 /tmp/cctaPP2R.ltrans2.ltrans.o
 .text.CoreReleaseDispatcherLock
                0x00000000000178e8        0xc /tmp/cctaPP2R.ltrans2.ltrans.o
 .text.CoreReleaseEventLock
                0x00000000000178f4        0xc /tmp/cctaPP2R.ltrans2.ltrans.o
 .text.CoreAcquireDispatcherLock
                0x0000000000017900        0xc /tmp/cctaPP2R.ltrans2.ltrans.o
 .text.CoreInsertOnScheduledQueueWhileProcessingBeforeAndAfter
                0x000000000001790c      0x2b4 /tmp/cctaPP2R.ltrans2.ltrans.o
 .text.CoreTrust
                0x0000000000017bc0       0xf8 /tmp/cctaPP2R.ltrans2.ltrans.o
 .text.CoreSchedule
                0x0000000000017cb8      0x148 /tmp/cctaPP2R.ltrans2.ltrans.o
 .text.CoreAcquireEventLock
                0x0000000000017e00        0xc /tmp/cctaPP2R.ltrans2.ltrans.o
 .text.CoreGetIoSpaceDescriptor
                0x0000000000017e0c      0x154 /tmp/cctaPP2R.ltrans2.ltrans.o
 .text.CoreAddToDriverList
                0x0000000000017f60       0xd0 /tmp/cctaPP2R.ltrans2.ltrans.o
 .text.CoreNotifyEvent
                0x0000000000018030       0xa0 /tmp/cctaPP2R.ltrans2.ltrans.o
 .text.CoreCheckEvent
                0x00000000000180d0       0xac /tmp/cctaPP2R.ltrans2.ltrans.o
                0x00000000000180d0                CoreCheckEvent
 .text.RemoveMemoryMapEntry
                0x000000000001817c       0x4c /tmp/cctaPP2R.ltrans2.ltrans.o
 .text.CoreInsertGcdMapEntry
                0x00000000000181c8      0x128 /tmp/cctaPP2R.ltrans2.ltrans.o
 .text.CoreRestoreTpl
                0x00000000000182f0      0x258 /tmp/cctaPP2R.ltrans2.ltrans.o
                0x00000000000182f0                CoreRestoreTpl
 .text.FvReadFileSection
                0x0000000000018548      0x3a4 /tmp/cctaPP2R.ltrans2.ltrans.o
 .text.Uint64ToBinString.part.9
                0x00000000000188ec       0x40 /tmp/cctaPP2R.ltrans2.ltrans.o
 .text.DumpGuardedMemoryBitmap.part.10
                0x000000000001892c      0x2d8 /tmp/cctaPP2R.ltrans2.ltrans.o
 .text.CoreGetMemorySpaceDescriptor
                0x0000000000018c04      0x158 /tmp/cctaPP2R.ltrans2.ltrans.o
                0x0000000000018c04                CoreGetMemorySpaceDescriptor
 .text.CoreCreateEventInternal
                0x0000000000018d5c      0x1e0 /tmp/cctaPP2R.ltrans2.ltrans.o
                0x0000000000018d5c                CoreCreateEventInternal
 .text.CoreCreateEventEx
                0x0000000000018f3c       0x2c /tmp/cctaPP2R.ltrans2.ltrans.o
                0x0000000000018f3c                CoreCreateEventEx
 .text.CoreCreateEvent
                0x0000000000018f68        0xc /tmp/cctaPP2R.ltrans2.ltrans.o
                0x0000000000018f68                CoreCreateEvent
 .text.CoreNotifyOnProtocolEntryTable
                0x0000000000018f74      0x11c /tmp/cctaPP2R.ltrans2.ltrans.o
                0x0000000000018f74                CoreNotifyOnProtocolEntryTable
 .text.CoreNotifySignalList
                0x0000000000019090       0xbc /tmp/cctaPP2R.ltrans2.ltrans.o
                0x0000000000019090                CoreNotifySignalList
 .text.CoreSignalEvent
                0x000000000001914c       0x88 /tmp/cctaPP2R.ltrans2.ltrans.o
                0x000000000001914c                CoreSignalEvent
 .text.CoreTimerTick
                0x00000000000191d4       0xbc /tmp/cctaPP2R.ltrans2.ltrans.o
 .text.CoreWaitForEvent
                0x0000000000019290       0xa0 /tmp/cctaPP2R.ltrans2.ltrans.o
                0x0000000000019290                CoreWaitForEvent
 .text.CoreSetTimer
                0x0000000000019330      0x108 /tmp/cctaPP2R.ltrans2.ltrans.o
                0x0000000000019330                CoreSetTimer
 .text.CoreCheckTimers
                0x0000000000019438      0x11c /tmp/cctaPP2R.ltrans2.ltrans.o
                0x0000000000019438                CoreCheckTimers
 .text.CoreAddRange
                0x0000000000019554      0x274 /tmp/cctaPP2R.ltrans2.ltrans.o
 .text.GetLastGuardedFreePageAddress
                0x00000000000197c8       0xf4 /tmp/cctaPP2R.ltrans2.ltrans.o
                0x00000000000197c8                GetLastGuardedFreePageAddress
 .text.IsHeapGuardEnabled
                0x00000000000198bc        0x8 /tmp/cctaPP2R.ltrans2.ltrans.o
                0x00000000000198bc                IsHeapGuardEnabled
 .text.DumpGuardedMemoryBitmap
                0x00000000000198c4       0x48 /tmp/cctaPP2R.ltrans2.ltrans.o
                0x00000000000198c4                DumpGuardedMemoryBitmap
 .text.SetGuardPage
                0x000000000001990c       0xac /tmp/cctaPP2R.ltrans2.ltrans.o
                0x000000000001990c                SetGuardPage
 .text.CoreReleaseMemoryLock
                0x00000000000199b8        0xc /tmp/cctaPP2R.ltrans2.ltrans.o
                0x00000000000199b8                CoreReleaseMemoryLock
 .text.CoreAcquireMemoryLock
                0x00000000000199c4        0xc /tmp/cctaPP2R.ltrans2.ltrans.o
                0x00000000000199c4                CoreAcquireMemoryLock
 .text.CoreInternalAllocatePages.part.2
                0x00000000000199d0      0x1dc /tmp/cctaPP2R.ltrans2.ltrans.o
 .text.FindGuardedMemoryMap
                0x0000000000019bac      0x2ec /tmp/cctaPP2R.ltrans2.ltrans.o
 .text.GetGuardedMemoryBits
                0x0000000000019e98      0x194 /tmp/cctaPP2R.ltrans2.ltrans.o
                0x0000000000019e98                GetGuardedMemoryBits
 .text.AdjustMemoryF.part.2
                0x000000000001a02c       0x8c /tmp/cctaPP2R.ltrans2.ltrans.o
 .text.IsGuardPage
                0x000000000001a0b8       0x38 /tmp/cctaPP2R.ltrans2.ltrans.o
                0x000000000001a0b8                IsGuardPage
 .text.CoreFindFreePagesI.part.0
                0x000000000001a0f0      0x1f0 /tmp/cctaPP2R.ltrans2.ltrans.o
 .text.ClearGuardedMemoryBits
                0x000000000001a2e0      0x174 /tmp/cctaPP2R.ltrans2.ltrans.o
 .text.UnsetGuardForMemory.part.1
                0x000000000001a454       0x84 /tmp/cctaPP2R.ltrans2.ltrans.o
 .text.FindFreePages
                0x000000000001a4d8      0x44c /tmp/cctaPP2R.ltrans2.ltrans.o
 .text.CoreAllocatePoolPages
                0x000000000001a924       0xa0 /tmp/cctaPP2R.ltrans2.ltrans.o
 .text.CoreFreeMemoryMapStack
                0x000000000001a9c4      0x240 /tmp/cctaPP2R.ltrans2.ltrans.o
 .text.CoreConvertPagesEx
                0x000000000001ac04      0x690 /tmp/cctaPP2R.ltrans2.ltrans.o
 .text.CoreConvertPages
                0x000000000001b294       0x14 /tmp/cctaPP2R.ltrans2.ltrans.o
 .text.CoreConvertPagesWithGuard
                0x000000000001b2a8       0xb8 /tmp/cctaPP2R.ltrans2.ltrans.o
 .text.SetGuardedMemoryBits
                0x000000000001b360      0x174 /tmp/cctaPP2R.ltrans2.ltrans.o
 .text.GuardFreedPages.part.5
                0x000000000001b4d4       0x94 /tmp/cctaPP2R.ltrans2.ltrans.o
                0x000000000001b4d4                GuardFreedPages.part.5
 .text.GuardFreedPagesChecked
                0x000000000001b568       0x3c /tmp/cctaPP2R.ltrans2.ltrans.o
 .text.SetGuardForMemory
                0x000000000001b5a4       0x68 /tmp/cctaPP2R.ltrans2.ltrans.o
 .text.CoreAllocatePoolPagesI
                0x000000000001b60c       0x90 /tmp/cctaPP2R.ltrans2.ltrans.o
 .text.CoreAllocatePoolI
                0x000000000001b69c      0x460 /tmp/cctaPP2R.ltrans2.ltrans.o
 .text.CoreInternalAllocatePool.part.1
                0x000000000001bafc       0x74 /tmp/cctaPP2R.ltrans2.ltrans.o
 .text.RegisterMemoryProfileImage
                0x000000000001bb70        0x8 /tmp/cctaPP2R.ltrans2.ltrans.o
                0x000000000001bb70                RegisterMemoryProfileImage
 .text.LookupPoolHead
                0x000000000001bb78      0x12c /tmp/cctaPP2R.ltrans2.ltrans.o
 .text.CoreGetMemoryMap
                0x000000000001bca4      0x5d8 /tmp/cctaPP2R.ltrans2.ltrans.o
                0x000000000001bca4                CoreGetMemoryMap
 .text.CoreFreePoolPagesI
                0x000000000001c27c       0x60 /tmp/cctaPP2R.ltrans2.ltrans.o
 .text.CoreFreePoolI
                0x000000000001c2dc      0x434 /tmp/cctaPP2R.ltrans2.ltrans.o
 .text.CoreInternalFreePool
                0x000000000001c710       0x64 /tmp/cctaPP2R.ltrans2.ltrans.o
 .text.CoreFreePages
                0x000000000001c774      0x160 /tmp/cctaPP2R.ltrans2.ltrans.o
                0x000000000001c774                CoreFreePages
 .text.CoreAllocatePages
                0x000000000001c8d4       0x98 /tmp/cctaPP2R.ltrans2.ltrans.o
                0x000000000001c8d4                CoreAllocatePages
 .text.CoreAddMemoryDescriptor
                0x000000000001c96c      0x298 /tmp/cctaPP2R.ltrans2.ltrans.o
                0x000000000001c96c                CoreAddMemoryDescriptor
 .text.CoreAllocatePool
                0x000000000001cc04       0x7c /tmp/cctaPP2R.ltrans2.ltrans.o
                0x000000000001cc04                CoreAllocatePool
 .text.UnregisterMemoryProfileImage
                0x000000000001cc80        0x8 /tmp/cctaPP2R.ltrans2.ltrans.o
                0x000000000001cc80                UnregisterMemoryProfileImage
 .text.CoreFreePool
                0x000000000001cc88       0x60 /tmp/cctaPP2R.ltrans2.ltrans.o
                0x000000000001cc88                CoreFreePool
 .text.CoreCloseEvent
                0x000000000001cce8      0x204 /tmp/cctaPP2R.ltrans2.ltrans.o
                0x000000000001cce8                CoreCloseEvent
 .text.GetFwVolHeader
                0x000000000001ceec      0x124 /tmp/cctaPP2R.ltrans2.ltrans.o
 .text.NotifyFwVolBlock
                0x000000000001d010      0x754 /tmp/cctaPP2R.ltrans2.ltrans.o
                0x000000000001d010                NotifyFwVolBlock
 .text.ProduceFVBProtocolOnBuffer
                0x000000000001d764      0x248 /tmp/cctaPP2R.ltrans2.ltrans.o
                0x000000000001d764                ProduceFVBProtocolOnBuffer
 .text.CoreProcessFvImageFile
                0x000000000001d9ac      0x500 /tmp/cctaPP2R.ltrans2.ltrans.o
 .text.CoreFwVolEventProtocolNotify
                0x000000000001deac      0x6cc /tmp/cctaPP2R.ltrans2.ltrans.o
                0x000000000001deac                CoreFwVolEventProtocolNotify
 .text.CoreDispatcher
                0x000000000001e578      0x8ec /tmp/cctaPP2R.ltrans2.ltrans.o
                0x000000000001e578                CoreDispatcher
 .text.CoreProcessFirmwareVolume
                0x000000000001ee64       0xc4 /tmp/cctaPP2R.ltrans2.ltrans.o
 .text.CoreMergeGcdMapEntry
                0x000000000001ef28      0x148 /tmp/cctaPP2R.ltrans2.ltrans.o
 .text.CoreCleanupGcdMapEntry
                0x000000000001f070       0x80 /tmp/cctaPP2R.ltrans2.ltrans.o
 .text.CoreAllocateGcdMapEntry
                0x000000000001f0f0       0x7c /tmp/cctaPP2R.ltrans2.ltrans.o
 .text.CoreAllocateSpace
                0x000000000001f16c      0x664 /tmp/cctaPP2R.ltrans2.ltrans.o
 .text.CoreAllocateIoSpace
                0x000000000001f7d0      0x188 /tmp/cctaPP2R.ltrans2.ltrans.o
 .text.CoreAllocateMemorySpace
                0x000000000001f958      0x188 /tmp/cctaPP2R.ltrans2.ltrans.o
                0x000000000001f958                CoreAllocateMemorySpace
 .text.CoreConvertSpace
                0x000000000001fae0      0x588 /tmp/cctaPP2R.ltrans2.ltrans.o
 .text.CoreRemoveIoSpace
                0x0000000000020068       0x70 /tmp/cctaPP2R.ltrans2.ltrans.o
 .text.CoreFreeIoSpace
                0x00000000000200d8       0x70 /tmp/cctaPP2R.ltrans2.ltrans.o
 .text.CoreAddIoSpace
                0x0000000000020148       0xc8 /tmp/cctaPP2R.ltrans2.ltrans.o
                0x0000000000020148                CoreAddIoSpace
 .text.CoreSetMemorySpaceAttributes
                0x0000000000020210       0x90 /tmp/cctaPP2R.ltrans2.ltrans.o
                0x0000000000020210                CoreSetMemorySpaceAttributes
 .text.CoreRemoveMemorySpace
                0x00000000000202a0       0x70 /tmp/cctaPP2R.ltrans2.ltrans.o
 .text.CoreFreeMemorySpace
                0x0000000000020310       0x70 /tmp/cctaPP2R.ltrans2.ltrans.o
 .text.CoreSetMemorySpaceCapabilities
                0x0000000000020380       0xd4 /tmp/cctaPP2R.ltrans2.ltrans.o
                0x0000000000020380                CoreSetMemorySpaceCapabilities
 .text.CoreGetIoSpaceMap.part.3
                0x0000000000020454      0x134 /tmp/cctaPP2R.ltrans2.ltrans.o
                0x0000000000020454                CoreGetIoSpaceMap.part.3
 .text.CoreGetIoSpaceMap
                0x0000000000020588       0x18 /tmp/cctaPP2R.ltrans2.ltrans.o
 .text.CoreGetMemorySpaceMap.part.1
                0x00000000000205a0      0x174 /tmp/cctaPP2R.ltrans2.ltrans.o
                0x00000000000205a0                CoreGetMemorySpaceMap.part.1
 .text.CoreGetMemorySpaceMap
                0x0000000000020714       0x18 /tmp/cctaPP2R.ltrans2.ltrans.o
 .text.CoreConvertResourceDescriptorHobAttributesToCapabilities
                0x000000000002072c       0x48 /tmp/cctaPP2R.ltrans2.ltrans.o
                0x000000000002072c                CoreConvertResourceDescriptorHobAttributesToCapabilities
 .text.CoreInternalAddMemorySpace
                0x0000000000020774       0xe0 /tmp/cctaPP2R.ltrans2.ltrans.o
                0x0000000000020774                CoreInternalAddMemorySpace
 .text.PageAlignLength
                0x0000000000020854       0x30 /tmp/cctaPP2R.ltrans2.ltrans.o
                0x0000000000020854                PageAlignLength
 .text.PageAlignAddress
                0x0000000000020884       0x38 /tmp/cctaPP2R.ltrans2.ltrans.o
                0x0000000000020884                PageAlignAddress
 .text.CoreAddMemorySpace
                0x00000000000208bc      0x14c /tmp/cctaPP2R.ltrans2.ltrans.o
 .text          0x0000000000020a08       0x78 /home/core/edk2-dipper/workspace/Build/XiaomiMI8Pkg/DEBUG_GCC5/AARCH64/MdePkg/Library/BaseLib/BaseLib/OUTPUT/BaseLib.lib(SetJumpLongJump.obj)
                0x0000000000020a08                SetJump
                0x0000000000020a40                InternalLongJump
 .text          0x0000000000020a80      0x200 /home/core/edk2-dipper/workspace/Build/XiaomiMI8Pkg/DEBUG_GCC5/AARCH64/MdePkg/Library/BaseMemoryLibOptDxe/BaseMemoryLibOptDxe/OUTPUT/BaseMemoryLibOptDxe.lib(SetMem.obj)
                0x0000000000020a80                InternalMemSetMem16
                0x0000000000020a8c                InternalMemSetMem32
                0x0000000000020a98                InternalMemSetMem64
                0x0000000000020aa4                InternalMemZeroMem
                0x0000000000020aac                InternalMemSetMem
 .text          0x0000000000020c80      0x218 /home/core/edk2-dipper/workspace/Build/XiaomiMI8Pkg/DEBUG_GCC5/AARCH64/MdePkg/Library/BaseMemoryLibOptDxe/BaseMemoryLibOptDxe/OUTPUT/BaseMemoryLibOptDxe.lib(CopyMem.obj)
                0x0000000000020dec                InternalMemCopyMem
 *fill*         0x0000000000020e98       0x28 
 .text          0x0000000000020ec0       0xe0 /home/core/edk2-dipper/workspace/Build/XiaomiMI8Pkg/DEBUG_GCC5/AARCH64/MdePkg/Library/BaseMemoryLibOptDxe/BaseMemoryLibOptDxe/OUTPUT/BaseMemoryLibOptDxe.lib(CompareMem.obj)
                0x0000000000020ec0                InternalMemCompareMem
 .text          0x0000000000020fa0       0x20 /home/core/edk2-dipper/workspace/Build/XiaomiMI8Pkg/DEBUG_GCC5/AARCH64/MdePkg/Library/BaseMemoryLibOptDxe/BaseMemoryLibOptDxe/OUTPUT/BaseMemoryLibOptDxe.lib(CompareGuid.obj)
                0x0000000000020fa0                InternalMemCompareGuid
 .text          0x0000000000020fc0      0x184 /home/core/edk2-dipper/workspace/Build/XiaomiMI8Pkg/DEBUG_GCC5/AARCH64/ArmPkg/Library/ArmExceptionLib/ArmExceptionLib/OUTPUT/ArmExceptionLib.lib(ExceptionSupport.obj)
                0x0000000000020fc0                ExceptionHandlersEnd
                0x000000000002113c                RegisterEl0Stack
 *fill*         0x0000000000021144      0x6bc 
 .text.ExceptionHandlersStart
                0x0000000000021800      0x800 /home/core/edk2-dipper/workspace/Build/XiaomiMI8Pkg/DEBUG_GCC5/AARCH64/ArmPkg/Library/ArmExceptionLib/ArmExceptionLib/OUTPUT/ArmExceptionLib.lib(ExceptionSupport.obj)
                0x0000000000021800                ExceptionHandlersStart
 .text.ArmCacheInfo
                0x0000000000022000        0x8 /home/core/edk2-dipper/workspace/Build/XiaomiMI8Pkg/DEBUG_GCC5/AARCH64/ArmPkg/Library/ArmLib/ArmBaseLib/OUTPUT/ArmBaseLib.lib(ArmLibSupport.obj)
                0x0000000000022000                ArmCacheInfo
 .text.ArmGetInterruptState
                0x0000000000022008       0x10 /home/core/edk2-dipper/workspace/Build/XiaomiMI8Pkg/DEBUG_GCC5/AARCH64/ArmPkg/Library/ArmLib/ArmBaseLib/OUTPUT/ArmBaseLib.lib(ArmLibSupport.obj)
                0x0000000000022008                ArmGetInterruptState
 .text.ArmEnableInterrupts
                0x0000000000022018        0xc /home/core/edk2-dipper/workspace/Build/XiaomiMI8Pkg/DEBUG_GCC5/AARCH64/ArmPkg/Library/ArmLib/ArmBaseLib/OUTPUT/ArmBaseLib.lib(ArmLibSupportV8.obj)
                0x0000000000022018                ArmEnableInterrupts
 .text.ArmDisableInterrupts
                0x0000000000022024        0xc /home/core/edk2-dipper/workspace/Build/XiaomiMI8Pkg/DEBUG_GCC5/AARCH64/ArmPkg/Library/ArmLib/ArmBaseLib/OUTPUT/ArmBaseLib.lib(ArmLibSupportV8.obj)
                0x0000000000022024                ArmDisableInterrupts
 .text.ArmCleanDataCacheEntryToPoUByMVA
                0x0000000000022030        0x8 /home/core/edk2-dipper/workspace/Build/XiaomiMI8Pkg/DEBUG_GCC5/AARCH64/ArmPkg/Library/ArmLib/ArmBaseLib/OUTPUT/ArmBaseLib.lib(AArch64Support.obj)
                0x0000000000022030                ArmCleanDataCacheEntryToPoUByMVA
 .text.ArmInvalidateInstructionCacheEntryToPoUByMVA
                0x0000000000022038        0x8 /home/core/edk2-dipper/workspace/Build/XiaomiMI8Pkg/DEBUG_GCC5/AARCH64/ArmPkg/Library/ArmLib/ArmBaseLib/OUTPUT/ArmBaseLib.lib(AArch64Support.obj)
                0x0000000000022038                ArmInvalidateInstructionCacheEntryToPoUByMVA
 .text.ArmCleanInvalidateDataCacheEntryByMVA
                0x0000000000022040        0x8 /home/core/edk2-dipper/workspace/Build/XiaomiMI8Pkg/DEBUG_GCC5/AARCH64/ArmPkg/Library/ArmLib/ArmBaseLib/OUTPUT/ArmBaseLib.lib(AArch64Support.obj)
                0x0000000000022040                ArmCleanInvalidateDataCacheEntryByMVA
 .text.ArmDataSynchronizationBarrier
                0x0000000000022048        0x8 /home/core/edk2-dipper/workspace/Build/XiaomiMI8Pkg/DEBUG_GCC5/AARCH64/ArmPkg/Library/ArmLib/ArmBaseLib/OUTPUT/ArmBaseLib.lib(AArch64Support.obj)
                0x0000000000022048                ArmDataSynchronizationBarrier
 .text.ArmInstructionSynchronizationBarrier
                0x0000000000022050        0x8 /home/core/edk2-dipper/workspace/Build/XiaomiMI8Pkg/DEBUG_GCC5/AARCH64/ArmPkg/Library/ArmLib/ArmBaseLib/OUTPUT/ArmBaseLib.lib(AArch64Support.obj)
                0x0000000000022050                ArmInstructionSynchronizationBarrier
 .text.ArmWriteVBar
                0x0000000000022058       0x34 /home/core/edk2-dipper/workspace/Build/XiaomiMI8Pkg/DEBUG_GCC5/AARCH64/ArmPkg/Library/ArmLib/ArmBaseLib/OUTPUT/ArmBaseLib.lib(AArch64Support.obj)
                0x0000000000022058                ArmWriteVBar
 .text.ArmIsArchTimerImplemented
                0x000000000002208c        0x8 /home/core/edk2-dipper/workspace/Build/XiaomiMI8Pkg/DEBUG_GCC5/AARCH64/ArmPkg/Library/ArmLib/ArmBaseLib/OUTPUT/ArmBaseLib.lib(AArch64Support.obj)
                0x000000000002208c                ArmIsArchTimerImplemented
 .text.ArmWriteHcr
                0x0000000000022094        0x8 /home/core/edk2-dipper/workspace/Build/XiaomiMI8Pkg/DEBUG_GCC5/AARCH64/ArmPkg/Library/ArmLib/ArmBaseLib/OUTPUT/ArmBaseLib.lib(AArch64Support.obj)
                0x0000000000022094                ArmWriteHcr
 .text.ArmReadHcr
                0x000000000002209c        0x8 /home/core/edk2-dipper/workspace/Build/XiaomiMI8Pkg/DEBUG_GCC5/AARCH64/ArmPkg/Library/ArmLib/ArmBaseLib/OUTPUT/ArmBaseLib.lib(AArch64Support.obj)
                0x000000000002209c                ArmReadHcr
 .text.ArmReadCurrentEL
                0x00000000000220a4        0x8 /home/core/edk2-dipper/workspace/Build/XiaomiMI8Pkg/DEBUG_GCC5/AARCH64/ArmPkg/Library/ArmLib/ArmBaseLib/OUTPUT/ArmBaseLib.lib(AArch64Support.obj)
                0x00000000000220a4                ArmReadCurrentEL
 .text.ArmReadCntFrq
                0x00000000000220ac        0x8 /home/core/edk2-dipper/workspace/Build/XiaomiMI8Pkg/DEBUG_GCC5/AARCH64/ArmPkg/Library/ArmLib/ArmBaseLib/OUTPUT/ArmBaseLib.lib(AArch64ArchTimerSupport.obj)
                0x00000000000220ac                ArmReadCntFrq
 .text.ArmReadCntPct
                0x00000000000220b4        0x8 /home/core/edk2-dipper/workspace/Build/XiaomiMI8Pkg/DEBUG_GCC5/AARCH64/ArmPkg/Library/ArmLib/ArmBaseLib/OUTPUT/ArmBaseLib.lib(AArch64ArchTimerSupport.obj)
                0x00000000000220b4                ArmReadCntPct
 *(.rodata .rodata.* .gnu.linkonce.r.*)
 .rodata.CoreLoadImage
                0x00000000000220bc        0x8 /tmp/cctaPP2R.ltrans0.ltrans.o
 .rodata._ModuleEntryPoint
                0x00000000000220c4        0x7 /tmp/cctaPP2R.ltrans0.ltrans.o
 .rodata.CloseSectionStream.str1.1
                0x00000000000220cb       0x4e /tmp/cctaPP2R.ltrans0.ltrans.o
 .rodata.CoreAcquireLock.str1.1
                0x0000000000022119       0x1e /tmp/cctaPP2R.ltrans0.ltrans.o
 .rodata.CoreAcquireLockOrFail.str1.1
                0x0000000000022137       0x23 /tmp/cctaPP2R.ltrans0.ltrans.o
 .rodata.CoreConnectController.str1.1
                0x000000000002215a       0x3c /tmp/cctaPP2R.ltrans0.ltrans.o
 .rodata.CoreDisconnectController.str1.1
                0x0000000000022196       0x3b /tmp/cctaPP2R.ltrans0.ltrans.o
 .rodata.CoreDumpGcdIoSpaceMap.str1.1
                0x00000000000221d1       0xeb /tmp/cctaPP2R.ltrans0.ltrans.o
                                         0xed (size before relaxing)
 .rodata.CoreDumpGcdMemorySpaceMap.str1.1
                0x00000000000222bc      0x113 /tmp/cctaPP2R.ltrans0.ltrans.o
 .rodata.CoreExit.str1.1
                0x00000000000223cf       0x23 /tmp/cctaPP2R.ltrans0.ltrans.o
 .rodata.CoreExitBootServices.str1.1
                0x00000000000223f2       0xbd /tmp/cctaPP2R.ltrans0.ltrans.o
 .rodata.CoreFindProtocolEntry.str1.1
                0x00000000000224af       0x6b /tmp/cctaPP2R.ltrans0.ltrans.o
 .rodata.CoreGetMemoryMapWithSeparatedImageSection.part.1.str1.1
                0x000000000002251a       0x33 /tmp/cctaPP2R.ltrans0.ltrans.o
 .rodata.CoreGetNextLocateByProtocol.str1.1
                0x000000000002254d       0x34 /tmp/cctaPP2R.ltrans0.ltrans.o
 .rodata.CoreGetNextLocateByRegisterNotify.str1.1
                0x0000000000022581       0x4f /tmp/cctaPP2R.ltrans0.ltrans.o
 .rodata.CoreInstallProtocolInterfaceNotify.part.2.str1.1
                0x00000000000225d0       0xd4 /tmp/cctaPP2R.ltrans0.ltrans.o
 .rodata.CoreLoadImage.str1.1
                0x00000000000226a4      0x1d9 /tmp/cctaPP2R.ltrans0.ltrans.o
 .rodata.CoreLoadedImageInfo.str1.1
                0x000000000002287d       0x2c /tmp/cctaPP2R.ltrans0.ltrans.o
 .rodata.CoreLocateDevicePath.str1.1
                0x00000000000228a9       0x63 /tmp/cctaPP2R.ltrans0.ltrans.o
                                         0x78 (size before relaxing)
 .rodata.CoreLocateHandle.str1.1
                0x000000000002290c       0x32 /tmp/cctaPP2R.ltrans0.ltrans.o
 .rodata.CoreOpenProtocolInformation.str1.1
                0x000000000002293e       0x2a /tmp/cctaPP2R.ltrans0.ltrans.o
 .rodata.CoreReadImageFile.str1.1
                0x0000000000022968       0x7e /tmp/cctaPP2R.ltrans0.ltrans.o
 .rodata.CoreReleaseLock.str1.1
                0x00000000000229e6       0x56 /tmp/cctaPP2R.ltrans0.ltrans.o
 .rodata.CoreRemoveInterfaceFromProtocol.str1.1
                0x0000000000022a3c       0x34 /tmp/cctaPP2R.ltrans0.ltrans.o
 .rodata.CoreStartImage.str1.1
                0x0000000000022a70       0xda /tmp/cctaPP2R.ltrans0.ltrans.o
                                         0xee (size before relaxing)
 .rodata.CoreUnloadAndCloseImage.str1.1
                0x0000000000022b4a       0x9f /tmp/cctaPP2R.ltrans0.ltrans.o
 .rodata.CreateChildNode.str1.1
                0x0000000000022be9       0x1b /tmp/cctaPP2R.ltrans0.ltrans.o
                                         0x33 (size before relaxing)
 .rodata.CustomGuidedSectionExtract.str1.1
                0x0000000000022c04      0x103 /tmp/cctaPP2R.ltrans0.ltrans.o
 .rodata.DebugAssert.str1.1
                0x0000000000022d07       0x20 /tmp/cctaPP2R.ltrans0.ltrans.o
 .rodata.DebugClearMemory.str1.1
                0x0000000000022d27       0x41 /tmp/cctaPP2R.ltrans0.ltrans.o
                                         0x58 (size before relaxing)
 .rodata.DisableNullDetectionAtTheEndOfDxe.str1.1
                0x0000000000022d68       0xcb /tmp/cctaPP2R.ltrans0.ltrans.o
 .rodata.FindStreamNode.part.3.str1.1
                0x0000000000022e33       0x50 /tmp/cctaPP2R.ltrans0.ltrans.o
 *fill*         0x0000000000022e83        0x1 
 .rodata.GetMachineTypeName.str2.2
                0x0000000000022e84       0x14 /tmp/cctaPP2R.ltrans0.ltrans.o
 .rodata.InstallMemoryAttributesTable.str1.1
                0x0000000000022e98      0x1e2 /tmp/cctaPP2R.ltrans0.ltrans.o
 .rodata.IsImageRecordCodeSectionValid.str1.1
                0x000000000002307a       0x1f /tmp/cctaPP2R.ltrans0.ltrans.o
 .rodata.MemoryProtectionCpuArchProtocolNotify.str1.1
                0x0000000000023099       0xa5 /tmp/cctaPP2R.ltrans0.ltrans.o
 .rodata.NotifyGuidedExtraction.str1.1
                0x000000000002313e       0x28 /tmp/cctaPP2R.ltrans0.ltrans.o
 .rodata.PeCoffEmuProtocolNotify.str1.1
                0x0000000000023166       0x28 /tmp/cctaPP2R.ltrans0.ltrans.o
                                         0x16 (size before relaxing)
 .rodata.ProcessLibraryConstructorList.str1.1
                0x0000000000023166      0x218 /tmp/cctaPP2R.ltrans0.ltrans.o
 .rodata.ProtectUefiImage.str1.1
                0x000000000002337e      0x311 /tmp/cctaPP2R.ltrans0.ltrans.o
 .rodata.SetMemoryAttributesTableSectionAlignment.str1.1
                0x000000000002368f       0x32 /tmp/cctaPP2R.ltrans0.ltrans.o
 .rodata.SetUefiImageMemoryAttributes.str1.1
                0x00000000000236c1       0x54 /tmp/cctaPP2R.ltrans0.ltrans.o
 .rodata.SortImageRecordCodeSection.str1.1
                0x0000000000023715       0x43 /tmp/cctaPP2R.ltrans0.ltrans.o
 .rodata._ModuleEntryPoint.str1.1
                0x0000000000023758      0x6f3 /tmp/cctaPP2R.ltrans0.ltrans.o
                                        0x6f9 (size before relaxing)
 .rodata.__FUNCTION__.18298
                0x0000000000023e4b       0x19 /tmp/cctaPP2R.ltrans0.ltrans.o
 .rodata.__stack_chk_fail.str1.1
                0x0000000000023e64       0x2e /tmp/cctaPP2R.ltrans0.ltrans.o
 *fill*         0x0000000000023e92        0x6 
 .rodata.mMachineTypeInfo
                0x0000000000023e98       0x50 /tmp/cctaPP2R.ltrans0.ltrans.o
 .rodata.mMissingProtocols
                0x0000000000023ee8       0xe0 /tmp/cctaPP2R.ltrans0.ltrans.o
 .rodata.str1.1
                0x0000000000023fc8       0x7a /tmp/cctaPP2R.ltrans0.ltrans.o
                                         0x81 (size before relaxing)
 .rodata.str2.2
                0x0000000000024042       0x34 /tmp/cctaPP2R.ltrans0.ltrans.o
 *fill*         0x0000000000024076        0x2 
 .rodata.PeCoffLoaderRelocateImage
                0x0000000000024078        0xb /tmp/cctaPP2R.ltrans1.ltrans.o
 *fill*         0x0000000000024083        0x1 
 .rodata.CommonCExceptionHandler
                0x0000000000024084       0x11 /tmp/cctaPP2R.ltrans1.ltrans.o
 *fill*         0x0000000000024095        0x3 
 .rodata.DevPathToTextBBS
                0x0000000000024098        0x6 /tmp/cctaPP2R.ltrans1.ltrans.o
 *fill*         0x000000000002409e        0x2 
 .rodata.DevPathToTextUart
                0x00000000000240a0        0x4 /tmp/cctaPP2R.ltrans1.ltrans.o
 .rodata.AsciiPrint.str1.1
                0x00000000000240a4       0x4e /tmp/cctaPP2R.ltrans1.ltrans.o
 .rodata.AsciiStrCmp.str1.1
                0x00000000000240f2       0x37 /tmp/cctaPP2R.ltrans1.ltrans.o
 .rodata.AsciiStrLen.str1.1
                0x0000000000024129       0x38 /tmp/cctaPP2R.ltrans1.ltrans.o
 .rodata.AsciiStrnCpyS.str1.1
                0x0000000000024161      0x166 /tmp/cctaPP2R.ltrans1.ltrans.o
 .rodata.BasePrintLibSPrintMarker.constprop.66.str1.1
                0x00000000000242c7      0x27c /tmp/cctaPP2R.ltrans1.ltrans.o
                                        0x27f (size before relaxing)
 *fill*         0x0000000000024543        0x5 
 .rodata.CSWTCH.10
                0x0000000000024548      0x1b8 /tmp/cctaPP2R.ltrans1.ltrans.o
 .rodata.CSWTCH.42
                0x0000000000024700        0x6 /tmp/cctaPP2R.ltrans1.ltrans.o
 .rodata.CalculateSum16.str1.1
                0x0000000000024706       0x9b /tmp/cctaPP2R.ltrans1.ltrans.o
 *fill*         0x00000000000247a1        0x1 
 .rodata.CatIPv4Address.str2.2
                0x00000000000247a2       0x18 /tmp/cctaPP2R.ltrans1.ltrans.o
 .rodata.CatIPv6Address.str2.2
                0x00000000000247ba       0x90 /tmp/cctaPP2R.ltrans1.ltrans.o
 .rodata.CatNetworkProtocol.str2.2
                0x000000000002484a        0x8 /tmp/cctaPP2R.ltrans1.ltrans.o
                                         0x12 (size before relaxing)
 .rodata.CommonCExceptionHandler.str1.1
                0x0000000000024852      0x685 /tmp/cctaPP2R.ltrans1.ltrans.o
                                        0x6a2 (size before relaxing)
 .rodata.CompareGuid.str1.1
                0x0000000000024ed7       0x2c /tmp/cctaPP2R.ltrans1.ltrans.o
 .rodata.CompareMem.str1.1
                0x0000000000024f03       0x86 /tmp/cctaPP2R.ltrans1.ltrans.o
 .rodata.CopyGuid.str1.1
                0x0000000000024f89       0x3b /tmp/cctaPP2R.ltrans1.ltrans.o
 .rodata.CopyMem.str1.1
                0x0000000000024fc4       0xc5 /tmp/cctaPP2R.ltrans1.ltrans.o
 .rodata.CoreNewDebugImageInfoEntry.constprop.37.str1.1
                0x0000000000025089       0x19 /tmp/cctaPP2R.ltrans1.ltrans.o
                                         0x55 (size before relaxing)
 .rodata.Crc32GuidedSectionHandler.str1.1
                0x00000000000250a2       0xe6 /tmp/cctaPP2R.ltrans1.ltrans.o
 .rodata.CreatePerformanceMeasurement.str1.1
                0x0000000000025188       0x50 /tmp/cctaPP2R.ltrans1.ltrans.o
 .rodata.CreatePerformanceMeasurement.str2.2
                0x00000000000251d8        0x4 /tmp/cctaPP2R.ltrans1.ltrans.o
 .rodata.DeCygwinPathIfNeeded.constprop.40.str1.1
                0x00000000000251dc       0x47 /tmp/cctaPP2R.ltrans1.ltrans.o
 .rodata.DescribeInstructionOrDataAbort.str1.1
                0x0000000000025223        0x9 /tmp/cctaPP2R.ltrans1.ltrans.o
                                          0xa (size before relaxing)
 .rodata.DevPathRelativeOffsetRange.str2.2
                0x000000000002522c       0x28 /tmp/cctaPP2R.ltrans1.ltrans.o
 .rodata.DevPathToText1394.str2.2
                0x0000000000025254       0x1c /tmp/cctaPP2R.ltrans1.ltrans.o
 .rodata.DevPathToTextAcpi.str2.2
                0x0000000000025270       0xc2 /tmp/cctaPP2R.ltrans1.ltrans.o
 .rodata.DevPathToTextAcpiAdr.str2.2
                0x0000000000025332       0x26 /tmp/cctaPP2R.ltrans1.ltrans.o
 .rodata.DevPathToTextAcpiEx.str2.2
                0x0000000000025358      0x116 /tmp/cctaPP2R.ltrans1.ltrans.o
                                        0x132 (size before relaxing)
 .rodata.DevPathToTextAtapi.str2.2
                0x000000000002546e       0x72 /tmp/cctaPP2R.ltrans1.ltrans.o
 .rodata.DevPathToTextBBS.str2.2
                0x00000000000254e0       0x72 /tmp/cctaPP2R.ltrans1.ltrans.o
                                         0x80 (size before relaxing)
 .rodata.DevPathToTextBluetooth.str2.2
                0x0000000000025552       0x48 /tmp/cctaPP2R.ltrans1.ltrans.o
 .rodata.DevPathToTextBluetoothLE.str2.2
                0x000000000002559a       0x5a /tmp/cctaPP2R.ltrans1.ltrans.o
 .rodata.DevPathToTextBmc.str2.2
                0x00000000000255f4       0x20 /tmp/cctaPP2R.ltrans1.ltrans.o
 .rodata.DevPathToTextCDROM.str2.2
                0x0000000000025614       0x48 /tmp/cctaPP2R.ltrans1.ltrans.o
 .rodata.DevPathToTextController.str2.2
                0x000000000002565c       0x16 /tmp/cctaPP2R.ltrans1.ltrans.o
 .rodata.DevPathToTextDns.str2.2
                0x0000000000025672        0xa /tmp/cctaPP2R.ltrans1.ltrans.o
 .rodata.DevPathToTextEmmc.str2.2
                0x000000000002567c       0x16 /tmp/cctaPP2R.ltrans1.ltrans.o
 .rodata.DevPathToTextFibre.str2.2
                0x0000000000025692       0x26 /tmp/cctaPP2R.ltrans1.ltrans.o
 .rodata.DevPathToTextFibreEx.str2.2
                0x00000000000256b8       0x16 /tmp/cctaPP2R.ltrans1.ltrans.o
 .rodata.DevPathToTextFilePath.str2.2
                0x00000000000256ce        0x6 /tmp/cctaPP2R.ltrans1.ltrans.o
 .rodata.DevPathToTextFv.str2.2
                0x00000000000256d4        0xe /tmp/cctaPP2R.ltrans1.ltrans.o
 .rodata.DevPathToTextFvFile.str2.2
                0x00000000000256e2       0x16 /tmp/cctaPP2R.ltrans1.ltrans.o
 .rodata.DevPathToTextHardDrive.str2.2
                0x00000000000256f8       0x64 /tmp/cctaPP2R.ltrans1.ltrans.o
                                         0x7e (size before relaxing)
 .rodata.DevPathToTextI2O.str2.2
                0x000000000002575c       0x14 /tmp/cctaPP2R.ltrans1.ltrans.o
 .rodata.DevPathToTextIPv4.str2.2
                0x0000000000025770       0x24 /tmp/cctaPP2R.ltrans1.ltrans.o
 .rodata.DevPathToTextIPv6.str2.2
                0x0000000000025794       0x80 /tmp/cctaPP2R.ltrans1.ltrans.o
                                         0x8e (size before relaxing)
 .rodata.DevPathToTextInfiniBand.str2.2
                0x0000000000025814       0x4c /tmp/cctaPP2R.ltrans1.ltrans.o
 .rodata.DevPathToTextLogicalUnit.str2.2
                0x0000000000025860       0x16 /tmp/cctaPP2R.ltrans1.ltrans.o
 .rodata.DevPathToTextMacAddr.str2.2
                0x0000000000025876        0xa /tmp/cctaPP2R.ltrans1.ltrans.o
 .rodata.DevPathToTextMediaProtocol.str2.2
                0x0000000000025880       0x14 /tmp/cctaPP2R.ltrans1.ltrans.o
 .rodata.DevPathToTextMemMap.str2.2
                0x0000000000025894       0x3e /tmp/cctaPP2R.ltrans1.ltrans.o
 .rodata.DevPathToTextNVMe.str2.2
                0x00000000000258d2       0x66 /tmp/cctaPP2R.ltrans1.ltrans.o
 .rodata.DevPathToTextNodeGeneric.str2.2
                0x0000000000025938       0x22 /tmp/cctaPP2R.ltrans1.ltrans.o
                                         0x34 (size before relaxing)
 .rodata.DevPathToTextPccard.str2.2
                0x000000000002595a       0x1a /tmp/cctaPP2R.ltrans1.ltrans.o
 .rodata.DevPathToTextPci.str2.2
                0x0000000000025974       0x1e /tmp/cctaPP2R.ltrans1.ltrans.o
 .rodata.DevPathToTextRamDisk.str2.2
                0x0000000000025992       0xca /tmp/cctaPP2R.ltrans1.ltrans.o
                                        0x136 (size before relaxing)
 .rodata.DevPathToTextSasEx.str2.2
                0x0000000000025a5c       0xb4 /tmp/cctaPP2R.ltrans1.ltrans.o
                                         0xc0 (size before relaxing)
 .rodata.DevPathToTextSata.str2.2
                0x0000000000025b10       0x2a /tmp/cctaPP2R.ltrans1.ltrans.o
 .rodata.DevPathToTextScsi.str2.2
                0x0000000000025b3a       0x20 /tmp/cctaPP2R.ltrans1.ltrans.o
 .rodata.DevPathToTextSd.str2.2
                0x0000000000025b5a       0x12 /tmp/cctaPP2R.ltrans1.ltrans.o
 .rodata.DevPathToTextUart.str2.2
                0x0000000000025b6c       0x5c /tmp/cctaPP2R.ltrans1.ltrans.o
                                         0x74 (size before relaxing)
 .rodata.DevPathToTextUfs.str2.2
                0x0000000000025bc8       0x1e /tmp/cctaPP2R.ltrans1.ltrans.o
 .rodata.DevPathToTextUri.str1.1
                0x0000000000025be6       0x17 /tmp/cctaPP2R.ltrans1.ltrans.o
 *fill*         0x0000000000025bfd        0x1 
 .rodata.DevPathToTextUri.str2.2
                0x0000000000025bfe       0x10 /tmp/cctaPP2R.ltrans1.ltrans.o
 .rodata.DevPathToTextUsb.str2.2
                0x0000000000025c0e       0x1e /tmp/cctaPP2R.ltrans1.ltrans.o
 .rodata.DevPathToTextUsbClass.str2.2
                0x0000000000025c2c      0x250 /tmp/cctaPP2R.ltrans1.ltrans.o
 .rodata.DevPathToTextUsbWWID.str1.1
                0x0000000000025e7c       0x17 /tmp/cctaPP2R.ltrans1.ltrans.o
 *fill*         0x0000000000025e93        0x1 
 .rodata.DevPathToTextUsbWWID.str2.2
                0x0000000000025e94       0x3a /tmp/cctaPP2R.ltrans1.ltrans.o
 .rodata.DevPathToTextVendor.str2.2
                0x0000000000025ece      0x154 /tmp/cctaPP2R.ltrans1.ltrans.o
                                        0x166 (size before relaxing)
 .rodata.DevPathToTextVlan.str2.2
                0x0000000000026022       0x12 /tmp/cctaPP2R.ltrans1.ltrans.o
 .rodata.DevPathToTextWiFi.str2.2
                0x0000000000026034       0x14 /tmp/cctaPP2R.ltrans1.ltrans.o
 .rodata.DevPathToTextiSCSI.str2.2
                0x0000000000026048       0x76 /tmp/cctaPP2R.ltrans1.ltrans.o
                                         0x90 (size before relaxing)
 .rodata.DevicePathSubType.str1.1
                0x00000000000260be       0x5c /tmp/cctaPP2R.ltrans1.ltrans.o
 .rodata.DivU64x32Remainder.str1.1
                0x00000000000260be       0x49 /tmp/cctaPP2R.ltrans1.ltrans.o
 .rodata.EfiCreateProtocolNotifyEvent.str1.1
                0x0000000000026107       0x4e /tmp/cctaPP2R.ltrans1.ltrans.o
                                         0x83 (size before relaxing)
 .rodata.EfiGetNameGuidFromFwVolDevicePathNode.str1.1
                0x0000000000026155       0x57 /tmp/cctaPP2R.ltrans1.ltrans.o
 .rodata.EfiGetSystemConfigurationTable.str1.1
                0x00000000000261ac       0x1a /tmp/cctaPP2R.ltrans1.ltrans.o
 .rodata.FindChildNode.constprop.3.str1.1
                0x00000000000261c6       0x4c /tmp/cctaPP2R.ltrans1.ltrans.o
                                         0xb1 (size before relaxing)
 .rodata.FreePool.str1.1
                0x0000000000026212       0x56 /tmp/cctaPP2R.ltrans1.ltrans.o
 .rodata.GetEfiGlobalVariable2.constprop.56.str1.1
                0x0000000000026268       0x17 /tmp/cctaPP2R.ltrans1.ltrans.o
 *fill*         0x000000000002627f        0x1 
 .rodata.GetEfiGlobalVariable2.constprop.56.str2.2
                0x0000000000026280       0x1a /tmp/cctaPP2R.ltrans1.ltrans.o
 .rodata.GetHobList.str1.1
                0x000000000002629a       0x19 /tmp/cctaPP2R.ltrans1.ltrans.o
 .rodata.GetModuleInfoFromHandle.constprop.50.str1.1
                0x00000000000262b3       0x19 /tmp/cctaPP2R.ltrans1.ltrans.o
                                         0x1c (size before relaxing)
 .rodata.GetNextHob.str1.1
                0x00000000000262b3       0x4f /tmp/cctaPP2R.ltrans1.ltrans.o
 .rodata.GetTimeInNanoSecond.str1.1
                0x0000000000026302       0x33 /tmp/cctaPP2R.ltrans1.ltrans.o
 .rodata.InitializeCpuExceptionHandlersEx.constprop.8.str1.1
                0x0000000000026335       0x86 /tmp/cctaPP2R.ltrans1.ltrans.o
 .rodata.InitializeListHead.str1.1
                0x00000000000263bb       0x19 /tmp/cctaPP2R.ltrans1.ltrans.o
 .rodata.InternalAllocateCopyPool.str1.1
                0x00000000000263d4       0x3f /tmp/cctaPP2R.ltrans1.ltrans.o
 .rodata.InternalBaseLibIsListValid.str1.1
                0x0000000000026413       0x75 /tmp/cctaPP2R.ltrans1.ltrans.o
                                         0x8a (size before relaxing)
 .rodata.InternalGetSectionFromFv.constprop.55.str1.1
                0x0000000000026488       0x58 /tmp/cctaPP2R.ltrans1.ltrans.o
 .rodata.IsKnownTokens.str1.1
                0x00000000000264e0       0x43 /tmp/cctaPP2R.ltrans1.ltrans.o
                                         0x4b (size before relaxing)
 .rodata.IsListEmpty.str1.1
                0x0000000000026523       0x26 /tmp/cctaPP2R.ltrans1.ltrans.o
 .rodata.IsNodeInList.str1.1
                0x0000000000026549       0x44 /tmp/cctaPP2R.ltrans1.ltrans.o
 .rodata.IsNull.str1.1
                0x000000000002658d       0x22 /tmp/cctaPP2R.ltrans1.ltrans.o
 .rodata.IsZeroGuid.str1.1
                0x00000000000265af       0x44 /tmp/cctaPP2R.ltrans1.ltrans.o
                                         0x59 (size before relaxing)
 .rodata.LShiftU64.str1.1
                0x00000000000265f3       0x3e /tmp/cctaPP2R.ltrans1.ltrans.o
 .rodata.LongJump.constprop.28.str1.1
                0x0000000000026631       0x6f /tmp/cctaPP2R.ltrans1.ltrans.o
 .rodata.Message.12513
                0x00000000000266a0       0x3b /tmp/cctaPP2R.ltrans1.ltrans.o
 .rodata.PeCoffGetSizeOfHeaders.str1.1
                0x00000000000266db       0x69 /tmp/cctaPP2R.ltrans1.ltrans.o
 .rodata.PeCoffLoaderImageReadFromMemory.str1.1
                0x0000000000026744       0x6e /tmp/cctaPP2R.ltrans1.ltrans.o
 .rodata.PeCoffLoaderLoadImage.str1.1
                0x00000000000267b2       0x1d /tmp/cctaPP2R.ltrans1.ltrans.o
 .rodata.PeCoffLoaderRelocateImage.str1.1
                0x00000000000267cf       0x51 /tmp/cctaPP2R.ltrans1.ltrans.o
 .rodata.PeCoffLoaderRelocateImageExtraAction.str1.1
                0x0000000000026820       0x45 /tmp/cctaPP2R.ltrans1.ltrans.o
 .rodata.PeCoffLoaderUnloadImageExtraAction.str1.1
                0x0000000000026865       0x3a /tmp/cctaPP2R.ltrans1.ltrans.o
 .rodata.RShiftU64.str1.1
                0x000000000002689f       0x33 /tmp/cctaPP2R.ltrans1.ltrans.o
 .rodata.RemoveEntryList.str1.1
                0x00000000000268d2       0x15 /tmp/cctaPP2R.ltrans1.ltrans.o
 .rodata.ReportFpdtRecordBuffer.str1.1
                0x00000000000268e7      0x123 /tmp/cctaPP2R.ltrans1.ltrans.o
                                        0x176 (size before relaxing)
 .rodata.ReportFpdtRecordBuffer.str2.2
                0x0000000000026a0a       0x28 /tmp/cctaPP2R.ltrans1.ltrans.o
 .rodata.ReportStatusCodeEx.constprop.30.str1.1
                0x0000000000026a32       0x8f /tmp/cctaPP2R.ltrans1.ltrans.o
 .rodata.ReportStatusCodeWithExtendedData.constprop.29.str1.1
                0x0000000000026ac1       0x1d /tmp/cctaPP2R.ltrans1.ltrans.o
 .rodata.SPrintLength.str1.1
                0x0000000000026ade       0x5e /tmp/cctaPP2R.ltrans1.ltrans.o
 .rodata.SetMem.str1.1
                0x0000000000026b3c       0x43 /tmp/cctaPP2R.ltrans1.ltrans.o
 .rodata.SetMem16.part.0.str1.1
                0x0000000000026b7f       0xab /tmp/cctaPP2R.ltrans1.ltrans.o
 .rodata.SetMem64.str1.1
                0x0000000000026c2a       0x45 /tmp/cctaPP2R.ltrans1.ltrans.o
 .rodata.StrSize.str1.1
                0x0000000000026c6f       0x81 /tmp/cctaPP2R.ltrans1.ltrans.o
 .rodata.StrnLenS.str1.1
                0x0000000000026cf0       0x23 /tmp/cctaPP2R.ltrans1.ltrans.o
 .rodata.TimerConstructor.str1.1
                0x0000000000026d13       0xbe /tmp/cctaPP2R.ltrans1.ltrans.o
                                         0xc0 (size before relaxing)
 .rodata.UefiDecompress.str1.1
                0x0000000000026dd1       0x34 /tmp/cctaPP2R.ltrans1.ltrans.o
 .rodata.UefiDecompressGetInfo.str1.1
                0x0000000000026e05       0xa0 /tmp/cctaPP2R.ltrans1.ltrans.o
 .rodata.UefiDevicePathLibCatPrint.str1.1
                0x0000000000026ea5       0x5d /tmp/cctaPP2R.ltrans1.ltrans.o
 .rodata.UnicodeSPrint.constprop.1.str2.2
                0x0000000000026f02       0x16 /tmp/cctaPP2R.ltrans1.ltrans.o
 .rodata.UnicodeStrToAsciiStrS.str1.1
                0x0000000000026f18       0x99 /tmp/cctaPP2R.ltrans1.ltrans.o
 .rodata.UnicodeVSPrintAsciiFormat.str1.1
                0x0000000000026fb1       0x28 /tmp/cctaPP2R.ltrans1.ltrans.o
 .rodata.WriteUnaligned16.str1.1
                0x0000000000026fd9       0x37 /tmp/cctaPP2R.ltrans1.ltrans.o
                                         0x4e (size before relaxing)
 .rodata.ZeroMem.str1.1
                0x0000000000027010       0x7a /tmp/cctaPP2R.ltrans1.ltrans.o
 *fill*         0x000000000002708a        0x6 
 .rodata.gExceptionHandlers
                0x0000000000027090       0x20 /tmp/cctaPP2R.ltrans1.ltrans.o
 .rodata.gExceptionTypeString
                0x00000000000270b0       0x20 /tmp/cctaPP2R.ltrans1.ltrans.o
 .rodata.mHexStr
                0x00000000000270d0       0x10 /tmp/cctaPP2R.ltrans1.ltrans.o
 .rodata.mStatusString
                0x00000000000270e0      0x138 /tmp/cctaPP2R.ltrans1.ltrans.o
 .rodata.mUefiDevicePathLibEndDevicePath
                0x0000000000027218        0x4 /tmp/cctaPP2R.ltrans1.ltrans.o
 *fill*         0x000000000002721c        0x4 
 .rodata.mUefiDevicePathLibToTextTable
                0x0000000000027220      0x320 /tmp/cctaPP2R.ltrans1.ltrans.o
 .rodata.mUefiDevicePathLibToTextTableGeneric
                0x0000000000027540       0x60 /tmp/cctaPP2R.ltrans1.ltrans.o
 .rodata.str1.1
                0x00000000000275a0      0x759 /tmp/cctaPP2R.ltrans1.ltrans.o
                                        0x76a (size before relaxing)
 *fill*         0x0000000000027cf9        0x1 
 .rodata.str2.2
                0x0000000000027cfa       0x50 /tmp/cctaPP2R.ltrans1.ltrans.o
 .rodata.ClearGuardedMemoryBits.str1.1