Archive member included to satisfy reference by file (symbol)

/home/core/edk2-dipper/workspace/Build/XiaomiMI8Pkg/DEBUG_GCC5/AARCH64/ArmPkg/Library/CompilerIntrinsicsLib/CompilerIntrinsicsLib/OUTPUT/CompilerIntrinsicsLib.lib(memcpy.obj)
                              /home/core/edk2/ArmPkg/Library/GccLto/liblto-aarch64.a (memcpy)
/home/core/edk2-dipper/workspace/Build/XiaomiMI8Pkg/DEBUG_GCC5/AARCH64/ArmPkg/Library/CompilerIntrinsicsLib/CompilerIntrinsicsLib/OUTPUT/CompilerIntrinsicsLib.lib(memset.obj)
                              /home/core/edk2/ArmPkg/Library/GccLto/liblto-aarch64.a (memset)
/home/core/edk2-dipper/workspace/Build/XiaomiMI8Pkg/DEBUG_GCC5/AARCH64/MdePkg/Library/UefiDriverEntryPoint/UefiDriverEntryPoint/OUTPUT/UefiDriverEntryPoint.lib(DriverEntryPoint.obj)
                              (_ModuleEntryPoint)
/home/core/edk2-dipper/workspace/Build/XiaomiMI8Pkg/DEBUG_GCC5/AARCH64/MdePkg/Library/BaseStackCheckLib/BaseStackCheckLib/OUTPUT/BaseStackCheckLib.lib(BaseStackCheckGcc.obj)
                              /home/core/edk2/ArmPkg/Library/GccLto/liblto-aarch64.a (__stack_chk_fail)
/home/core/edk2-dipper/workspace/Build/XiaomiMI8Pkg/DEBUG_GCC5/AARCH64/MdeModulePkg/Core/RuntimeDxe/RuntimeDxe/OUTPUT/RuntimeDxe.lib(AutoGen.obj)
                              DriverEntryPoint.obj (symbol from plugin) (ProcessLibraryConstructorList)
/home/core/edk2-dipper/workspace/Build/XiaomiMI8Pkg/DEBUG_GCC5/AARCH64/MdeModulePkg/Core/RuntimeDxe/RuntimeDxe/OUTPUT/RuntimeDxe.lib(Runtime.obj)
                              AutoGen.obj (symbol from plugin) (RuntimeDriverInitialize)
/home/core/edk2-dipper/workspace/Build/XiaomiMI8Pkg/DEBUG_GCC5/AARCH64/MdeModulePkg/Core/RuntimeDxe/RuntimeDxe/OUTPUT/RuntimeDxe.lib(Crc32.obj)
                              Runtime.obj (symbol from plugin) (RuntimeDriverCalculateCrc32)
/home/core/edk2-dipper/workspace/Build/XiaomiMI8Pkg/DEBUG_GCC5/AARCH64/MdePkg/Library/BaseLib/BaseLib/OUTPUT/BaseLib.lib(CheckSum.obj)
                              Crc32.obj (symbol from plugin) (CalculateCrc32)
/home/core/edk2-dipper/workspace/Build/XiaomiMI8Pkg/DEBUG_GCC5/AARCH64/MdePkg/Library/BaseLib/BaseLib/OUTPUT/BaseLib.lib(CpuDeadLoop.obj)
                              BaseStackCheckGcc.obj (symbol from plugin) (CpuDeadLoop)
/home/core/edk2-dipper/workspace/Build/XiaomiMI8Pkg/DEBUG_GCC5/AARCH64/MdePkg/Library/BaseLib/BaseLib/OUTPUT/BaseLib.lib(CpuBreakpoint.obj)
                              BaseStackCheckGcc.obj (symbol from plugin) (CpuBreakpoint)
/home/core/edk2-dipper/workspace/Build/XiaomiMI8Pkg/DEBUG_GCC5/AARCH64/ArmPkg/Library/ArmCacheMaintenanceLib/ArmCacheMaintenanceLib/OUTPUT/ArmCacheMaintenanceLib.lib(ArmCacheMaintenanceLib.obj)
                              Runtime.obj (symbol from plugin) (InvalidateInstructionCacheRange)
/home/core/edk2-dipper/workspace/Build/XiaomiMI8Pkg/DEBUG_GCC5/AARCH64/MdePkg/Library/DxeRuntimeDebugLibSerialPort/DxeRuntimeDebugLibSerialPort/OUTPUT/DxeRuntimeDebugLibSerialPort.lib(DebugLib.obj)
                              AutoGen.obj (symbol from plugin) (DxeRuntimeDebugLibSerialPortConstructor)
/home/core/edk2-dipper/workspace/Build/XiaomiMI8Pkg/DEBUG_GCC5/AARCH64/MdePkg/Library/UefiBootServicesTableLib/UefiBootServicesTableLib/OUTPUT/UefiBootServicesTableLib.lib(UefiBootServicesTableLib.obj)
                              AutoGen.obj (symbol from plugin) (UefiBootServicesTableLibConstructor)
/home/core/edk2-dipper/workspace/Build/XiaomiMI8Pkg/DEBUG_GCC5/AARCH64/MdePkg/Library/UefiRuntimeServicesTableLib/UefiRuntimeServicesTableLib/OUTPUT/UefiRuntimeServicesTableLib.lib(UefiRuntimeServicesTableLib.obj)
                              AutoGen.obj (symbol from plugin) (UefiRuntimeServicesTableLibConstructor)
/home/core/edk2-dipper/workspace/Build/XiaomiMI8Pkg/DEBUG_GCC5/AARCH64/MdePkg/Library/UefiLib/UefiLib/OUTPUT/UefiLib.lib(UefiLib.obj)
                              AutoGen.obj (symbol from plugin) (UefiLibConstructor)
/home/core/edk2-dipper/workspace/Build/XiaomiMI8Pkg/DEBUG_GCC5/AARCH64/MdePkg/Library/DxeHobLib/DxeHobLib/OUTPUT/DxeHobLib.lib(HobLib.obj)
                              AutoGen.obj (symbol from plugin) (HobLibConstructor)
/home/core/edk2-dipper/workspace/Build/XiaomiMI8Pkg/DEBUG_GCC5/AARCH64/MdePkg/Library/UefiRuntimeLib/UefiRuntimeLib/OUTPUT/UefiRuntimeLib.lib(RuntimeLib.obj)
                              AutoGen.obj (symbol from plugin) (RuntimeDriverLibConstruct)
/home/core/edk2-dipper/workspace/Build/XiaomiMI8Pkg/DEBUG_GCC5/AARCH64/MdePkg/Library/BasePeCoffLib/BasePeCoffLib/OUTPUT/BasePeCoffLib.lib(BasePeCoff.obj)
                              Runtime.obj (symbol from plugin) (PeCoffLoaderRelocateImageForRuntime)
/home/core/edk2-dipper/workspace/Build/XiaomiMI8Pkg/DEBUG_GCC5/AARCH64/MdePkg/Library/BasePeCoffLib/BasePeCoffLib/OUTPUT/BasePeCoffLib.lib(PeCoffLoaderEx.obj)
                              BasePeCoff.obj (symbol from plugin) (PeCoffLoaderRelocateImageEx)
/home/core/edk2-dipper/workspace/Build/XiaomiMI8Pkg/DEBUG_GCC5/AARCH64/MdeModulePkg/Library/RuntimeDxeReportStatusCodeLib/RuntimeDxeReportStatusCodeLib/OUTPUT/RuntimeDxeReportStatusCodeLib.lib(ReportStatusCodeLib.obj)
                              AutoGen.obj (symbol from plugin) (ReportStatusCodeLibConstructor)
/home/core/edk2-dipper/workspace/Build/XiaomiMI8Pkg/DEBUG_GCC5/AARCH64/MdePkg/Library/BaseMemoryLibOptDxe/BaseMemoryLibOptDxe/OUTPUT/BaseMemoryLibOptDxe.lib(MemLibGuid.obj)
                              ReportStatusCodeLib.obj (symbol from plugin) (CopyGuid)
/home/core/edk2-dipper/workspace/Build/XiaomiMI8Pkg/DEBUG_GCC5/AARCH64/MdePkg/Library/BaseMemoryLibOptDxe/BaseMemoryLibOptDxe/OUTPUT/BaseMemoryLibOptDxe.lib(ZeroMemWrapper.obj)
                              UefiLib.obj (symbol from plugin) (ZeroMem)
/home/core/edk2-dipper/workspace/Build/XiaomiMI8Pkg/DEBUG_GCC5/AARCH64/MdePkg/Library/BaseMemoryLibOptDxe/BaseMemoryLibOptDxe/OUTPUT/BaseMemoryLibOptDxe.lib(SetMemWrapper.obj)
                              DebugLib.obj (symbol from plugin) (SetMem)
/home/core/edk2-dipper/workspace/Build/XiaomiMI8Pkg/DEBUG_GCC5/AARCH64/MdePkg/Library/BaseMemoryLibOptDxe/BaseMemoryLibOptDxe/OUTPUT/BaseMemoryLibOptDxe.lib(CopyMemWrapper.obj)
                              UefiLib.obj (symbol from plugin) (CopyMem)
/home/core/edk2-dipper/workspace/Build/XiaomiMI8Pkg/DEBUG_GCC5/AARCH64/MdePkg/Library/BaseMemoryLibOptDxe/BaseMemoryLibOptDxe/OUTPUT/BaseMemoryLibOptDxe.lib(SetMem.obj)
                              ZeroMemWrapper.obj (symbol from plugin) (InternalMemZeroMem)
/home/core/edk2-dipper/workspace/Build/XiaomiMI8Pkg/DEBUG_GCC5/AARCH64/MdePkg/Library/BaseMemoryLibOptDxe/BaseMemoryLibOptDxe/OUTPUT/BaseMemoryLibOptDxe.lib(CopyMem.obj)
                              MemLibGuid.obj (symbol from plugin) (InternalMemCopyMem)
/home/core/edk2-dipper/workspace/Build/XiaomiMI8Pkg/DEBUG_GCC5/AARCH64/MdePkg/Library/BaseMemoryLibOptDxe/BaseMemoryLibOptDxe/OUTPUT/BaseMemoryLibOptDxe.lib(CompareGuid.obj)
                              MemLibGuid.obj (symbol from plugin) (InternalMemCompareGuid)
/home/core/edk2-dipper/workspace/Build/XiaomiMI8Pkg/DEBUG_GCC5/AARCH64/MdePkg/Library/BaseMemoryLibOptDxe/BaseMemoryLibOptDxe/OUTPUT/BaseMemoryLibOptDxe.lib(SetMem64Wrapper.obj)
                              SetMemWrapper.obj (symbol from plugin) (SetMem64)
/home/core/edk2-dipper/workspace/Build/XiaomiMI8Pkg/DEBUG_GCC5/AARCH64/MdePkg/Library/BaseLib/BaseLib/OUTPUT/BaseLib.lib(String.obj)
                              UefiLib.obj (symbol from plugin) (StrSize)
/home/core/edk2-dipper/workspace/Build/XiaomiMI8Pkg/DEBUG_GCC5/AARCH64/MdePkg/Library/BaseLib/BaseLib/OUTPUT/BaseLib.lib(Unaligned.obj)
                              UefiLib.obj (symbol from plugin) (ReadUnaligned24)
/home/core/edk2-dipper/workspace/Build/XiaomiMI8Pkg/DEBUG_GCC5/AARCH64/MdePkg/Library/BaseLib/BaseLib/OUTPUT/BaseLib.lib(RShiftU64.obj)
                              Unaligned.obj (symbol from plugin) (RShiftU64)
/home/core/edk2-dipper/workspace/Build/XiaomiMI8Pkg/DEBUG_GCC5/AARCH64/MdePkg/Library/BaseLib/BaseLib/OUTPUT/BaseLib.lib(LShiftU64.obj)
                              Unaligned.obj (symbol from plugin) (LShiftU64)
/home/core/edk2-dipper/workspace/Build/XiaomiMI8Pkg/DEBUG_GCC5/AARCH64/MdePkg/Library/BaseLib/BaseLib/OUTPUT/BaseLib.lib(SafeString.obj)
                              String.obj (symbol from plugin) (StrDecimalToUintnS)
/home/core/edk2-dipper/workspace/Build/XiaomiMI8Pkg/DEBUG_GCC5/AARCH64/MdePkg/Library/BaseLib/BaseLib/OUTPUT/BaseLib.lib(Math64.obj)
                              LShiftU64.obj (symbol from plugin) (InternalMathLShiftU64)
/home/core/edk2-dipper/workspace/Build/XiaomiMI8Pkg/DEBUG_GCC5/AARCH64/MdePkg/Library/BaseLib/BaseLib/OUTPUT/BaseLib.lib(SwapBytes32.obj)
                              SafeString.obj (symbol from plugin) (SwapBytes32)
/home/core/edk2-dipper/workspace/Build/XiaomiMI8Pkg/DEBUG_GCC5/AARCH64/MdePkg/Library/BaseLib/BaseLib/OUTPUT/BaseLib.lib(SwapBytes16.obj)
                              SafeString.obj (symbol from plugin) (SwapBytes16)
/home/core/edk2-dipper/workspace/Build/XiaomiMI8Pkg/DEBUG_GCC5/AARCH64/MdePkg/Library/BaseLib/BaseLib/OUTPUT/BaseLib.lib(MultU64x32.obj)
                              SafeString.obj (symbol from plugin) (MultU64x32)
/home/core/edk2-dipper/workspace/Build/XiaomiMI8Pkg/DEBUG_GCC5/AARCH64/MdePkg/Library/BaseLib/BaseLib/OUTPUT/BaseLib.lib(DivU64x32.obj)
                              SafeString.obj (symbol from plugin) (DivU64x32)
/home/core/edk2-dipper/workspace/Build/XiaomiMI8Pkg/DEBUG_GCC5/AARCH64/ArmPkg/Library/ArmLib/ArmBaseLib/OUTPUT/ArmBaseLib.lib(ArmLib.obj)
                              ArmCacheMaintenanceLib.obj (symbol from plugin) (ArmDataCacheLineLength)
/home/core/edk2-dipper/workspace/Build/XiaomiMI8Pkg/DEBUG_GCC5/AARCH64/ArmPkg/Library/ArmLib/ArmBaseLib/OUTPUT/ArmBaseLib.lib(ArmLibSupport.obj)
                              ArmLib.obj (symbol from plugin) (ArmCacheInfo)
/home/core/edk2-dipper/workspace/Build/XiaomiMI8Pkg/DEBUG_GCC5/AARCH64/ArmPkg/Library/ArmLib/ArmBaseLib/OUTPUT/ArmBaseLib.lib(AArch64Support.obj)
                              ArmCacheMaintenanceLib.obj (symbol from plugin) (ArmInvalidateDataCacheEntryByMVA)
/home/core/edk2-dipper/workspace/Build/XiaomiMI8Pkg/DEBUG_GCC5/AARCH64/XiaomiMI8Pkg/Library/FrameBufferSerialPortLib/FrameBufferSerialPortLib/OUTPUT/FrameBufferSerialPortLib.lib(FrameBufferSerialPortLib.obj)
                              DebugLib.obj (symbol from plugin) (SerialPortInitialize)
/home/core/edk2-dipper/workspace/Build/XiaomiMI8Pkg/DEBUG_GCC5/AARCH64/MdePkg/Library/BasePrintLib/BasePrintLib/OUTPUT/BasePrintLib.lib(PrintLib.obj)
                              DebugLib.obj (symbol from plugin) (AsciiVSPrint)
/home/core/edk2-dipper/workspace/Build/XiaomiMI8Pkg/DEBUG_GCC5/AARCH64/MdePkg/Library/BasePrintLib/BasePrintLib/OUTPUT/BasePrintLib.lib(PrintLibInternal.obj)
                              PrintLib.obj (symbol from plugin) (BasePrintLibConvertValueToString)
/home/core/edk2-dipper/workspace/Build/XiaomiMI8Pkg/DEBUG_GCC5/AARCH64/MdePkg/Library/BaseDebugPrintErrorLevelLib/BaseDebugPrintErrorLevelLib/OUTPUT/BaseDebugPrintErrorLevelLib.lib(BaseDebugPrintErrorLevelLib.obj)
                              DebugLib.obj (symbol from plugin) (GetDebugPrintErrorLevel)
/home/core/edk2-dipper/workspace/Build/XiaomiMI8Pkg/DEBUG_GCC5/AARCH64/MdePkg/Library/UefiMemoryAllocationLib/UefiMemoryAllocationLib/OUTPUT/UefiMemoryAllocationLib.lib(MemoryAllocationLib.obj)
                              UefiLib.obj (symbol from plugin) (AllocatePool)
/home/core/edk2-dipper/workspace/Build/XiaomiMI8Pkg/DEBUG_GCC5/AARCH64/MdePkg/Library/UefiDevicePathLib/UefiDevicePathLib/OUTPUT/UefiDevicePathLib.lib(DevicePathUtilities.obj)
                              UefiLib.obj (symbol from plugin) (DevicePathType)
/home/core/edk2-dipper/workspace/Build/XiaomiMI8Pkg/DEBUG_GCC5/AARCH64/MdePkg/Library/UefiDevicePathLib/UefiDevicePathLib/OUTPUT/UefiDevicePathLib.lib(UefiDevicePathLib.obj)
                              ReportStatusCodeLib.obj (symbol from plugin) (GetDevicePathSize)
/home/core/edk2-dipper/workspace/Build/XiaomiMI8Pkg/DEBUG_GCC5/AARCH64/MdePkg/Library/UefiDevicePathLib/UefiDevicePathLib/OUTPUT/UefiDevicePathLib.lib(DevicePathToText.obj)
                              UefiDevicePathLib.obj (symbol from plugin) (UefiDevicePathLibConvertDeviceNodeToText)
/home/core/edk2-dipper/workspace/Build/XiaomiMI8Pkg/DEBUG_GCC5/AARCH64/MdePkg/Library/UefiDevicePathLib/UefiDevicePathLib/OUTPUT/UefiDevicePathLib.lib(DevicePathFromText.obj)
                              UefiDevicePathLib.obj (symbol from plugin) (UefiDevicePathLibConvertTextToDeviceNode)
/home/core/edk2-dipper/workspace/Build/XiaomiMI8Pkg/DEBUG_GCC5/AARCH64/ArmPkg/Library/DebugPeCoffExtraActionLib/DebugPeCoffExtraActionLib/OUTPUT/DebugUnixPeCoffExtraActionLib.lib(DebugPeCoffExtraActionLib.obj)
                              BasePeCoff.obj (symbol from plugin) (PeCoffLoaderRelocateImageExtraAction)
/home/core/edk2-dipper/workspace/Build/XiaomiMI8Pkg/DEBUG_GCC5/AARCH64/MdePkg/Library/BaseLib/BaseLib/OUTPUT/BaseLib.lib(SwapBytes64.obj)
                              DevicePathFromText.obj (symbol from plugin) (SwapBytes64)
/home/core/edk2-dipper/workspace/Build/XiaomiMI8Pkg/DEBUG_GCC5/AARCH64/MdePkg/Library/BaseLib/BaseLib/OUTPUT/BaseLib.lib(DivU64x32Remainder.obj)
                              PrintLibInternal.obj (symbol from plugin) (DivU64x32Remainder)
/home/core/edk2-dipper/workspace/Build/XiaomiMI8Pkg/DEBUG_GCC5/AARCH64/ArmPkg/Library/ArmLib/ArmBaseLib/OUTPUT/ArmBaseLib.lib(ArmLibSupportV8.obj)
                              FrameBufferSerialPortLib.obj (symbol from plugin) (ArmEnableInterrupts)

Discarded input sections

 .text          0x0000000000000000       0x10 /home/core/edk2/ArmPkg/Library/GccLto/liblto-aarch64.a
 .data          0x0000000000000000        0x0 /home/core/edk2/ArmPkg/Library/GccLto/liblto-aarch64.a
 .bss           0x0000000000000000        0x0 /home/core/edk2/ArmPkg/Library/GccLto/liblto-aarch64.a
 .text          0x0000000000000000        0x0 /tmp/ccMXy5qv.ltrans0.ltrans.o
 .data          0x0000000000000000        0x0 /tmp/ccMXy5qv.ltrans0.ltrans.o
 .bss           0x0000000000000000        0x0 /tmp/ccMXy5qv.ltrans0.ltrans.o
 .text.ReportStatusCode.constprop.3
                0x0000000000000000        0x8 /tmp/ccMXy5qv.ltrans0.ltrans.o
 .text.CpuDeadLoop
                0x0000000000000000       0x18 /tmp/ccMXy5qv.ltrans0.ltrans.o
 .text.StrnLenS
                0x0000000000000000       0x7c /tmp/ccMXy5qv.ltrans0.ltrans.o
 .text._DriverUnloadHandler
                0x0000000000000000       0x20 /tmp/ccMXy5qv.ltrans0.ltrans.o
 .text.__memset
                0x0000000000000000       0x1c /tmp/ccMXy5qv.ltrans0.ltrans.o
 .rodata.StrnLenS.str1.1
                0x0000000000000000       0x57 /tmp/ccMXy5qv.ltrans0.ltrans.o
 .comment       0x0000000000000000       0x31 /tmp/ccMXy5qv.ltrans0.ltrans.o
 .note.GNU-stack
                0x0000000000000000        0x0 /tmp/ccMXy5qv.ltrans0.ltrans.o
 .text          0x0000000000000000        0x8 /home/core/edk2-dipper/workspace/Build/XiaomiMI8Pkg/DEBUG_GCC5/AARCH64/MdePkg/Library/BaseLib/BaseLib/OUTPUT/BaseLib.lib(CpuBreakpoint.obj)
 .data          0x0000000000000000        0x0 /home/core/edk2-dipper/workspace/Build/XiaomiMI8Pkg/DEBUG_GCC5/AARCH64/MdePkg/Library/BaseLib/BaseLib/OUTPUT/BaseLib.lib(CpuBreakpoint.obj)
 .bss           0x0000000000000000        0x0 /home/core/edk2-dipper/workspace/Build/XiaomiMI8Pkg/DEBUG_GCC5/AARCH64/MdePkg/Library/BaseLib/BaseLib/OUTPUT/BaseLib.lib(CpuBreakpoint.obj)
 .text          0x0000000000000000      0x200 /home/core/edk2-dipper/workspace/Build/XiaomiMI8Pkg/DEBUG_GCC5/AARCH64/MdePkg/Library/BaseMemoryLibOptDxe/BaseMemoryLibOptDxe/OUTPUT/BaseMemoryLibOptDxe.lib(SetMem.obj)
 .data          0x0000000000000000        0x0 /home/core/edk2-dipper/workspace/Build/XiaomiMI8Pkg/DEBUG_GCC5/AARCH64/MdePkg/Library/BaseMemoryLibOptDxe/BaseMemoryLibOptDxe/OUTPUT/BaseMemoryLibOptDxe.lib(SetMem.obj)
 .bss           0x0000000000000000        0x0 /home/core/edk2-dipper/workspace/Build/XiaomiMI8Pkg/DEBUG_GCC5/AARCH64/MdePkg/Library/BaseMemoryLibOptDxe/BaseMemoryLibOptDxe/OUTPUT/BaseMemoryLibOptDxe.lib(SetMem.obj)
 .text          0x0000000000000000      0x218 /home/core/edk2-dipper/workspace/Build/XiaomiMI8Pkg/DEBUG_GCC5/AARCH64/MdePkg/Library/BaseMemoryLibOptDxe/BaseMemoryLibOptDxe/OUTPUT/BaseMemoryLibOptDxe.lib(CopyMem.obj)
 .data          0x0000000000000000        0x0 /home/core/edk2-dipper/workspace/Build/XiaomiMI8Pkg/DEBUG_GCC5/AARCH64/MdePkg/Library/BaseMemoryLibOptDxe/BaseMemoryLibOptDxe/OUTPUT/BaseMemoryLibOptDxe.lib(CopyMem.obj)
 .bss           0x0000000000000000        0x0 /home/core/edk2-dipper/workspace/Build/XiaomiMI8Pkg/DEBUG_GCC5/AARCH64/MdePkg/Library/BaseMemoryLibOptDxe/BaseMemoryLibOptDxe/OUTPUT/BaseMemoryLibOptDxe.lib(CopyMem.obj)
 .data          0x0000000000000000        0x0 /home/core/edk2-dipper/workspace/Build/XiaomiMI8Pkg/DEBUG_GCC5/AARCH64/MdePkg/Library/BaseMemoryLibOptDxe/BaseMemoryLibOptDxe/OUTPUT/BaseMemoryLibOptDxe.lib(CompareGuid.obj)
 .bss           0x0000000000000000        0x0 /home/core/edk2-dipper/workspace/Build/XiaomiMI8Pkg/DEBUG_GCC5/AARCH64/MdePkg/Library/BaseMemoryLibOptDxe/BaseMemoryLibOptDxe/OUTPUT/BaseMemoryLibOptDxe.lib(CompareGuid.obj)
 .text          0x0000000000000000        0x0 /home/core/edk2-dipper/workspace/Build/XiaomiMI8Pkg/DEBUG_GCC5/AARCH64/ArmPkg/Library/ArmLib/ArmBaseLib/OUTPUT/ArmBaseLib.lib(ArmLibSupport.obj)
 .data          0x0000000000000000        0x0 /home/core/edk2-dipper/workspace/Build/XiaomiMI8Pkg/DEBUG_GCC5/AARCH64/ArmPkg/Library/ArmLib/ArmBaseLib/OUTPUT/ArmBaseLib.lib(ArmLibSupport.obj)
 .bss           0x0000000000000000        0x0 /home/core/edk2-dipper/workspace/Build/XiaomiMI8Pkg/DEBUG_GCC5/AARCH64/ArmPkg/Library/ArmLib/ArmBaseLib/OUTPUT/ArmBaseLib.lib(ArmLibSupport.obj)
 .text.ArmReadMidr
                0x0000000000000000        0x8 /home/core/edk2-dipper/workspace/Build/XiaomiMI8Pkg/DEBUG_GCC5/AARCH64/ArmPkg/Library/ArmLib/ArmBaseLib/OUTPUT/ArmBaseLib.lib(ArmLibSupport.obj)
 .text.ArmGetFiqState
                0x0000000000000000       0x10 /home/core/edk2-dipper/workspace/Build/XiaomiMI8Pkg/DEBUG_GCC5/AARCH64/ArmPkg/Library/ArmLib/ArmBaseLib/OUTPUT/ArmBaseLib.lib(ArmLibSupport.obj)
 .text.ArmWriteCpacr
                0x0000000000000000        0x8 /home/core/edk2-dipper/workspace/Build/XiaomiMI8Pkg/DEBUG_GCC5/AARCH64/ArmPkg/Library/ArmLib/ArmBaseLib/OUTPUT/ArmBaseLib.lib(ArmLibSupport.obj)
 .text.ArmWriteAuxCr
                0x0000000000000000       0x28 /home/core/edk2-dipper/workspace/Build/XiaomiMI8Pkg/DEBUG_GCC5/AARCH64/ArmPkg/Library/ArmLib/ArmBaseLib/OUTPUT/ArmBaseLib.lib(ArmLibSupport.obj)
 .text.ArmReadAuxCr
                0x0000000000000000       0x28 /home/core/edk2-dipper/workspace/Build/XiaomiMI8Pkg/DEBUG_GCC5/AARCH64/ArmPkg/Library/ArmLib/ArmBaseLib/OUTPUT/ArmBaseLib.lib(ArmLibSupport.obj)
 .text.ArmSetTTBR0
                0x0000000000000000       0x34 /home/core/edk2-dipper/workspace/Build/XiaomiMI8Pkg/DEBUG_GCC5/AARCH64/ArmPkg/Library/ArmLib/ArmBaseLib/OUTPUT/ArmBaseLib.lib(ArmLibSupport.obj)
 .text.ArmGetTTBR0BaseAddress
                0x0000000000000000       0x30 /home/core/edk2-dipper/workspace/Build/XiaomiMI8Pkg/DEBUG_GCC5/AARCH64/ArmPkg/Library/ArmLib/ArmBaseLib/OUTPUT/ArmBaseLib.lib(ArmLibSupport.obj)
 .text.ArmGetTCR
                0x0000000000000000       0x34 /home/core/edk2-dipper/workspace/Build/XiaomiMI8Pkg/DEBUG_GCC5/AARCH64/ArmPkg/Library/ArmLib/ArmBaseLib/OUTPUT/ArmBaseLib.lib(ArmLibSupport.obj)
 .text.ArmSetTCR
                0x0000000000000000       0x34 /home/core/edk2-dipper/workspace/Build/XiaomiMI8Pkg/DEBUG_GCC5/AARCH64/ArmPkg/Library/ArmLib/ArmBaseLib/OUTPUT/ArmBaseLib.lib(ArmLibSupport.obj)
 .text.ArmGetMAIR
                0x0000000000000000       0x34 /home/core/edk2-dipper/workspace/Build/XiaomiMI8Pkg/DEBUG_GCC5/AARCH64/ArmPkg/Library/ArmLib/ArmBaseLib/OUTPUT/ArmBaseLib.lib(ArmLibSupport.obj)
 .text.ArmSetMAIR
                0x0000000000000000       0x34 /home/core/edk2-dipper/workspace/Build/XiaomiMI8Pkg/DEBUG_GCC5/AARCH64/ArmPkg/Library/ArmLib/ArmBaseLib/OUTPUT/ArmBaseLib.lib(ArmLibSupport.obj)
 .text.ArmUpdateTranslationTableEntry
                0x0000000000000000       0x54 /home/core/edk2-dipper/workspace/Build/XiaomiMI8Pkg/DEBUG_GCC5/AARCH64/ArmPkg/Library/ArmLib/ArmBaseLib/OUTPUT/ArmBaseLib.lib(ArmLibSupport.obj)
 .text.ArmInvalidateTlb
                0x0000000000000000       0x38 /home/core/edk2-dipper/workspace/Build/XiaomiMI8Pkg/DEBUG_GCC5/AARCH64/ArmPkg/Library/ArmLib/ArmBaseLib/OUTPUT/ArmBaseLib.lib(ArmLibSupport.obj)
 .text.ArmWriteCptr
                0x0000000000000000        0x8 /home/core/edk2-dipper/workspace/Build/XiaomiMI8Pkg/DEBUG_GCC5/AARCH64/ArmPkg/Library/ArmLib/ArmBaseLib/OUTPUT/ArmBaseLib.lib(ArmLibSupport.obj)
 .text.ArmWriteScr
                0x0000000000000000        0xc /home/core/edk2-dipper/workspace/Build/XiaomiMI8Pkg/DEBUG_GCC5/AARCH64/ArmPkg/Library/ArmLib/ArmBaseLib/OUTPUT/ArmBaseLib.lib(ArmLibSupport.obj)
 .text.ArmWriteMVBar
                0x0000000000000000        0x8 /home/core/edk2-dipper/workspace/Build/XiaomiMI8Pkg/DEBUG_GCC5/AARCH64/ArmPkg/Library/ArmLib/ArmBaseLib/OUTPUT/ArmBaseLib.lib(ArmLibSupport.obj)
 .text.ArmCallWFE
                0x0000000000000000        0x8 /home/core/edk2-dipper/workspace/Build/XiaomiMI8Pkg/DEBUG_GCC5/AARCH64/ArmPkg/Library/ArmLib/ArmBaseLib/OUTPUT/ArmBaseLib.lib(ArmLibSupport.obj)
 .text.ArmCallSEV
                0x0000000000000000        0x8 /home/core/edk2-dipper/workspace/Build/XiaomiMI8Pkg/DEBUG_GCC5/AARCH64/ArmPkg/Library/ArmLib/ArmBaseLib/OUTPUT/ArmBaseLib.lib(ArmLibSupport.obj)
 .text.ArmReadCpuActlr
                0x0000000000000000        0x8 /home/core/edk2-dipper/workspace/Build/XiaomiMI8Pkg/DEBUG_GCC5/AARCH64/ArmPkg/Library/ArmLib/ArmBaseLib/OUTPUT/ArmBaseLib.lib(ArmLibSupport.obj)
 .text.ArmWriteCpuActlr
                0x0000000000000000       0x10 /home/core/edk2-dipper/workspace/Build/XiaomiMI8Pkg/DEBUG_GCC5/AARCH64/ArmPkg/Library/ArmLib/ArmBaseLib/OUTPUT/ArmBaseLib.lib(ArmLibSupport.obj)
 .text.ArmReadSctlr
                0x0000000000000000       0x30 /home/core/edk2-dipper/workspace/Build/XiaomiMI8Pkg/DEBUG_GCC5/AARCH64/ArmPkg/Library/ArmLib/ArmBaseLib/OUTPUT/ArmBaseLib.lib(ArmLibSupport.obj)
 .text.ArmWriteSctlr
                0x0000000000000000       0x30 /home/core/edk2-dipper/workspace/Build/XiaomiMI8Pkg/DEBUG_GCC5/AARCH64/ArmPkg/Library/ArmLib/ArmBaseLib/OUTPUT/ArmBaseLib.lib(ArmLibSupport.obj)
 .text.ArmGetPhysicalAddressBits
                0x0000000000000000       0x24 /home/core/edk2-dipper/workspace/Build/XiaomiMI8Pkg/DEBUG_GCC5/AARCH64/ArmPkg/Library/ArmLib/ArmBaseLib/OUTPUT/ArmBaseLib.lib(ArmLibSupport.obj)
 .text          0x0000000000000000        0x0 /home/core/edk2-dipper/workspace/Build/XiaomiMI8Pkg/DEBUG_GCC5/AARCH64/ArmPkg/Library/ArmLib/ArmBaseLib/OUTPUT/ArmBaseLib.lib(AArch64Support.obj)
 .data          0x0000000000000000        0x0 /home/core/edk2-dipper/workspace/Build/XiaomiMI8Pkg/DEBUG_GCC5/AARCH64/ArmPkg/Library/ArmLib/ArmBaseLib/OUTPUT/ArmBaseLib.lib(AArch64Support.obj)
 .bss           0x0000000000000000        0x0 /home/core/edk2-dipper/workspace/Build/XiaomiMI8Pkg/DEBUG_GCC5/AARCH64/ArmPkg/Library/ArmLib/ArmBaseLib/OUTPUT/ArmBaseLib.lib(AArch64Support.obj)
 .text.ArmInvalidateDataCacheEntryByMVA
                0x0000000000000000        0x8 /home/core/edk2-dipper/workspace/Build/XiaomiMI8Pkg/DEBUG_GCC5/AARCH64/ArmPkg/Library/ArmLib/ArmBaseLib/OUTPUT/ArmBaseLib.lib(AArch64Support.obj)
 .text.ArmCleanDataCacheEntryByMVA
                0x0000000000000000        0x8 /home/core/edk2-dipper/workspace/Build/XiaomiMI8Pkg/DEBUG_GCC5/AARCH64/ArmPkg/Library/ArmLib/ArmBaseLib/OUTPUT/ArmBaseLib.lib(AArch64Support.obj)
 .text.ArmInvalidateDataCacheEntryBySetWay
                0x0000000000000000        0x8 /home/core/edk2-dipper/workspace/Build/XiaomiMI8Pkg/DEBUG_GCC5/AARCH64/ArmPkg/Library/ArmLib/ArmBaseLib/OUTPUT/ArmBaseLib.lib(AArch64Support.obj)
 .text.ArmCleanInvalidateDataCacheEntryBySetWay
                0x0000000000000000        0x8 /home/core/edk2-dipper/workspace/Build/XiaomiMI8Pkg/DEBUG_GCC5/AARCH64/ArmPkg/Library/ArmLib/ArmBaseLib/OUTPUT/ArmBaseLib.lib(AArch64Support.obj)
 .text.ArmCleanDataCacheEntryBySetWay
                0x0000000000000000        0x8 /home/core/edk2-dipper/workspace/Build/XiaomiMI8Pkg/DEBUG_GCC5/AARCH64/ArmPkg/Library/ArmLib/ArmBaseLib/OUTPUT/ArmBaseLib.lib(AArch64Support.obj)
 .text.ArmInvalidateInstructionCache
                0x0000000000000000       0x10 /home/core/edk2-dipper/workspace/Build/XiaomiMI8Pkg/DEBUG_GCC5/AARCH64/ArmPkg/Library/ArmLib/ArmBaseLib/OUTPUT/ArmBaseLib.lib(AArch64Support.obj)
 .text.ArmEnableMmu
                0x0000000000000000       0x88 /home/core/edk2-dipper/workspace/Build/XiaomiMI8Pkg/DEBUG_GCC5/AARCH64/ArmPkg/Library/ArmLib/ArmBaseLib/OUTPUT/ArmBaseLib.lib(AArch64Support.obj)
 .text.ArmDisableMmu
                0x0000000000000000       0x74 /home/core/edk2-dipper/workspace/Build/XiaomiMI8Pkg/DEBUG_GCC5/AARCH64/ArmPkg/Library/ArmLib/ArmBaseLib/OUTPUT/ArmBaseLib.lib(AArch64Support.obj)
 .text.ArmDisableCachesAndMmu
                0x0000000000000000       0x6c /home/core/edk2-dipper/workspace/Build/XiaomiMI8Pkg/DEBUG_GCC5/AARCH64/ArmPkg/Library/ArmLib/ArmBaseLib/OUTPUT/ArmBaseLib.lib(AArch64Support.obj)
 .text.ArmMmuEnabled
                0x0000000000000000       0x34 /home/core/edk2-dipper/workspace/Build/XiaomiMI8Pkg/DEBUG_GCC5/AARCH64/ArmPkg/Library/ArmLib/ArmBaseLib/OUTPUT/ArmBaseLib.lib(AArch64Support.obj)
 .text.ArmEnableDataCache
                0x0000000000000000       0x68 /home/core/edk2-dipper/workspace/Build/XiaomiMI8Pkg/DEBUG_GCC5/AARCH64/ArmPkg/Library/ArmLib/ArmBaseLib/OUTPUT/ArmBaseLib.lib(AArch64Support.obj)
 .text.ArmDisableDataCache
                0x0000000000000000       0x68 /home/core/edk2-dipper/workspace/Build/XiaomiMI8Pkg/DEBUG_GCC5/AARCH64/ArmPkg/Library/ArmLib/ArmBaseLib/OUTPUT/ArmBaseLib.lib(AArch64Support.obj)
 .text.ArmEnableInstructionCache
                0x0000000000000000       0x68 /home/core/edk2-dipper/workspace/Build/XiaomiMI8Pkg/DEBUG_GCC5/AARCH64/ArmPkg/Library/ArmLib/ArmBaseLib/OUTPUT/ArmBaseLib.lib(AArch64Support.obj)
 .text.ArmDisableInstructionCache
                0x0000000000000000       0x68 /home/core/edk2-dipper/workspace/Build/XiaomiMI8Pkg/DEBUG_GCC5/AARCH64/ArmPkg/Library/ArmLib/ArmBaseLib/OUTPUT/ArmBaseLib.lib(AArch64Support.obj)
 .text.ArmEnableAlignmentCheck
                0x0000000000000000       0x58 /home/core/edk2-dipper/workspace/Build/XiaomiMI8Pkg/DEBUG_GCC5/AARCH64/ArmPkg/Library/ArmLib/ArmBaseLib/OUTPUT/ArmBaseLib.lib(AArch64Support.obj)
 .text.ArmDisableAlignmentCheck
                0x0000000000000000       0x68 /home/core/edk2-dipper/workspace/Build/XiaomiMI8Pkg/DEBUG_GCC5/AARCH64/ArmPkg/Library/ArmLib/ArmBaseLib/OUTPUT/ArmBaseLib.lib(AArch64Support.obj)
 .text.ArmEnableStackAlignmentCheck
                0x0000000000000000       0x58 /home/core/edk2-dipper/workspace/Build/XiaomiMI8Pkg/DEBUG_GCC5/AARCH64/ArmPkg/Library/ArmLib/ArmBaseLib/OUTPUT/ArmBaseLib.lib(AArch64Support.obj)
 .text.ArmDisableStackAlignmentCheck
                0x0000000000000000       0x68 /home/core/edk2-dipper/workspace/Build/XiaomiMI8Pkg/DEBUG_GCC5/AARCH64/ArmPkg/Library/ArmLib/ArmBaseLib/OUTPUT/ArmBaseLib.lib(AArch64Support.obj)
 .text.ArmEnableBranchPrediction
                0x0000000000000000        0x4 /home/core/edk2-dipper/workspace/Build/XiaomiMI8Pkg/DEBUG_GCC5/AARCH64/ArmPkg/Library/ArmLib/ArmBaseLib/OUTPUT/ArmBaseLib.lib(AArch64Support.obj)
 .text.ArmDisableBranchPrediction
                0x0000000000000000        0x4 /home/core/edk2-dipper/workspace/Build/XiaomiMI8Pkg/DEBUG_GCC5/AARCH64/ArmPkg/Library/ArmLib/ArmBaseLib/OUTPUT/ArmBaseLib.lib(AArch64Support.obj)
 .text.AArch64AllDataCachesOperation
                0x0000000000000000       0xa8 /home/core/edk2-dipper/workspace/Build/XiaomiMI8Pkg/DEBUG_GCC5/AARCH64/ArmPkg/Library/ArmLib/ArmBaseLib/OUTPUT/ArmBaseLib.lib(AArch64Support.obj)
 .text.ArmDataMemoryBarrier
                0x0000000000000000        0x8 /home/core/edk2-dipper/workspace/Build/XiaomiMI8Pkg/DEBUG_GCC5/AARCH64/ArmPkg/Library/ArmLib/ArmBaseLib/OUTPUT/ArmBaseLib.lib(AArch64Support.obj)
 .text.ArmWriteVBar
                0x0000000000000000       0x34 /home/core/edk2-dipper/workspace/Build/XiaomiMI8Pkg/DEBUG_GCC5/AARCH64/ArmPkg/Library/ArmLib/ArmBaseLib/OUTPUT/ArmBaseLib.lib(AArch64Support.obj)
 .text.ArmReadVBar
                0x0000000000000000       0x30 /home/core/edk2-dipper/workspace/Build/XiaomiMI8Pkg/DEBUG_GCC5/AARCH64/ArmPkg/Library/ArmLib/ArmBaseLib/OUTPUT/ArmBaseLib.lib(AArch64Support.obj)
 .text.ArmEnableVFP
                0x0000000000000000       0x64 /home/core/edk2-dipper/workspace/Build/XiaomiMI8Pkg/DEBUG_GCC5/AARCH64/ArmPkg/Library/ArmLib/ArmBaseLib/OUTPUT/ArmBaseLib.lib(AArch64Support.obj)
 .text.ArmCallWFI
                0x0000000000000000        0x8 /home/core/edk2-dipper/workspace/Build/XiaomiMI8Pkg/DEBUG_GCC5/AARCH64/ArmPkg/Library/ArmLib/ArmBaseLib/OUTPUT/ArmBaseLib.lib(AArch64Support.obj)
 .text.ArmReadMpidr
                0x0000000000000000        0x8 /home/core/edk2-dipper/workspace/Build/XiaomiMI8Pkg/DEBUG_GCC5/AARCH64/ArmPkg/Library/ArmLib/ArmBaseLib/OUTPUT/ArmBaseLib.lib(AArch64Support.obj)
 .text.ArmReadTpidrurw
                0x0000000000000000        0x8 /home/core/edk2-dipper/workspace/Build/XiaomiMI8Pkg/DEBUG_GCC5/AARCH64/ArmPkg/Library/ArmLib/ArmBaseLib/OUTPUT/ArmBaseLib.lib(AArch64Support.obj)
 .text.ArmWriteTpidrurw
                0x0000000000000000        0x8 /home/core/edk2-dipper/workspace/Build/XiaomiMI8Pkg/DEBUG_GCC5/AARCH64/ArmPkg/Library/ArmLib/ArmBaseLib/OUTPUT/ArmBaseLib.lib(AArch64Support.obj)
 .text.ArmIsArchTimerImplemented
                0x0000000000000000        0x8 /home/core/edk2-dipper/workspace/Build/XiaomiMI8Pkg/DEBUG_GCC5/AARCH64/ArmPkg/Library/ArmLib/ArmBaseLib/OUTPUT/ArmBaseLib.lib(AArch64Support.obj)
 .text.ArmReadIdPfr0
                0x0000000000000000        0x8 /home/core/edk2-dipper/workspace/Build/XiaomiMI8Pkg/DEBUG_GCC5/AARCH64/ArmPkg/Library/ArmLib/ArmBaseLib/OUTPUT/ArmBaseLib.lib(AArch64Support.obj)
 .text.ArmReadIdPfr1
                0x0000000000000000        0x8 /home/core/edk2-dipper/workspace/Build/XiaomiMI8Pkg/DEBUG_GCC5/AARCH64/ArmPkg/Library/ArmLib/ArmBaseLib/OUTPUT/ArmBaseLib.lib(AArch64Support.obj)
 .text.ArmWriteHcr
                0x0000000000000000        0x8 /home/core/edk2-dipper/workspace/Build/XiaomiMI8Pkg/DEBUG_GCC5/AARCH64/ArmPkg/Library/ArmLib/ArmBaseLib/OUTPUT/ArmBaseLib.lib(AArch64Support.obj)
 .text.ArmReadHcr
                0x0000000000000000        0x8 /home/core/edk2-dipper/workspace/Build/XiaomiMI8Pkg/DEBUG_GCC5/AARCH64/ArmPkg/Library/ArmLib/ArmBaseLib/OUTPUT/ArmBaseLib.lib(AArch64Support.obj)
 .text.ArmReadCurrentEL
                0x0000000000000000        0x8 /home/core/edk2-dipper/workspace/Build/XiaomiMI8Pkg/DEBUG_GCC5/AARCH64/ArmPkg/Library/ArmLib/ArmBaseLib/OUTPUT/ArmBaseLib.lib(AArch64Support.obj)
 .text.ArmReadCntHctl
                0x0000000000000000        0x8 /home/core/edk2-dipper/workspace/Build/XiaomiMI8Pkg/DEBUG_GCC5/AARCH64/ArmPkg/Library/ArmLib/ArmBaseLib/OUTPUT/ArmBaseLib.lib(AArch64Support.obj)
 .text.ArmWriteCntHctl
                0x0000000000000000        0x8 /home/core/edk2-dipper/workspace/Build/XiaomiMI8Pkg/DEBUG_GCC5/AARCH64/ArmPkg/Library/ArmLib/ArmBaseLib/OUTPUT/ArmBaseLib.lib(AArch64Support.obj)
 .text          0x0000000000000000        0x0 /home/core/edk2-dipper/workspace/Build/XiaomiMI8Pkg/DEBUG_GCC5/AARCH64/ArmPkg/Library/ArmLib/ArmBaseLib/OUTPUT/ArmBaseLib.lib(ArmLibSupportV8.obj)
 .data          0x0000000000000000        0x0 /home/core/edk2-dipper/workspace/Build/XiaomiMI8Pkg/DEBUG_GCC5/AARCH64/ArmPkg/Library/ArmLib/ArmBaseLib/OUTPUT/ArmBaseLib.lib(ArmLibSupportV8.obj)
 .bss           0x0000000000000000        0x0 /home/core/edk2-dipper/workspace/Build/XiaomiMI8Pkg/DEBUG_GCC5/AARCH64/ArmPkg/Library/ArmLib/ArmBaseLib/OUTPUT/ArmBaseLib.lib(ArmLibSupportV8.obj)
 .text.ArmIsMpCore
                0x0000000000000000       0x14 /home/core/edk2-dipper/workspace/Build/XiaomiMI8Pkg/DEBUG_GCC5/AARCH64/ArmPkg/Library/ArmLib/ArmBaseLib/OUTPUT/ArmBaseLib.lib(ArmLibSupportV8.obj)
 .text.ArmEnableAsynchronousAbort
                0x0000000000000000        0xc /home/core/edk2-dipper/workspace/Build/XiaomiMI8Pkg/DEBUG_GCC5/AARCH64/ArmPkg/Library/ArmLib/ArmBaseLib/OUTPUT/ArmBaseLib.lib(ArmLibSupportV8.obj)
 .text.ArmDisableAsynchronousAbort
                0x0000000000000000        0xc /home/core/edk2-dipper/workspace/Build/XiaomiMI8Pkg/DEBUG_GCC5/AARCH64/ArmPkg/Library/ArmLib/ArmBaseLib/OUTPUT/ArmBaseLib.lib(ArmLibSupportV8.obj)
 .text.ArmEnableIrq
                0x0000000000000000        0xc /home/core/edk2-dipper/workspace/Build/XiaomiMI8Pkg/DEBUG_GCC5/AARCH64/ArmPkg/Library/ArmLib/ArmBaseLib/OUTPUT/ArmBaseLib.lib(ArmLibSupportV8.obj)
 .text.ArmDisableIrq
                0x0000000000000000        0xc /home/core/edk2-dipper/workspace/Build/XiaomiMI8Pkg/DEBUG_GCC5/AARCH64/ArmPkg/Library/ArmLib/ArmBaseLib/OUTPUT/ArmBaseLib.lib(ArmLibSupportV8.obj)
 .text.ArmEnableFiq
                0x0000000000000000        0xc /home/core/edk2-dipper/workspace/Build/XiaomiMI8Pkg/DEBUG_GCC5/AARCH64/ArmPkg/Library/ArmLib/ArmBaseLib/OUTPUT/ArmBaseLib.lib(ArmLibSupportV8.obj)
 .text.ArmDisableFiq
                0x0000000000000000        0xc /home/core/edk2-dipper/workspace/Build/XiaomiMI8Pkg/DEBUG_GCC5/AARCH64/ArmPkg/Library/ArmLib/ArmBaseLib/OUTPUT/ArmBaseLib.lib(ArmLibSupportV8.obj)
 .text.ArmDisableAllExceptions
                0x0000000000000000        0xc /home/core/edk2-dipper/workspace/Build/XiaomiMI8Pkg/DEBUG_GCC5/AARCH64/ArmPkg/Library/ArmLib/ArmBaseLib/OUTPUT/ArmBaseLib.lib(ArmLibSupportV8.obj)
 .text.ReadCCSIDR
                0x0000000000000000       0x10 /home/core/edk2-dipper/workspace/Build/XiaomiMI8Pkg/DEBUG_GCC5/AARCH64/ArmPkg/Library/ArmLib/ArmBaseLib/OUTPUT/ArmBaseLib.lib(ArmLibSupportV8.obj)
 .text.ReadCLIDR
                0x0000000000000000        0x8 /home/core/edk2-dipper/workspace/Build/XiaomiMI8Pkg/DEBUG_GCC5/AARCH64/ArmPkg/Library/ArmLib/ArmBaseLib/OUTPUT/ArmBaseLib.lib(ArmLibSupportV8.obj)

Memory Configuration

Name             Origin             Length             Attributes
*default*        0x0000000000000000 0xffffffffffffffff

Linker script and memory map

LOAD /home/core/edk2/ArmPkg/Library/GccLto/liblto-aarch64.a
LOAD /tmp/ccMXy5qv.ltrans0.ltrans.o
START GROUP
LOAD /home/core/edk2-dipper/workspace/Build/XiaomiMI8Pkg/DEBUG_GCC5/AARCH64/MdeModulePkg/Core/RuntimeDxe/RuntimeDxe/OUTPUT/RuntimeDxe.lib
LOAD /home/core/edk2-dipper/workspace/Build/XiaomiMI8Pkg/DEBUG_GCC5/AARCH64/MdePkg/Library/BaseMemoryLibOptDxe/BaseMemoryLibOptDxe/OUTPUT/BaseMemoryLibOptDxe.lib
LOAD /home/core/edk2-dipper/workspace/Build/XiaomiMI8Pkg/DEBUG_GCC5/AARCH64/MdePkg/Library/DxePcdLib/DxePcdLib/OUTPUT/DxePcdLib.lib
LOAD /home/core/edk2-dipper/workspace/Build/XiaomiMI8Pkg/DEBUG_GCC5/AARCH64/MdePkg/Library/BaseLib/BaseLib/OUTPUT/BaseLib.lib
LOAD /home/core/edk2-dipper/workspace/Build/XiaomiMI8Pkg/DEBUG_GCC5/AARCH64/ArmPkg/Library/ArmLib/ArmBaseLib/OUTPUT/ArmBaseLib.lib
LOAD /home/core/edk2-dipper/workspace/Build/XiaomiMI8Pkg/DEBUG_GCC5/AARCH64/MdePkg/Library/BaseIoLibIntrinsic/BaseIoLibIntrinsic/OUTPUT/BaseIoLibIntrinsic.lib
LOAD /home/core/edk2-dipper/workspace/Build/XiaomiMI8Pkg/DEBUG_GCC5/AARCH64/ArmPkg/Library/CompilerIntrinsicsLib/CompilerIntrinsicsLib/OUTPUT/CompilerIntrinsicsLib.lib
LOAD /home/core/edk2-dipper/workspace/Build/XiaomiMI8Pkg/DEBUG_GCC5/AARCH64/ArmPkg/Library/ArmCacheMaintenanceLib/ArmCacheMaintenanceLib/OUTPUT/ArmCacheMaintenanceLib.lib
LOAD /home/core/edk2-dipper/workspace/Build/XiaomiMI8Pkg/DEBUG_GCC5/AARCH64/XiaomiMI8Pkg/Library/FrameBufferSerialPortLib/FrameBufferSerialPortLib/OUTPUT/FrameBufferSerialPortLib.lib
LOAD /home/core/edk2-dipper/workspace/Build/XiaomiMI8Pkg/DEBUG_GCC5/AARCH64/MdePkg/Library/BasePrintLib/BasePrintLib/OUTPUT/BasePrintLib.lib
LOAD /home/core/edk2-dipper/workspace/Build/XiaomiMI8Pkg/DEBUG_GCC5/AARCH64/MdePkg/Library/BaseDebugPrintErrorLevelLib/BaseDebugPrintErrorLevelLib/OUTPUT/BaseDebugPrintErrorLevelLib.lib
LOAD /home/core/edk2-dipper/workspace/Build/XiaomiMI8Pkg/DEBUG_GCC5/AARCH64/MdePkg/Library/DxeRuntimeDebugLibSerialPort/DxeRuntimeDebugLibSerialPort/OUTPUT/DxeRuntimeDebugLibSerialPort.lib
LOAD /home/core/edk2-dipper/workspace/Build/XiaomiMI8Pkg/DEBUG_GCC5/AARCH64/MdePkg/Library/UefiBootServicesTableLib/UefiBootServicesTableLib/OUTPUT/UefiBootServicesTableLib.lib
LOAD /home/core/edk2-dipper/workspace/Build/XiaomiMI8Pkg/DEBUG_GCC5/AARCH64/MdePkg/Library/UefiMemoryAllocationLib/UefiMemoryAllocationLib/OUTPUT/UefiMemoryAllocationLib.lib
LOAD /home/core/edk2-dipper/workspace/Build/XiaomiMI8Pkg/DEBUG_GCC5/AARCH64/MdePkg/Library/UefiDevicePathLib/UefiDevicePathLib/OUTPUT/UefiDevicePathLib.lib
LOAD /home/core/edk2-dipper/workspace/Build/XiaomiMI8Pkg/DEBUG_GCC5/AARCH64/MdePkg/Library/UefiRuntimeServicesTableLib/UefiRuntimeServicesTableLib/OUTPUT/UefiRuntimeServicesTableLib.lib
LOAD /home/core/edk2-dipper/workspace/Build/XiaomiMI8Pkg/DEBUG_GCC5/AARCH64/MdePkg/Library/UefiLib/UefiLib/OUTPUT/UefiLib.lib
LOAD /home/core/edk2-dipper/workspace/Build/XiaomiMI8Pkg/DEBUG_GCC5/AARCH64/MdePkg/Library/DxeHobLib/DxeHobLib/OUTPUT/DxeHobLib.lib
LOAD /home/core/edk2-dipper/workspace/Build/XiaomiMI8Pkg/DEBUG_GCC5/AARCH64/ArmPkg/Library/DebugPeCoffExtraActionLib/DebugPeCoffExtraActionLib/OUTPUT/DebugUnixPeCoffExtraActionLib.lib
LOAD /home/core/edk2-dipper/workspace/Build/XiaomiMI8Pkg/DEBUG_GCC5/AARCH64/MdePkg/Library/UefiRuntimeLib/UefiRuntimeLib/OUTPUT/UefiRuntimeLib.lib
LOAD /home/core/edk2-dipper/workspace/Build/XiaomiMI8Pkg/DEBUG_GCC5/AARCH64/MdePkg/Library/BasePeCoffLib/BasePeCoffLib/OUTPUT/BasePeCoffLib.lib
LOAD /home/core/edk2-dipper/workspace/Build/XiaomiMI8Pkg/DEBUG_GCC5/AARCH64/MdeModulePkg/Library/RuntimeDxeReportStatusCodeLib/RuntimeDxeReportStatusCodeLib/OUTPUT/RuntimeDxeReportStatusCodeLib.lib
LOAD /home/core/edk2-dipper/workspace/Build/XiaomiMI8Pkg/DEBUG_GCC5/AARCH64/MdePkg/Library/UefiDriverEntryPoint/UefiDriverEntryPoint/OUTPUT/UefiDriverEntryPoint.lib
LOAD /home/core/edk2-dipper/workspace/Build/XiaomiMI8Pkg/DEBUG_GCC5/AARCH64/MdePkg/Library/BaseStackCheckLib/BaseStackCheckLib/OUTPUT/BaseStackCheckLib.lib
END GROUP
                0x0000000000000228                . = PECOFF_HEADER_SIZE

.gnu.version_d  0x0000000000000228        0x0
 .gnu.version_d
                0x0000000000000228        0x0 /home/core/edk2/ArmPkg/Library/GccLto/liblto-aarch64.a

.gnu.version    0x0000000000000228        0x0
 .gnu.version   0x0000000000000228        0x0 /home/core/edk2/ArmPkg/Library/GccLto/liblto-aarch64.a

.gnu.version_r  0x0000000000000228        0x0
 .gnu.version_r
                0x0000000000000228        0x0 /home/core/edk2/ArmPkg/Library/GccLto/liblto-aarch64.a

.text           0x0000000000010000     0x45b0
 *(.text .text.* .stub .gnu.linkonce.t.*)
 .text.GetDebugPrintErrorLevel
                0x0000000000010000        0x8 /tmp/ccMXy5qv.ltrans0.ltrans.o
 .text.BasePrintLibFillBuffer
                0x0000000000010008       0x34 /tmp/ccMXy5qv.ltrans0.ltrans.o
 .text.AsciiStrnLenS
                0x000000000001003c       0x3c /tmp/ccMXy5qv.ltrans0.ltrans.o
 .text.ReportStatusCodeLibVirtualAddressChange
                0x0000000000010078       0x28 /tmp/ccMXy5qv.ltrans0.ltrans.o
 .text.InternalGetReportStatusCode
                0x00000000000100a0       0x60 /tmp/ccMXy5qv.ltrans0.ltrans.o
 .text.ReportStatusCodeLibExitBootServices
                0x0000000000010100       0x20 /tmp/ccMXy5qv.ltrans0.ltrans.o
 .text.RuntimeLibVirtualNotifyEvent
                0x0000000000010120       0x1c /tmp/ccMXy5qv.ltrans0.ltrans.o
 .text.RuntimeLibExitBootServicesEvent
                0x000000000001013c        0x4 /tmp/ccMXy5qv.ltrans0.ltrans.o
 .text.DebugPrintEnabled
                0x0000000000010140        0x8 /tmp/ccMXy5qv.ltrans0.ltrans.o
 .text.DebugAssertEnabled
                0x0000000000010148        0x8 /tmp/ccMXy5qv.ltrans0.ltrans.o
 .text.ExitBootServicesEvent
                0x0000000000010150       0x10 /tmp/ccMXy5qv.ltrans0.ltrans.o
 .text.RuntimeDriverConvertPointer
                0x0000000000010160       0xa0 /tmp/ccMXy5qv.ltrans0.ltrans.o
 .text.RuntimeDriverConvertInternalPointer
                0x0000000000010200        0xc /tmp/ccMXy5qv.ltrans0.ltrans.o
 .text.SerialPortInitialize
                0x000000000001020c       0x84 /tmp/ccMXy5qv.ltrans0.ltrans.o
 .text.FbConFlush
                0x0000000000010290       0x54 /tmp/ccMXy5qv.ltrans0.ltrans.o
 .text.SerialPortWrite
                0x00000000000102e4      0x414 /tmp/ccMXy5qv.ltrans0.ltrans.o
 .text.DebugAssert
                0x00000000000106f8       0x8c /tmp/ccMXy5qv.ltrans0.ltrans.o
 .text.CompareGuid.constprop.11
                0x0000000000010784       0x50 /tmp/ccMXy5qv.ltrans0.ltrans.o
 .text.unlikely.ReadUnaligned16
                0x00000000000107d4       0x68 /tmp/ccMXy5qv.ltrans0.ltrans.o
 .text.BasePrintLibSPrintMarker.constprop.26
                0x000000000001083c      0xcbc /tmp/ccMXy5qv.ltrans0.ltrans.o
 .text.unlikely.BasePrintLibSPrint.constprop.27
                0x00000000000114f8       0x98 /tmp/ccMXy5qv.ltrans0.ltrans.o
 .text.AsciiVSPrint.constprop.25
                0x0000000000011590       0x44 /tmp/ccMXy5qv.ltrans0.ltrans.o
 .text.AsciiSPrint.constprop.24
                0x00000000000115d4       0x90 /tmp/ccMXy5qv.ltrans0.ltrans.o
 .text.AsciiStrLen
                0x0000000000011664       0x80 /tmp/ccMXy5qv.ltrans0.ltrans.o
 .text.DebugPrint.constprop.20
                0x00000000000116e4       0xfc /tmp/ccMXy5qv.ltrans0.ltrans.o
 .text.PeCoffLoaderRelocateImageForRuntime
                0x00000000000117e0      0x23c /tmp/ccMXy5qv.ltrans0.ltrans.o
 .text.CalculateCrc32
                0x0000000000011a1c       0xa4 /tmp/ccMXy5qv.ltrans0.ltrans.o
 .text.RuntimeDriverCalculateCrc32
                0x0000000000011ac0       0x44 /tmp/ccMXy5qv.ltrans0.ltrans.o
 .text.ProcessLibraryDestructorList
                0x0000000000011b04      0x298 /tmp/ccMXy5qv.ltrans0.ltrans.o
 .text.InvalidateInstructionCacheRange
                0x0000000000011d9c       0xa4 /tmp/ccMXy5qv.ltrans0.ltrans.o
 .text.RuntimeDriverSetVirtualAddressMap
                0x0000000000011e40      0x270 /tmp/ccMXy5qv.ltrans0.ltrans.o
 .text.RuntimeDriverSetVirtualAddressMap.stub
                0x00000000000120b0        0xc linker stubs
 .text.__stack_chk_fail
                0x00000000000130b0       0x34 /tmp/ccMXy5qv.ltrans0.ltrans.o
                0x00000000000130b0                __stack_chk_fail
 .text._ModuleEntryPoint
                0x00000000000130e4      0x63c /tmp/ccMXy5qv.ltrans0.ltrans.o
                0x00000000000130e4                _ModuleEntryPoint
 .text.memcpy   0x0000000000013720       0x20 /tmp/ccMXy5qv.ltrans0.ltrans.o
                0x0000000000013720                memcpy
 .text          0x0000000000013740       0x20 /home/core/edk2-dipper/workspace/Build/XiaomiMI8Pkg/DEBUG_GCC5/AARCH64/MdePkg/Library/BaseMemoryLibOptDxe/BaseMemoryLibOptDxe/OUTPUT/BaseMemoryLibOptDxe.lib(CompareGuid.obj)
                0x0000000000013740                InternalMemCompareGuid
 .text.ArmCacheInfo
                0x0000000000013760        0x8 /home/core/edk2-dipper/workspace/Build/XiaomiMI8Pkg/DEBUG_GCC5/AARCH64/ArmPkg/Library/ArmLib/ArmBaseLib/OUTPUT/ArmBaseLib.lib(ArmLibSupport.obj)
                0x0000000000013760                ArmCacheInfo
 .text.ArmGetInterruptState
                0x0000000000013768       0x10 /home/core/edk2-dipper/workspace/Build/XiaomiMI8Pkg/DEBUG_GCC5/AARCH64/ArmPkg/Library/ArmLib/ArmBaseLib/OUTPUT/ArmBaseLib.lib(ArmLibSupport.obj)
                0x0000000000013768                ArmGetInterruptState
 .text.ArmCleanDataCacheEntryToPoUByMVA
                0x0000000000013778        0x8 /home/core/edk2-dipper/workspace/Build/XiaomiMI8Pkg/DEBUG_GCC5/AARCH64/ArmPkg/Library/ArmLib/ArmBaseLib/OUTPUT/ArmBaseLib.lib(AArch64Support.obj)
                0x0000000000013778                ArmCleanDataCacheEntryToPoUByMVA
 .text.ArmInvalidateInstructionCacheEntryToPoUByMVA
                0x0000000000013780        0x8 /home/core/edk2-dipper/workspace/Build/XiaomiMI8Pkg/DEBUG_GCC5/AARCH64/ArmPkg/Library/ArmLib/ArmBaseLib/OUTPUT/ArmBaseLib.lib(AArch64Support.obj)
                0x0000000000013780                ArmInvalidateInstructionCacheEntryToPoUByMVA
 .text.ArmCleanInvalidateDataCacheEntryByMVA
                0x0000000000013788        0x8 /home/core/edk2-dipper/workspace/Build/XiaomiMI8Pkg/DEBUG_GCC5/AARCH64/ArmPkg/Library/ArmLib/ArmBaseLib/OUTPUT/ArmBaseLib.lib(AArch64Support.obj)
                0x0000000000013788                ArmCleanInvalidateDataCacheEntryByMVA
 .text.ArmDataSynchronizationBarrier
                0x0000000000013790        0x8 /home/core/edk2-dipper/workspace/Build/XiaomiMI8Pkg/DEBUG_GCC5/AARCH64/ArmPkg/Library/ArmLib/ArmBaseLib/OUTPUT/ArmBaseLib.lib(AArch64Support.obj)
                0x0000000000013790                ArmDataSynchronizationBarrier
 .text.ArmInstructionSynchronizationBarrier
                0x0000000000013798        0x8 /home/core/edk2-dipper/workspace/Build/XiaomiMI8Pkg/DEBUG_GCC5/AARCH64/ArmPkg/Library/ArmLib/ArmBaseLib/OUTPUT/ArmBaseLib.lib(AArch64Support.obj)
                0x0000000000013798                ArmInstructionSynchronizationBarrier
 .text.ArmEnableInterrupts
                0x00000000000137a0        0xc /home/core/edk2-dipper/workspace/Build/XiaomiMI8Pkg/DEBUG_GCC5/AARCH64/ArmPkg/Library/ArmLib/ArmBaseLib/OUTPUT/ArmBaseLib.lib(ArmLibSupportV8.obj)
                0x00000000000137a0                ArmEnableInterrupts
 .text.ArmDisableInterrupts
                0x00000000000137ac        0xc /home/core/edk2-dipper/workspace/Build/XiaomiMI8Pkg/DEBUG_GCC5/AARCH64/ArmPkg/Library/ArmLib/ArmBaseLib/OUTPUT/ArmBaseLib.lib(ArmLibSupportV8.obj)
                0x00000000000137ac                ArmDisableInterrupts
 *(.rodata .rodata.* .gnu.linkonce.r.*)
 .rodata.PeCoffLoaderRelocateImageForRuntime
                0x00000000000137b8        0xb /tmp/ccMXy5qv.ltrans0.ltrans.o
 .rodata.AsciiStrLen.str1.1
                0x00000000000137c3       0x68 /tmp/ccMXy5qv.ltrans0.ltrans.o
 .rodata.BasePrintLibSPrintMarker.constprop.26.str1.1
                0x000000000001382b      0x16f /tmp/ccMXy5qv.ltrans0.ltrans.o
 .rodata.CalculateCrc32.str1.1
                0x000000000001399a       0x6b /tmp/ccMXy5qv.ltrans0.ltrans.o
 .rodata.CompareGuid.constprop.11.str1.1
                0x0000000000013a05       0x5a /tmp/ccMXy5qv.ltrans0.ltrans.o
 .rodata.DebugAssert.str1.1
                0x0000000000013a5f       0x23 /tmp/ccMXy5qv.ltrans0.ltrans.o
 .rodata.PeCoffLoaderRelocateImageForRuntime.str1.1
                0x0000000000013a82       0x4c /tmp/ccMXy5qv.ltrans0.ltrans.o
 .rodata.ProcessLibraryDestructorList.str1.1
                0x0000000000013ace      0x15c /tmp/ccMXy5qv.ltrans0.ltrans.o
 .rodata.ReadUnaligned16.str1.1
                0x0000000000013c2a       0x4e /tmp/ccMXy5qv.ltrans0.ltrans.o
 .rodata.RuntimeDriverSetVirtualAddressMap.str1.1
                0x0000000000013c78       0x37 /tmp/ccMXy5qv.ltrans0.ltrans.o
 .rodata._ModuleEntryPoint.str1.1
                0x0000000000013caf      0x13c /tmp/ccMXy5qv.ltrans0.ltrans.o
 .rodata.__stack_chk_fail.str1.1
                0x0000000000013deb       0x2e /tmp/ccMXy5qv.ltrans0.ltrans.o
 *fill*         0x0000000000013e19        0x3 
 .rodata.mCrcTable
                0x0000000000013e1c      0x400 /tmp/ccMXy5qv.ltrans0.ltrans.o
 .rodata.mHexStr
                0x000000000001421c       0x10 /tmp/ccMXy5qv.ltrans0.ltrans.o
 *fill*         0x000000000001422c        0x4 
 .rodata.mStatusString
                0x0000000000014230      0x138 /tmp/ccMXy5qv.ltrans0.ltrans.o
 .rodata.str1.1
                0x0000000000014368      0x224 /tmp/ccMXy5qv.ltrans0.ltrans.o
                                        0x235 (size before relaxing)
 *(.got .got.*)
 *fill*         0x000000000001458c        0x4 
 .got           0x0000000000014590        0x8 /home/core/edk2/ArmPkg/Library/GccLto/liblto-aarch64.a
                0x0000000000014590                _GLOBAL_OFFSET_TABLE_
 .got.plt       0x0000000000014598       0x18 /home/core/edk2/ArmPkg/Library/GccLto/liblto-aarch64.a
 *:AutoGen.obj(.data.g*Guid)

.plt            0x00000000000145b0        0x0
 .plt           0x00000000000145b0        0x0 /home/core/edk2/ArmPkg/Library/GccLto/liblto-aarch64.a

.data           0x0000000000020000      0x488
 *(.data .data.* .gnu.linkonce.d.*)
 .data.rel.ro   0x0000000000020000        0x0 /home/core/edk2/ArmPkg/Library/GccLto/liblto-aarch64.a
 .data.__stack_chk_guard
                0x0000000000020000        0x8 /tmp/ccMXy5qv.ltrans0.ltrans.o
                0x0000000000020000                __stack_chk_guard
 .data.font5x12
                0x0000000000020008      0x300 /tmp/ccMXy5qv.ltrans0.ltrans.o
 .data.gEfiEventExitBootServicesGuid
                0x0000000000020308       0x10 /tmp/ccMXy5qv.ltrans0.ltrans.o
 .data.gEfiEventVirtualAddressChangeGuid
                0x0000000000020318       0x10 /tmp/ccMXy5qv.ltrans0.ltrans.o
 .data.gEfiHobListGuid
                0x0000000000020328       0x10 /tmp/ccMXy5qv.ltrans0.ltrans.o
 .data.gEfiLoadedImageProtocolGuid
                0x0000000000020338       0x10 /tmp/ccMXy5qv.ltrans0.ltrans.o
 .data.gEfiRuntimeArchProtocolGuid
                0x0000000000020348       0x10 /tmp/ccMXy5qv.ltrans0.ltrans.o
 .data.gEfiStatusCodeRuntimeProtocolGuid
                0x0000000000020358       0x10 /tmp/ccMXy5qv.ltrans0.ltrans.o
 .data.mRuntime
                0x0000000000020368       0x50 /tmp/ccMXy5qv.ltrans0.ltrans.o
 *(.bss .bss.*)
 .bss.gBS       0x00000000000203b8        0x8 /tmp/ccMXy5qv.ltrans0.ltrans.o
 .bss.gImageHandle
                0x00000000000203c0        0x8 /tmp/ccMXy5qv.ltrans0.ltrans.o
 .bss.gRT       0x00000000000203c8        0x8 /tmp/ccMXy5qv.ltrans0.ltrans.o
 .bss.gST       0x00000000000203d0        0x8 /tmp/ccMXy5qv.ltrans0.ltrans.o
 .bss.mEfiAtRuntime.lto_priv.31
                0x00000000000203d8        0x1 /tmp/ccMXy5qv.ltrans0.ltrans.o
 *fill*         0x00000000000203d9        0x7 
 .bss.mEfiExitBootServicesEvent
                0x00000000000203e0        0x8 /tmp/ccMXy5qv.ltrans0.ltrans.o
 .bss.mEfiExitBootServicesEvent.lto_priv.32
                0x00000000000203e8        0x8 /tmp/ccMXy5qv.ltrans0.ltrans.o
 .bss.mEfiVirtualNotifyEvent
                0x00000000000203f0        0x8 /tmp/ccMXy5qv.ltrans0.ltrans.o
 .bss.mHaveExitedBootServices
                0x00000000000203f8        0x1 /tmp/ccMXy5qv.ltrans0.ltrans.o
 *fill*         0x00000000000203f9        0x7 
 .bss.mHobList  0x0000000000020400        0x8 /tmp/ccMXy5qv.ltrans0.ltrans.o
 .bss.mInternalRT
                0x0000000000020408        0x8 /tmp/ccMXy5qv.ltrans0.ltrans.o
 .bss.mMyImageBase
                0x0000000000020410        0x8 /tmp/ccMXy5qv.ltrans0.ltrans.o
 .bss.mReportStatusCodeLibExitBootServicesEvent
                0x0000000000020418        0x8 /tmp/ccMXy5qv.ltrans0.ltrans.o
 .bss.mReportStatusCodeLibStatusCodeProtocol
                0x0000000000020420        0x8 /tmp/ccMXy5qv.ltrans0.ltrans.o
 .bss.mReportStatusCodeLibVirtualAddressChangeEvent
                0x0000000000020428        0x8 /tmp/ccMXy5qv.ltrans0.ltrans.o
 .bss.mRuntimeHandle
                0x0000000000020430        0x8 /tmp/ccMXy5qv.ltrans0.ltrans.o
 .bss.mVirtualMap
                0x0000000000020438        0x8 /tmp/ccMXy5qv.ltrans0.ltrans.o
 .bss.mVirtualMapDescriptorSize
                0x0000000000020440        0x8 /tmp/ccMXy5qv.ltrans0.ltrans.o
 .bss.mVirtualMapMaxIndex
                0x0000000000020448        0x8 /tmp/ccMXy5qv.ltrans0.ltrans.o
 .bss.m_Color   0x0000000000020450       0x10 /tmp/ccMXy5qv.ltrans0.ltrans.o
 .bss.m_Initialized
                0x0000000000020460        0x1 /tmp/ccMXy5qv.ltrans0.ltrans.o
 *fill*         0x0000000000020461        0x7 
 .bss.m_MaxPosition
                0x0000000000020468       0x10 /tmp/ccMXy5qv.ltrans0.ltrans.o
 .bss.m_Position
                0x0000000000020478       0x10 /tmp/ccMXy5qv.ltrans0.ltrans.o

.dynbss         0x0000000000020488        0x0
 .dynbss        0x0000000000020488        0x0 /home/core/edk2/ArmPkg/Library/GccLto/liblto-aarch64.a

.eh_frame
 *(.eh_frame)

.rela           0x0000000000020488      0x408
 *(.rela .rela.*)
 .rela.got      0x0000000000020488        0x0 /home/core/edk2/ArmPkg/Library/GccLto/liblto-aarch64.a
 .rela.plt      0x0000000000020488        0x0 /home/core/edk2/ArmPkg/Library/GccLto/liblto-aarch64.a
 .rela.bss      0x0000000000020488        0x0 /home/core/edk2/ArmPkg/Library/GccLto/liblto-aarch64.a
 .rela.data.rel.ro
                0x0000000000020488        0x0 /home/core/edk2/ArmPkg/Library/GccLto/liblto-aarch64.a
 .rela.ifunc    0x0000000000020488        0x0 /home/core/edk2/ArmPkg/Library/GccLto/liblto-aarch64.a
 .rela.data.mRuntime
                0x0000000000020488       0x60 /home/core/edk2/ArmPkg/Library/GccLto/liblto-aarch64.a
 .rela.rodata.mStatusString
                0x00000000000204e8      0x3a8 /home/core/edk2/ArmPkg/Library/GccLto/liblto-aarch64.a

.hii
 *(.hii)

.build-id       0x0000000000020890       0x24
 *(.note.gnu.build-id)
 .note.gnu.build-id
                0x0000000000020890       0x24 /home/core/edk2/ArmPkg/Library/GccLto/liblto-aarch64.a

/DISCARD/
 *(.note.GNU-stack)
 *(.gnu_debuglink)
 *(.interp)
 *(.dynsym)
 *(.dynstr)
 *(.dynamic)
 *(.hash .gnu.hash)
 *(.comment)
 *(COMMON)
                0x0000000000000228                PECOFF_HEADER_SIZE = 0x228
OUTPUT(/home/core/edk2-dipper/workspace/Build/XiaomiMI8Pkg/DEBUG_GCC5/AARCH64/MdeModulePkg/Core/RuntimeDxe/RuntimeDxe/DEBUG/RuntimeDxe.dll elf64-littleaarch64)

.debug_info     0x0000000000000000     0x62bc
 .debug_info    0x0000000000000000     0x62bc /tmp/ccMXy5qv.ltrans0.ltrans.o

.debug_abbrev   0x0000000000000000      0x649
 .debug_abbrev  0x0000000000000000      0x649 /tmp/ccMXy5qv.ltrans0.ltrans.o

.debug_loc      0x0000000000000000     0x5407
 .debug_loc     0x0000000000000000     0x5407 /tmp/ccMXy5qv.ltrans0.ltrans.o

.debug_aranges  0x0000000000000000      0x290
 .debug_aranges
                0x0000000000000000      0x290 /tmp/ccMXy5qv.ltrans0.ltrans.o

.debug_ranges   0x0000000000000000      0x910
 .debug_ranges  0x0000000000000000      0x910 /tmp/ccMXy5qv.ltrans0.ltrans.o

.debug_line     0x0000000000000000     0x139e
 .debug_line    0x0000000000000000     0x139e /tmp/ccMXy5qv.ltrans0.ltrans.o

.debug_str      0x0000000000000000     0x2915
 .debug_str     0x0000000000000000     0x2915 /tmp/ccMXy5qv.ltrans0.ltrans.o
                                       0x2c6a (size before relaxing)

.debug_frame    0x0000000000000000      0x6d8
 .debug_frame   0x0000000000000000      0x6d8 /tmp/ccMXy5qv.ltrans0.ltrans.o
